Archive member included to satisfy reference by file (symbol)

C:/CubeIDE/STM32CubeIDE_1.16.0/STM32CubeIDE/plugins/com.st.stm32cube.ide.mcu.externaltools.gnu-tools-for-stm32.12.3.rel1.win32_1.0.200.202406191623/tools/bin/../lib/gcc/arm-none-eabi/12.3.1/../../../../arm-none-eabi/lib/thumb/v6-m/nofp\libc_nano.a(libc_a-exit.o)
                              C:/CubeIDE/STM32CubeIDE_1.16.0/STM32CubeIDE/plugins/com.st.stm32cube.ide.mcu.externaltools.gnu-tools-for-stm32.12.3.rel1.win32_1.0.200.202406191623/tools/bin/../lib/gcc/arm-none-eabi/12.3.1/../../../../arm-none-eabi/lib/thumb/v6-m/nofp/crt0.o (exit)
C:/CubeIDE/STM32CubeIDE_1.16.0/STM32CubeIDE/plugins/com.st.stm32cube.ide.mcu.externaltools.gnu-tools-for-stm32.12.3.rel1.win32_1.0.200.202406191623/tools/bin/../lib/gcc/arm-none-eabi/12.3.1/../../../../arm-none-eabi/lib/thumb/v6-m/nofp\libc_nano.a(libc_a-findfp.o)
                              C:/CubeIDE/STM32CubeIDE_1.16.0/STM32CubeIDE/plugins/com.st.stm32cube.ide.mcu.externaltools.gnu-tools-for-stm32.12.3.rel1.win32_1.0.200.202406191623/tools/bin/../lib/gcc/arm-none-eabi/12.3.1/../../../../arm-none-eabi/lib/thumb/v6-m/nofp\libc_nano.a(libc_a-exit.o) (__stdio_exit_handler)
C:/CubeIDE/STM32CubeIDE_1.16.0/STM32CubeIDE/plugins/com.st.stm32cube.ide.mcu.externaltools.gnu-tools-for-stm32.12.3.rel1.win32_1.0.200.202406191623/tools/bin/../lib/gcc/arm-none-eabi/12.3.1/../../../../arm-none-eabi/lib/thumb/v6-m/nofp\libc_nano.a(libc_a-fwalk.o)
                              C:/CubeIDE/STM32CubeIDE_1.16.0/STM32CubeIDE/plugins/com.st.stm32cube.ide.mcu.externaltools.gnu-tools-for-stm32.12.3.rel1.win32_1.0.200.202406191623/tools/bin/../lib/gcc/arm-none-eabi/12.3.1/../../../../arm-none-eabi/lib/thumb/v6-m/nofp\libc_nano.a(libc_a-findfp.o) (_fwalk_sglue)
C:/CubeIDE/STM32CubeIDE_1.16.0/STM32CubeIDE/plugins/com.st.stm32cube.ide.mcu.externaltools.gnu-tools-for-stm32.12.3.rel1.win32_1.0.200.202406191623/tools/bin/../lib/gcc/arm-none-eabi/12.3.1/../../../../arm-none-eabi/lib/thumb/v6-m/nofp\libc_nano.a(libc_a-stdio.o)
                              C:/CubeIDE/STM32CubeIDE_1.16.0/STM32CubeIDE/plugins/com.st.stm32cube.ide.mcu.externaltools.gnu-tools-for-stm32.12.3.rel1.win32_1.0.200.202406191623/tools/bin/../lib/gcc/arm-none-eabi/12.3.1/../../../../arm-none-eabi/lib/thumb/v6-m/nofp\libc_nano.a(libc_a-findfp.o) (__sread)
C:/CubeIDE/STM32CubeIDE_1.16.0/STM32CubeIDE/plugins/com.st.stm32cube.ide.mcu.externaltools.gnu-tools-for-stm32.12.3.rel1.win32_1.0.200.202406191623/tools/bin/../lib/gcc/arm-none-eabi/12.3.1/../../../../arm-none-eabi/lib/thumb/v6-m/nofp\libc_nano.a(libc_a-memset.o)
                              C:/CubeIDE/STM32CubeIDE_1.16.0/STM32CubeIDE/plugins/com.st.stm32cube.ide.mcu.externaltools.gnu-tools-for-stm32.12.3.rel1.win32_1.0.200.202406191623/tools/bin/../lib/gcc/arm-none-eabi/12.3.1/../../../../arm-none-eabi/lib/thumb/v6-m/nofp/crt0.o (memset)
C:/CubeIDE/STM32CubeIDE_1.16.0/STM32CubeIDE/plugins/com.st.stm32cube.ide.mcu.externaltools.gnu-tools-for-stm32.12.3.rel1.win32_1.0.200.202406191623/tools/bin/../lib/gcc/arm-none-eabi/12.3.1/../../../../arm-none-eabi/lib/thumb/v6-m/nofp\libc_nano.a(libc_a-closer.o)
                              C:/CubeIDE/STM32CubeIDE_1.16.0/STM32CubeIDE/plugins/com.st.stm32cube.ide.mcu.externaltools.gnu-tools-for-stm32.12.3.rel1.win32_1.0.200.202406191623/tools/bin/../lib/gcc/arm-none-eabi/12.3.1/../../../../arm-none-eabi/lib/thumb/v6-m/nofp\libc_nano.a(libc_a-stdio.o) (_close_r)
C:/CubeIDE/STM32CubeIDE_1.16.0/STM32CubeIDE/plugins/com.st.stm32cube.ide.mcu.externaltools.gnu-tools-for-stm32.12.3.rel1.win32_1.0.200.202406191623/tools/bin/../lib/gcc/arm-none-eabi/12.3.1/../../../../arm-none-eabi/lib/thumb/v6-m/nofp\libc_nano.a(libc_a-reent.o)
                              C:/CubeIDE/STM32CubeIDE_1.16.0/STM32CubeIDE/plugins/com.st.stm32cube.ide.mcu.externaltools.gnu-tools-for-stm32.12.3.rel1.win32_1.0.200.202406191623/tools/bin/../lib/gcc/arm-none-eabi/12.3.1/../../../../arm-none-eabi/lib/thumb/v6-m/nofp\libc_nano.a(libc_a-closer.o) (errno)
C:/CubeIDE/STM32CubeIDE_1.16.0/STM32CubeIDE/plugins/com.st.stm32cube.ide.mcu.externaltools.gnu-tools-for-stm32.12.3.rel1.win32_1.0.200.202406191623/tools/bin/../lib/gcc/arm-none-eabi/12.3.1/../../../../arm-none-eabi/lib/thumb/v6-m/nofp\libc_nano.a(libc_a-impure.o)
                              C:/CubeIDE/STM32CubeIDE_1.16.0/STM32CubeIDE/plugins/com.st.stm32cube.ide.mcu.externaltools.gnu-tools-for-stm32.12.3.rel1.win32_1.0.200.202406191623/tools/bin/../lib/gcc/arm-none-eabi/12.3.1/../../../../arm-none-eabi/lib/thumb/v6-m/nofp\libc_nano.a(libc_a-reent.o) (_impure_ptr)
C:/CubeIDE/STM32CubeIDE_1.16.0/STM32CubeIDE/plugins/com.st.stm32cube.ide.mcu.externaltools.gnu-tools-for-stm32.12.3.rel1.win32_1.0.200.202406191623/tools/bin/../lib/gcc/arm-none-eabi/12.3.1/../../../../arm-none-eabi/lib/thumb/v6-m/nofp\libc_nano.a(libc_a-lseekr.o)
[...]
Memory Configuration

Name             Origin             Length             Attributes
RAM              0x200000c0         0x00001f40         xrw
FLASH            0x08001800         0x00006800         xr
*default*        0x00000000         0xffffffff

Linker script and memory map

LOAD C:/CubeIDE/STM32CubeIDE_1.16.0/STM32CubeIDE/plugins/com.st.stm32cube.ide.mcu.externaltools.gnu-tools-for-stm32.12.3.rel1.win32_1.0.200.202406191623/tools/bin/../lib/gcc/arm-none-eabi/12.3.1/thumb/v6-m/nofp/crti.o
LOAD C:/CubeIDE/STM32CubeIDE_1.16.0/STM32CubeIDE/plugins/com.st.stm32cube.ide.mcu.externaltools.gnu-tools-for-stm32.12.3.rel1.win32_1.0.200.202406191623/tools/bin/../lib/gcc/arm-none-eabi/12.3.1/thumb/v6-m/nofp/crtbegin.o
LOAD C:/CubeIDE/STM32CubeIDE_1.16.0/STM32CubeIDE/plugins/com.st.stm32cube.ide.mcu.externaltools.gnu-tools-for-stm32.12.3.rel1.win32_1.0.200.202406191623/tools/bin/../lib/gcc/arm-none-eabi/12.3.1/../../../../arm-none-eabi/lib/thumb/v6-m/nofp/crt0.o
LOAD ./Core/Src/RGB.o
LOAD ./Core/Src/dma.o
LOAD ./Core/Src/gpio.o
LOAD ./Core/Src/i2c.o
LOAD ./Core/Src/i2c_ex.o
LOAD ./Core/Src/iwdg.o
LOAD ./Core/Src/main.o
LOAD ./Core/Src/myflash.o
LOAD ./Core/Src/stm32g0xx_hal_msp.o
LOAD ./Core/Src/stm32g0xx_it.o
LOAD ./Core/Src/syscalls.o
LOAD ./Core/Src/sysmem.o
LOAD ./Core/Src/system_stm32g0xx.o
LOAD ./Core/Src/tim.o
LOAD ./Core/Startup/startup_stm32g030f6px.o
LOAD ./Drivers/STM32G0xx_HAL_Driver/Src/stm32g0xx_hal.o
LOAD ./Drivers/STM32G0xx_HAL_Driver/Src/stm32g0xx_hal_cortex.o
LOAD ./Drivers/STM32G0xx_HAL_Driver/Src/stm32g0xx_hal_dma.o
LOAD ./Drivers/STM32G0xx_HAL_Driver/Src/stm32g0xx_hal_dma_ex.o
LOAD ./Drivers/STM32G0xx_HAL_Driver/Src/stm32g0xx_hal_exti.o
LOAD ./Drivers/STM32G0xx_HAL_Driver/Src/stm32g0xx_hal_flash.o
LOAD ./Drivers/STM32G0xx_HAL_Driver/Src/stm32g0xx_hal_flash_ex.o
LOAD ./Drivers/STM32G0xx_HAL_Driver/Src/stm32g0xx_hal_gpio.o
LOAD ./Drivers/STM32G0xx_HAL_Driver/Src/stm32g0xx_hal_pwr.o
LOAD ./Drivers/STM32G0xx_HAL_Driver/Src/stm32g0xx_hal_pwr_ex.o
LOAD ./Drivers/STM32G0xx_HAL_Driver/Src/stm32g0xx_hal_rcc.o
LOAD ./Drivers/STM32G0xx_HAL_Driver/Src/stm32g0xx_hal_rcc_ex.o
LOAD ./Drivers/STM32G0xx_HAL_Driver/Src/stm32g0xx_hal_tim.o
LOAD ./Drivers/STM32G0xx_HAL_Driver/Src/stm32g0xx_hal_tim_ex.o
LOAD ./Drivers/STM32G0xx_HAL_Driver/Src/stm32g0xx_ll_dma.o
LOAD ./Drivers/STM32G0xx_HAL_Driver/Src/stm32g0xx_ll_exti.o
LOAD ./Drivers/STM32G0xx_HAL_Driver/Src/stm32g0xx_ll_gpio.o
LOAD ./Drivers/STM32G0xx_HAL_Driver/Src/stm32g0xx_ll_i2c.o
LOAD ./Drivers/STM32G0xx_HAL_Driver/Src/stm32g0xx_ll_rcc.o
LOAD ./Drivers/STM32G0xx_HAL_Driver/Src/stm32g0xx_ll_tim.o
LOAD ./Drivers/STM32G0xx_HAL_Driver/Src/stm32g0xx_ll_utils.o
START GROUP
LOAD C:/CubeIDE/STM32CubeIDE_1.16.0/STM32CubeIDE/plugins/com.st.stm32cube.ide.mcu.externaltools.gnu-tools-for-stm32.12.3.rel1.win32_1.0.200.202406191623/tools/bin/../lib/gcc/arm-none-eabi/12.3.1/../../../../arm-none-eabi/lib/thumb/v6-m/nofp\libc_nano.a
LOAD C:/CubeIDE/STM32CubeIDE_1.16.0/STM32CubeIDE/plugins/com.st.stm32cube.ide.mcu.externaltools.gnu-tools-for-stm32.12.3.rel1.win32_1.0.200.202406191623/tools/bin/../lib/gcc/arm-none-eabi/12.3.1/../../../../arm-none-eabi/lib/thumb/v6-m/nofp\libm.a
END GROUP
START GROUP
LOAD C:/CubeIDE/STM32CubeIDE_1.16.0/STM32CubeIDE/plugins/com.st.stm32cube.ide.mcu.externaltools.gnu-tools-for-stm32.12.3.rel1.win32_1.0.200.202406191623/tools/bin/../lib/gcc/arm-none-eabi/12.3.1/thumb/v6-m/nofp\libgcc.a
LOAD C:/CubeIDE/STM32CubeIDE_1.16.0/STM32CubeIDE/plugins/com.st.stm32cube.ide.mcu.externaltools.gnu-tools-for-stm32.12.3.rel1.win32_1.0.200.202406191623/tools/bin/../lib/gcc/arm-none-eabi/12.3.1/../../../../arm-none-eabi/lib/thumb/v6-m/nofp\libc_nano.a
END GROUP
START GROUP
LOAD C:/CubeIDE/STM32CubeIDE_1.16.0/STM32CubeIDE/plugins/com.st.stm32cube.ide.mcu.externaltools.gnu-tools-for-stm32.12.3.rel1.win32_1.0.200.202406191623/tools/bin/../lib/gcc/arm-none-eabi/12.3.1/thumb/v6-m/nofp\libgcc.a
LOAD C:/CubeIDE/STM32CubeIDE_1.16.0/STM32CubeIDE/plugins/com.st.stm32cube.ide.mcu.externaltools.gnu-tools-for-stm32.12.3.rel1.win32_1.0.200.202406191623/tools/bin/../lib/gcc/arm-none-eabi/12.3.1/../../../../arm-none-eabi/lib/thumb/v6-m/nofp\libc_nano.a
LOAD C:/CubeIDE/STM32CubeIDE_1.16.0/STM32CubeIDE/plugins/com.st.stm32cube.ide.mcu.externaltools.gnu-tools-for-stm32.12.3.rel1.win32_1.0.200.202406191623/tools/bin/../lib/gcc/arm-none-eabi/12.3.1/../../../../arm-none-eabi/lib/thumb/v6-m/nofp\libnosys.a
END GROUP
START GROUP
LOAD C:/CubeIDE/STM32CubeIDE_1.16.0/STM32CubeIDE/plugins/com.st.stm32cube.ide.mcu.externaltools.gnu-tools-for-stm32.12.3.rel1.win32_1.0.200.202406191623/tools/bin/../lib/gcc/arm-none-eabi/12.3.1/thumb/v6-m/nofp\libgcc.a
LOAD C:/CubeIDE/STM32CubeIDE_1.16.0/STM32CubeIDE/plugins/com.st.stm32cube.ide.mcu.externaltools.gnu-tools-for-stm32.12.3.rel1.win32_1.0.200.202406191623/tools/bin/../lib/gcc/arm-none-eabi/12.3.1/../../../../arm-none-eabi/lib/thumb/v6-m/nofp\libc_nano.a
LOAD C:/CubeIDE/STM32CubeIDE_1.16.0/STM32CubeIDE/plugins/com.st.stm32cube.ide.mcu.externaltools.gnu-tools-for-stm32.12.3.rel1.win32_1.0.200.202406191623/tools/bin/../lib/gcc/arm-none-eabi/12.3.1/../../../../arm-none-eabi/lib/thumb/v6-m/nofp\libnosys.a
END GROUP
LOAD C:/CubeIDE/STM32CubeIDE_1.16.0/STM32CubeIDE/plugins/com.st.stm32cube.ide.mcu.externaltools.gnu-tools-for-stm32.12.3.rel1.win32_1.0.200.202406191623/tools/bin/../lib/gcc/arm-none-eabi/12.3.1/thumb/v6-m/nofp/crtend.o
LOAD C:/CubeIDE/STM32CubeIDE_1.16.0/STM32CubeIDE/plugins/com.st.stm32cube.ide.mcu.externaltools.gnu-tools-for-stm32.12.3.rel1.win32_1.0.200.202406191623/tools/bin/../lib/gcc/arm-none-eabi/12.3.1/thumb/v6-m/nofp/crtn.o
                0x20002000                        _estack = (ORIGIN (RAM) + LENGTH (RAM))
                0x00000200                        _Min_Heap_Size = 0x200
                0x00000400                        _Min_Stack_Size = 0x400

.isr_vector     0x08001800       0xb8
                0x08001800                        . = ALIGN (0x4)
 *(.isr_vector)
 .isr_vector    0x08001800       0xb8 ./Core/Startup/startup_stm32g030f6px.o
                0x08001800                g_pfnVectors
                0x080018b8                        . = ALIGN (0x4)

.text           0x080018b8     0x6010
                0x080018b8                        . = ALIGN (0x4)
 *(.text)
 .text          0x080018b8       0x48 C:/CubeIDE/STM32CubeIDE_1.16.0/STM32CubeIDE/plugins/com.st.stm32cube.ide.mcu.externaltools.gnu-tools-for-stm32.12.3.rel1.win32_1.0.200.202406191623/tools/bin/../lib/gcc/arm-none-eabi/12.3.1/thumb/v6-m/nofp/crtbegin.o
 .text          0x08001900      0x114 C:/CubeIDE/STM32CubeIDE_1.16.0/STM32CubeIDE/plugins/com.st.stm32cube.ide.mcu.externaltools.gnu-tools-for-stm32.12.3.rel1.win32_1.0.200.202406191623/tools/bin/../lib/gcc/arm-none-eabi/12.3.1/thumb/v6-m/nofp\libgcc.a(_udivsi3.o)
                0x08001900                __aeabi_uidiv
                0x08001900                __udivsi3
                0x08001a0c                __aeabi_uidivmod
 .text          0x08001a14        0x4 C:/CubeIDE/STM32CubeIDE_1.16.0/STM32CubeIDE/plugins/com.st.stm32cube.ide.mcu.externaltools.gnu-tools-for-stm32.12.3.rel1.win32_1.0.200.202406191623/tools/bin/../lib/gcc/arm-none-eabi/12.3.1/thumb/v6-m/nofp\libgcc.a(_dvmd_tls.o)
                0x08001a14                __aeabi_idiv0
                0x08001a14                __aeabi_ldiv0
 .text          0x08001a18       0x3c C:/CubeIDE/STM32CubeIDE_1.16.0/STM32CubeIDE/plugins/com.st.stm32cube.ide.mcu.externaltools.gnu-tools-for-stm32.12.3.rel1.win32_1.0.200.202406191623/tools/bin/../lib/gcc/arm-none-eabi/12.3.1/thumb/v6-m/nofp\libgcc.a(_fixunsdfsi.o)
                0x08001a18                __aeabi_d2uiz
                0x08001a18                __fixunsdfsi
 .text          0x08001a54      0x634 C:/CubeIDE/STM32CubeIDE_1.16.0/STM32CubeIDE/plugins/com.st.stm32cube.ide.mcu.externaltools.gnu-tools-for-stm32.12.3.rel1.win32_1.0.200.202406191623/tools/bin/../lib/gcc/arm-none-eabi/12.3.1/thumb/v6-m/nofp\libgcc.a(divdf3.o)
                0x08001a54                __aeabi_ddiv
 .text          0x08002088      0x590 C:/CubeIDE/STM32CubeIDE_1.16.0/STM32CubeIDE/plugins/com.st.stm32cube.ide.mcu.externaltools.gnu-tools-for-stm32.12.3.rel1.win32_1.0.200.202406191623/tools/bin/../lib/gcc/arm-none-eabi/12.3.1/thumb/v6-m/nofp\libgcc.a(muldf3.o)
                0x08002088                __aeabi_dmul
 .text          0x08002618      0x738 C:/CubeIDE/STM32CubeIDE_1.16.0/STM32CubeIDE/plugins/com.st.stm32cube.ide.mcu.externaltools.gnu-tools-for-stm32.12.3.rel1.win32_1.0.200.202406191623/tools/bin/../lib/gcc/arm-none-eabi/12.3.1/thumb/v6-m/nofp\libgcc.a(subdf3.o)
                0x08002618                __aeabi_dsub
 .text          0x08002d50       0x78 C:/CubeIDE/STM32CubeIDE_1.16.0/STM32CubeIDE/plugins/com.st.stm32cube.ide.mcu.externaltools.gnu-tools-for-stm32.12.3.rel1.win32_1.0.200.202406191623/tools/bin/../lib/gcc/arm-none-eabi/12.3.1/thumb/v6-m/nofp\libgcc.a(fixdfsi.o)
                0x08002d50                __aeabi_d2iz
 .text          0x08002dc8       0x5c C:/CubeIDE/STM32CubeIDE_1.16.0/STM32CubeIDE/plugins/com.st.stm32cube.ide.mcu.externaltools.gnu-tools-for-stm32.12.3.rel1.win32_1.0.200.202406191623/tools/bin/../lib/gcc/arm-none-eabi/12.3.1/thumb/v6-m/nofp\libgcc.a(floatsidf.o)
                0x08002dc8                __aeabi_i2d
 .text          0x08002e24       0x7c C:/CubeIDE/STM32CubeIDE_1.16.0/STM32CubeIDE/plugins/com.st.stm32cube.ide.mcu.externaltools.gnu-tools-for-stm32.12.3.rel1.win32_1.0.200.202406191623/tools/bin/../lib/gcc/arm-none-eabi/12.3.1/thumb/v6-m/nofp\libgcc.a(_arm_cmpdf2.o)
                0x08002e24                __aeabi_cdrcmple
                0x08002e34                __aeabi_cdcmple
                0x08002e34                __aeabi_cdcmpeq
                0x08002e44                __aeabi_dcmpeq
                0x08002e50                __aeabi_dcmplt
                0x08002e64                __aeabi_dcmple
                0x08002e78                __aeabi_dcmpgt
                0x08002e8c                __aeabi_dcmpge
 .text          0x08002ea0       0x3c C:/CubeIDE/STM32CubeIDE_1.16.0/STM32CubeIDE/plugins/com.st.stm32cube.ide.mcu.externaltools.gnu-tools-for-stm32.12.3.rel1.win32_1.0.200.202406191623/tools/bin/../lib/gcc/arm-none-eabi/12.3.1/thumb/v6-m/nofp\libgcc.a(_clzsi2.o)
                0x08002ea0                __clzsi2
 .text          0x08002edc       0x88 C:/CubeIDE/STM32CubeIDE_1.16.0/STM32CubeIDE/plugins/com.st.stm32cube.ide.mcu.externaltools.gnu-tools-for-stm32.12.3.rel1.win32_1.0.200.202406191623/tools/bin/../lib/gcc/arm-none-eabi/12.3.1/thumb/v6-m/nofp\libgcc.a(eqdf2.o)
                0x08002edc                __nedf2
                0x08002edc                __eqdf2
 .text          0x08002f64       0xe8 C:/CubeIDE/STM32CubeIDE_1.16.0/STM32CubeIDE/plugins/com.st.stm32cube.ide.mcu.externaltools.gnu-tools-for-stm32.12.3.rel1.win32_1.0.200.202406191623/tools/bin/../lib/gcc/arm-none-eabi/12.3.1/thumb/v6-m/nofp\libgcc.a(gedf2.o)
                0x08002f64                __gedf2
                0x08002f64                __gtdf2
 .text          0x0800304c       0xe4 C:/CubeIDE/STM32CubeIDE_1.16.0/STM32CubeIDE/plugins/com.st.stm32cube.ide.mcu.externaltools.gnu-tools-for-stm32.12.3.rel1.win32_1.0.200.202406191623/tools/bin/../lib/gcc/arm-none-eabi/12.3.1/thumb/v6-m/nofp\libgcc.a(ledf2.o)
                0x0800304c                __ledf2
                0x0800304c                __ltdf2
 *(.text*)
 .text.LL_DMA_EnableChannel
                0x08003130       0x40 ./Core/Src/RGB.o
 .text.LL_DMA_SetDataLength
                0x08003170       0x44 ./Core/Src/RGB.o
 .text.LL_DMA_SetMemoryAddress
                0x080031b4       0x30 ./Core/Src/RGB.o
 .text.LL_DMA_SetPeriphAddress
                0x080031e4       0x30 ./Core/Src/RGB.o
 .text.LL_DMA_ClearFlag_GI5
                0x08003214       0x18 ./Core/Src/RGB.o
 .text.LL_DMA_ClearFlag_TC5
                0x0800322c       0x18 ./Core/Src/RGB.o
 .text.LL_DMA_EnableIT_TC
                0x08003244       0x40 ./Core/Src/RGB.o
 .text.LL_TIM_EnableCounter
                0x08003284       0x1c ./Core/Src/RGB.o
 .text.LL_TIM_CC_SetDMAReqTrigger
                0x080032a0       0x24 ./Core/Src/RGB.o
 .text.LL_TIM_CC_EnableChannel
                0x080032c4       0x1e ./Core/Src/RGB.o
 .text.LL_TIM_EnableAllOutputs
                0x080032e2       0x1e ./Core/Src/RGB.o
 .text.LL_TIM_EnableDMAReq_CC1
                0x08003300       0x1e ./Core/Src/RGB.o
 .text.rgb_init
                0x0800331e       0x12 ./Core/Src/RGB.o
                0x0800331e                rgb_init
 .text.activate_tim1_dma
                0x08003330       0x80 ./Core/Src/RGB.o
                0x08003330                activate_tim1_dma
 .text.set_rgb_color
                0x080033b0      0x1f0 ./Core/Src/RGB.o
                0x080033b0                set_rgb_color
 .text.rgb_update
                0x080035a0       0xa4 ./Core/Src/RGB.o
                0x080035a0                rgb_update
 .text.reset_load
                0x08003644       0x40 ./Core/Src/RGB.o
                0x08003644                reset_load
 .text.rgb_send_array
                0x08003684       0x30 ./Core/Src/RGB.o
                0x08003684                rgb_send_array
 .text.rgb_close_all
                0x080036b4       0x48 ./Core/Src/RGB.o
                0x080036b4                rgb_close_all
 .text.MX_DMA_Init
                0x080036fc       0x3c ./Core/Src/dma.o
                0x080036fc                MX_DMA_Init
 .text.MX_GPIO_Init
                0x08003738      0x100 ./Core/Src/gpio.o
                0x08003738                MX_GPIO_Init
 .text.__NVIC_EnableIRQ
                0x08003838       0x34 ./Core/Src/i2c.o
 .text.__NVIC_SetPriority
                0x0800386c       0xdc ./Core/Src/i2c.o
 .text.LL_I2C_EnableClockStretching
                0x08003948       0x20 ./Core/Src/i2c.o
 .text.LL_I2C_DisableGeneralCall
                0x08003968       0x20 ./Core/Src/i2c.o
 .text.LL_I2C_SetOwnAddress2
                0x08003988       0x2c ./Core/Src/i2c.o
 .text.LL_I2C_DisableOwnAddress2
                0x080039b4       0x20 ./Core/Src/i2c.o
 .text.LL_I2C_EnableAutoEndMode
                0x080039d4       0x1e ./Core/Src/i2c.o
 *fill*         0x080039f2        0x2 
 .text.LL_APB1_GRP1_EnableClock
                0x080039f4       0x2c ./Core/Src/i2c.o
 .text.LL_IOP_GRP1_EnableClock
                0x08003a20       0x2c ./Core/Src/i2c.o
 .text.user_i2c_init
                0x08003a4c      0x134 ./Core/Src/i2c.o
                0x08003a4c                user_i2c_init
 .text.LL_I2C_Enable
                0x08003b80       0x1c ./Core/Src/i2c_ex.o
 .text.LL_I2C_Disable
                0x08003b9c       0x1e ./Core/Src/i2c_ex.o
 .text.LL_I2C_EnableIT_TX
                0x08003bba       0x1c ./Core/Src/i2c_ex.o
 .text.LL_I2C_EnableIT_RX
                0x08003bd6       0x1c ./Core/Src/i2c_ex.o
 .text.LL_I2C_EnableIT_ADDR
                0x08003bf2       0x1c ./Core/Src/i2c_ex.o
 .text.LL_I2C_DisableIT_ADDR
                0x08003c0e       0x1e ./Core/Src/i2c_ex.o
 .text.LL_I2C_EnableIT_NACK
                0x08003c2c       0x1c ./Core/Src/i2c_ex.o
 .text.LL_I2C_DisableIT_NACK
                0x08003c48       0x1e ./Core/Src/i2c_ex.o
 .text.LL_I2C_EnableIT_STOP
                0x08003c66       0x1c ./Core/Src/i2c_ex.o
 .text.LL_I2C_DisableIT_STOP
                0x08003c82       0x1e ./Core/Src/i2c_ex.o
 .text.LL_I2C_EnableIT_ERR
                0x08003ca0       0x1c ./Core/Src/i2c_ex.o
 .text.LL_I2C_DisableIT_ERR
                0x08003cbc       0x1e ./Core/Src/i2c_ex.o
 .text.LL_I2C_IsActiveFlag_TXE
                0x08003cda       0x22 ./Core/Src/i2c_ex.o
 .text.LL_I2C_IsActiveFlag_TXIS
                0x08003cfc       0x22 ./Core/Src/i2c_ex.o
 .text.LL_I2C_IsActiveFlag_RXNE
                0x08003d1e       0x22 ./Core/Src/i2c_ex.o
 .text.LL_I2C_IsActiveFlag_ADDR
                0x08003d40       0x22 ./Core/Src/i2c_ex.o
 .text.LL_I2C_IsActiveFlag_NACK
                0x08003d62       0x22 ./Core/Src/i2c_ex.o
 .text.LL_I2C_IsActiveFlag_STOP
                0x08003d84       0x22 ./Core/Src/i2c_ex.o
 .text.LL_I2C_ClearFlag_ADDR
                0x08003da6       0x1c ./Core/Src/i2c_ex.o
 .text.LL_I2C_ClearFlag_NACK
                0x08003dc2       0x1c ./Core/Src/i2c_ex.o
 .text.LL_I2C_ClearFlag_STOP
                0x08003dde       0x1c ./Core/Src/i2c_ex.o
 .text.LL_I2C_ClearFlag_TXE
                0x08003dfa       0x16 ./Core/Src/i2c_ex.o
 .text.LL_I2C_DisableAutoEndMode
                0x08003e10       0x20 ./Core/Src/i2c_ex.o
 .text.LL_I2C_GetTransferDirection
                0x08003e30       0x1a ./Core/Src/i2c_ex.o
 .text.LL_I2C_GetAddressMatchCode
                0x08003e4a       0x1c ./Core/Src/i2c_ex.o
 .text.LL_I2C_ReceiveData8
                0x08003e66       0x16 ./Core/Src/i2c_ex.o
 .text.LL_I2C_TransmitData8
                0x08003e7c       0x1e ./Core/Src/i2c_ex.o
 *fill*         0x08003e9a        0x2 
 .text.set_i2c_slave_address
                0x08003e9c       0x24 ./Core/Src/i2c_ex.o
                0x08003e9c                set_i2c_slave_address
 .text.i2c2_it_enable
                0x08003ec0       0x38 ./Core/Src/i2c_ex.o
                0x08003ec0                i2c2_it_enable
 .text.i2c2_it_disable
                0x08003ef8       0x30 ./Core/Src/i2c_ex.o
                0x08003ef8                i2c2_it_disable
 .text.Error_Callback
                0x08003f28        0xa ./Core/Src/i2c_ex.o
                0x08003f28                Error_Callback
 *fill*         0x08003f32        0x2 
 .text.i2c2_set_send_data
                0x08003f34       0x64 ./Core/Src/i2c_ex.o
                0x08003f34                i2c2_set_send_data
 .text.Slave_Reception_Callback
                0x08003f98       0x38 ./Core/Src/i2c_ex.o
                0x08003f98                Slave_Reception_Callback
 .text.Slave_Ready_To_Transmit_Callback
                0x08003fd0       0x58 ./Core/Src/i2c_ex.o
                0x08003fd0                Slave_Ready_To_Transmit_Callback
 .text.I2C2_IRQHandler
                0x08004028      0x1b4 ./Core/Src/i2c_ex.o
                0x08004028                I2C2_IRQHandler
 .text.LL_IWDG_Enable
                0x080041dc       0x1c ./Core/Src/iwdg.o
 .text.LL_IWDG_ReloadCounter
                0x080041f8       0x1c ./Core/Src/iwdg.o
 .text.LL_IWDG_EnableWriteAccess
                0x08004214       0x1c ./Core/Src/iwdg.o
 .text.LL_IWDG_SetPrescaler
                0x08004230       0x1c ./Core/Src/iwdg.o
 .text.LL_IWDG_SetReloadCounter
                0x0800424c       0x1c ./Core/Src/iwdg.o
 .text.LL_IWDG_IsReady
                0x08004268       0x20 ./Core/Src/iwdg.o
 .text.MX_IWDG_Init
                0x08004288       0x50 ./Core/Src/iwdg.o
                0x08004288                MX_IWDG_Init
 .text.__NVIC_SystemReset
                0x080042d8       0x24 ./Core/Src/main.o
 .text.LL_IWDG_ReloadCounter
                0x080042fc       0x1c ./Core/Src/main.o
 .text.iap_set  0x08004318       0x7c ./Core/Src/main.o
                0x08004318                iap_set
 .text.lin_mic_pc_enable
                0x08004394       0x24 ./Core/Src/main.o
                0x08004394                lin_mic_pc_enable
 .text.lin_mic_pc_disable
                0x080043b8       0x24 ./Core/Src/main.o
                0x080043b8                lin_mic_pc_disable
 .text.set_national_hp_mode
                0x080043dc       0x24 ./Core/Src/main.o
                0x080043dc                set_national_hp_mode
 .text.set_americal_hp_mode
                0x08004400       0x24 ./Core/Src/main.o
                0x08004400                set_americal_hp_mode
 .text.HAL_GPIO_EXTI_Rising_Callback
                0x08004424       0x28 ./Core/Src/main.o
                0x08004424                HAL_GPIO_EXTI_Rising_Callback
 .text.reg_init
                0x0800444c      0x134 ./Core/Src/main.o
                0x0800444c                reg_init
 .text.Slave_Complete_Callback
                0x08004580      0x4dc ./Core/Src/main.o
                0x08004580                Slave_Complete_Callback
 .text.main     0x08004a5c       0x68 ./Core/Src/main.o
                0x08004a5c                main
 .text.SystemClock_Config
                0x08004ac4       0xba ./Core/Src/main.o
                0x08004ac4                SystemClock_Config
 .text.Error_Handler
                0x08004b7e        0xc ./Core/Src/main.o
                0x08004b7e                Error_Handler
 .text.GetPage  0x08004b8a       0x1c ./Core/Src/myflash.o
 .text.set_byte_in_uint64
                0x08004ba6       0xe0 ./Core/Src/myflash.o
 .text.my_flash_read_double_word
                0x08004c86       0x18 ./Core/Src/myflash.o
                0x08004c86                my_flash_read_double_word
 .text.my_flash_earse_pages
                0x08004c9e       0x5c ./Core/Src/myflash.o
                0x08004c9e                my_flash_earse_pages
 .text.my_flash_write_double_word
                0x08004cfa       0x3e ./Core/Src/myflash.o
 .text.set_i2c_addr
                0x08004d38       0x7c ./Core/Src/myflash.o
                0x08004d38                set_i2c_addr
 .text.get_lin_mic_pc_en_status
                0x08004db4       0x14 ./Core/Src/myflash.o
                0x08004db4                get_lin_mic_pc_en_status
 .text.get_hp_mode_status
                0x08004dc8       0x14 ./Core/Src/myflash.o
                0x08004dc8                get_hp_mode_status
 .text.get_rgb_light_status
                0x08004ddc       0x14 ./Core/Src/myflash.o
                0x08004ddc                get_rgb_light_status
 .text.get_i2c_addr
                0x08004df0       0x14 ./Core/Src/myflash.o
                0x08004df0                get_i2c_addr
 .text.write_flash
                0x08004e04       0xc8 ./Core/Src/myflash.o
                0x08004e04                write_flash
 .text.HAL_MspInit
                0x08004ecc       0x48 ./Core/Src/stm32g0xx_hal_msp.o
                0x08004ecc                HAL_MspInit
 .text.LL_DMA_DisableChannel
                0x08004f14       0x40 ./Core/Src/stm32g0xx_it.o
 .text.LL_DMA_IsActiveFlag_TC5
                0x08004f54       0x28 ./Core/Src/stm32g0xx_it.o
 .text.LL_DMA_ClearFlag_GI5
                0x08004f7c       0x18 ./Core/Src/stm32g0xx_it.o
 .text.LL_DMA_ClearFlag_TC5
                0x08004f94       0x18 ./Core/Src/stm32g0xx_it.o
 .text.LL_TIM_DisableCounter
                0x08004fac       0x1e ./Core/Src/stm32g0xx_it.o
 .text.NMI_Handler
                0x08004fca        0x8 ./Core/Src/stm32g0xx_it.o
                0x08004fca                NMI_Handler
 .text.HardFault_Handler
                0x08004fd2        0x8 ./Core/Src/stm32g0xx_it.o
                0x08004fd2                HardFault_Handler
 .text.SVC_Handler
                0x08004fda        0xa ./Core/Src/stm32g0xx_it.o
                0x08004fda                SVC_Handler
 .text.PendSV_Handler
                0x08004fe4        0xa ./Core/Src/stm32g0xx_it.o
                0x08004fe4                PendSV_Handler
 .text.SysTick_Handler
                0x08004fee        0xe ./Core/Src/stm32g0xx_it.o
                0x08004fee                SysTick_Handler
 .text.EXTI0_1_IRQHandler
                0x08004ffc       0x10 ./Core/Src/stm32g0xx_it.o
                0x08004ffc                EXTI0_1_IRQHandler
 .text.DMA1_Ch4_5_DMAMUX1_OVR_IRQHandler
                0x0800500c       0x40 ./Core/Src/stm32g0xx_it.o
                0x0800500c                DMA1_Ch4_5_DMAMUX1_OVR_IRQHandler
 .text.SystemInit
                0x0800504c        0xa ./Core/Src/system_stm32g0xx.o
                0x0800504c                SystemInit
 *fill*         0x08005056        0x2 
 .text.LL_DMA_SetDataTransferDirection
                0x08005058       0x4c ./Core/Src/tim.o
 .text.LL_DMA_SetMode
                0x080050a4       0x48 ./Core/Src/tim.o
 .text.LL_DMA_SetPeriphIncMode
                0x080050ec       0x48 ./Core/Src/tim.o
 .text.LL_DMA_SetMemoryIncMode
                0x08005134       0x48 ./Core/Src/tim.o
 .text.LL_DMA_SetPeriphSize
                0x0800517c       0x4c ./Core/Src/tim.o
 .text.LL_DMA_SetMemorySize
                0x080051c8       0x4c ./Core/Src/tim.o
 .text.LL_DMA_SetChannelPriorityLevel
                0x08005214       0x4c ./Core/Src/tim.o
 .text.LL_DMA_SetPeriphRequest
                0x08005260       0x58 ./Core/Src/tim.o
 .text.LL_TIM_DisableARRPreload
                0x080052b8       0x1e ./Core/Src/tim.o
 *fill*         0x080052d6        0x2 
 .text.LL_TIM_OC_DisableFast
                0x080052d8       0xb0 ./Core/Src/tim.o
 .text.LL_TIM_OC_EnablePreload
                0x08005388       0xac ./Core/Src/tim.o
 .text.LL_APB2_GRP1_EnableClock
                0x08005434       0x2c ./Core/Src/tim.o
 .text.LL_IOP_GRP1_EnableClock
                0x08005460       0x2c ./Core/Src/tim.o
 .text.MX_TIM17_Init
                0x0800548c      0x1c0 ./Core/Src/tim.o
                0x0800548c                MX_TIM17_Init
 .text.Reset_Handler
                0x0800564c       0x50 ./Core/Startup/startup_stm32g030f6px.o
                0x0800564c                Reset_Handler
 .text.Default_Handler
                0x0800569c        0x2 ./Core/Startup/startup_stm32g030f6px.o
                0x0800569c                TIM1_CC_IRQHandler
                0x0800569c                I2C1_IRQHandler
                0x0800569c                RTC_TAMP_IRQHandler
                0x0800569c                SPI1_IRQHandler
                0x0800569c                EXTI2_3_IRQHandler
                0x0800569c                ADC1_IRQHandler
                0x0800569c                TIM17_IRQHandler
                0x0800569c                TIM16_IRQHandler
                0x0800569c                TIM3_IRQHandler
                0x0800569c                EXTI4_15_IRQHandler
                0x0800569c                RCC_IRQHandler
                0x0800569c                DMA1_Channel1_IRQHandler
                0x0800569c                Default_Handler
                0x0800569c                TIM14_IRQHandler
                0x0800569c                SPI2_IRQHandler
                0x0800569c                WWDG_IRQHandler
                0x0800569c                DMA1_Channel2_3_IRQHandler
                0x0800569c                USART2_IRQHandler
                0x0800569c                FLASH_IRQHandler
                0x0800569c                USART1_IRQHandler
                0x0800569c                TIM1_BRK_UP_TRG_COM_IRQHandler
 *fill*         0x0800569e        0x2 
 .text.HAL_Init
                0x080056a0       0x40 ./Drivers/STM32G0xx_HAL_Driver/Src/stm32g0xx_hal.o
                0x080056a0                HAL_Init
 .text.HAL_InitTick
                0x080056e0       0x94 ./Drivers/STM32G0xx_HAL_Driver/Src/stm32g0xx_hal.o
                0x080056e0                HAL_InitTick
 .text.HAL_IncTick
                0x08005774       0x24 ./Drivers/STM32G0xx_HAL_Driver/Src/stm32g0xx_hal.o
                0x08005774                HAL_IncTick
 .text.HAL_GetTick
                0x08005798       0x14 ./Drivers/STM32G0xx_HAL_Driver/Src/stm32g0xx_hal.o
                0x08005798                HAL_GetTick
 .text.HAL_Delay
                0x080057ac       0x48 ./Drivers/STM32G0xx_HAL_Driver/Src/stm32g0xx_hal.o
                0x080057ac                HAL_Delay
 .text.__NVIC_EnableIRQ
                0x080057f4       0x34 ./Drivers/STM32G0xx_HAL_Driver/Src/stm32g0xx_hal_cortex.o
 .text.__NVIC_SetPriority
                0x08005828       0xdc ./Drivers/STM32G0xx_HAL_Driver/Src/stm32g0xx_hal_cortex.o
 .text.SysTick_Config
                0x08005904       0x48 ./Drivers/STM32G0xx_HAL_Driver/Src/stm32g0xx_hal_cortex.o
 .text.HAL_NVIC_SetPriority
                0x0800594c       0x2a ./Drivers/STM32G0xx_HAL_Driver/Src/stm32g0xx_hal_cortex.o
                0x0800594c                HAL_NVIC_SetPriority
 .text.HAL_NVIC_EnableIRQ
                0x08005976       0x20 ./Drivers/STM32G0xx_HAL_Driver/Src/stm32g0xx_hal_cortex.o
                0x08005976                HAL_NVIC_EnableIRQ
 .text.HAL_SYSTICK_Config
                0x08005996       0x1a ./Drivers/STM32G0xx_HAL_Driver/Src/stm32g0xx_hal_cortex.o
                0x08005996                HAL_SYSTICK_Config
 .text.HAL_FLASH_Program
                0x080059b0       0x9c ./Drivers/STM32G0xx_HAL_Driver/Src/stm32g0xx_hal_flash.o
                0x080059b0                HAL_FLASH_Program
 .text.HAL_FLASH_Unlock
                0x08005a4c       0x48 ./Drivers/STM32G0xx_HAL_Driver/Src/stm32g0xx_hal_flash.o
                0x08005a4c                HAL_FLASH_Unlock
 .text.HAL_FLASH_Lock
                0x08005a94       0x44 ./Drivers/STM32G0xx_HAL_Driver/Src/stm32g0xx_hal_flash.o
                0x08005a94                HAL_FLASH_Lock
 .text.FLASH_WaitForLastOperation
                0x08005ad8       0x9c ./Drivers/STM32G0xx_HAL_Driver/Src/stm32g0xx_hal_flash.o
                0x08005ad8                FLASH_WaitForLastOperation
 .text.FLASH_Program_DoubleWord
                0x08005b74       0x40 ./Drivers/STM32G0xx_HAL_Driver/Src/stm32g0xx_hal_flash.o
 .text.HAL_FLASHEx_Erase
                0x08005bb4       0xe8 ./Drivers/STM32G0xx_HAL_Driver/Src/stm32g0xx_hal_flash_ex.o
                0x08005bb4                HAL_FLASHEx_Erase
 .text.FLASH_MassErase
                0x08005c9c       0x28 ./Drivers/STM32G0xx_HAL_Driver/Src/stm32g0xx_hal_flash_ex.o
 .text.FLASH_PageErase
                0x08005cc4       0x38 ./Drivers/STM32G0xx_HAL_Driver/Src/stm32g0xx_hal_flash_ex.o
                0x08005cc4                FLASH_PageErase
 .text.HAL_GPIO_Init
                0x08005cfc      0x2c8 ./Drivers/STM32G0xx_HAL_Driver/Src/stm32g0xx_hal_gpio.o
                0x08005cfc                HAL_GPIO_Init
 .text.HAL_GPIO_ReadPin
                0x08005fc4       0x3a ./Drivers/STM32G0xx_HAL_Driver/Src/stm32g0xx_hal_gpio.o
                0x08005fc4                HAL_GPIO_ReadPin
 .text.HAL_GPIO_WritePin
                0x08005ffe       0x3a ./Drivers/STM32G0xx_HAL_Driver/Src/stm32g0xx_hal_gpio.o
                0x08005ffe                HAL_GPIO_WritePin
 .text.HAL_GPIO_EXTI_IRQHandler
                0x08006038       0x54 ./Drivers/STM32G0xx_HAL_Driver/Src/stm32g0xx_hal_gpio.o
                0x08006038                HAL_GPIO_EXTI_IRQHandler
 .text.HAL_GPIO_EXTI_Falling_Callback
                0x0800608c       0x14 ./Drivers/STM32G0xx_HAL_Driver/Src/stm32g0xx_hal_gpio.o
                0x0800608c                HAL_GPIO_EXTI_Falling_Callback
 .text.HAL_PWREx_ControlVoltageScaling
                0x080060a0       0x80 ./Drivers/STM32G0xx_HAL_Driver/Src/stm32g0xx_hal_pwr_ex.o
                0x080060a0                HAL_PWREx_ControlVoltageScaling
 .text.HAL_RCC_OscConfig
                0x08006120      0x620 ./Drivers/STM32G0xx_HAL_Driver/Src/stm32g0xx_hal_rcc.o
                0x08006120                HAL_RCC_OscConfig
 .text.HAL_RCC_ClockConfig
                0x08006740      0x210 ./Drivers/STM32G0xx_HAL_Driver/Src/stm32g0xx_hal_rcc.o
                0x08006740                HAL_RCC_ClockConfig
 .text.HAL_RCC_GetSysClockFreq
                0x08006950      0x104 ./Drivers/STM32G0xx_HAL_Driver/Src/stm32g0xx_hal_rcc.o
                0x08006950                HAL_RCC_GetSysClockFreq
 .text.LL_GPIO_SetPinMode
                0x08006a54       0x38 ./Drivers/STM32G0xx_HAL_Driver/Src/stm32g0xx_ll_gpio.o
 .text.LL_GPIO_SetPinOutputType
                0x08006a8c       0x2a ./Drivers/STM32G0xx_HAL_Driver/Src/stm32g0xx_ll_gpio.o
 .text.LL_GPIO_SetPinSpeed
                0x08006ab6       0x38 ./Drivers/STM32G0xx_HAL_Driver/Src/stm32g0xx_ll_gpio.o
 .text.LL_GPIO_SetPinPull
                0x08006aee       0x38 ./Drivers/STM32G0xx_HAL_Driver/Src/stm32g0xx_ll_gpio.o
 .text.LL_GPIO_SetAFPin_0_7
                0x08006b26       0x46 ./Drivers/STM32G0xx_HAL_Driver/Src/stm32g0xx_ll_gpio.o
 .text.LL_GPIO_SetAFPin_8_15
                0x08006b6c       0x5a ./Drivers/STM32G0xx_HAL_Driver/Src/stm32g0xx_ll_gpio.o
 .text.LL_GPIO_Init
                0x08006bc6       0xb6 ./Drivers/STM32G0xx_HAL_Driver/Src/stm32g0xx_ll_gpio.o
                0x08006bc6                LL_GPIO_Init
 .text.LL_I2C_Enable
                0x08006c7c       0x1c ./Drivers/STM32G0xx_HAL_Driver/Src/stm32g0xx_ll_i2c.o
 .text.LL_I2C_Disable
                0x08006c98       0x1e ./Drivers/STM32G0xx_HAL_Driver/Src/stm32g0xx_ll_i2c.o
 *fill*         0x08006cb6        0x2 
 .text.LL_I2C_ConfigFilters
                0x08006cb8       0x30 ./Drivers/STM32G0xx_HAL_Driver/Src/stm32g0xx_ll_i2c.o
 .text.LL_I2C_SetOwnAddress1
                0x08006ce8       0x28 ./Drivers/STM32G0xx_HAL_Driver/Src/stm32g0xx_ll_i2c.o
 .text.LL_I2C_EnableOwnAddress1
                0x08006d10       0x1e ./Drivers/STM32G0xx_HAL_Driver/Src/stm32g0xx_ll_i2c.o
 *fill*         0x08006d2e        0x2 
 .text.LL_I2C_DisableOwnAddress1
                0x08006d30       0x20 ./Drivers/STM32G0xx_HAL_Driver/Src/stm32g0xx_ll_i2c.o
 .text.LL_I2C_SetTiming
                0x08006d50       0x18 ./Drivers/STM32G0xx_HAL_Driver/Src/stm32g0xx_ll_i2c.o
 .text.LL_I2C_SetMode
                0x08006d68       0x28 ./Drivers/STM32G0xx_HAL_Driver/Src/stm32g0xx_ll_i2c.o
 .text.LL_I2C_AcknowledgeNextData
                0x08006d90       0x28 ./Drivers/STM32G0xx_HAL_Driver/Src/stm32g0xx_ll_i2c.o
 .text.LL_APB1_GRP1_ForceReset
                0x08006db8       0x20 ./Drivers/STM32G0xx_HAL_Driver/Src/stm32g0xx_ll_i2c.o
 .text.LL_APB1_GRP1_ReleaseReset
                0x08006dd8       0x24 ./Drivers/STM32G0xx_HAL_Driver/Src/stm32g0xx_ll_i2c.o
 .text.LL_I2C_DeInit
                0x08006dfc       0x6c ./Drivers/STM32G0xx_HAL_Driver/Src/stm32g0xx_ll_i2c.o
                0x08006dfc                LL_I2C_DeInit
 .text.LL_I2C_Init
                0x08006e68       0x86 ./Drivers/STM32G0xx_HAL_Driver/Src/stm32g0xx_ll_i2c.o
                0x08006e68                LL_I2C_Init
 .text.LL_TIM_SetPrescaler
                0x08006eee       0x18 ./Drivers/STM32G0xx_HAL_Driver/Src/stm32g0xx_ll_tim.o
 .text.LL_TIM_SetAutoReload
                0x08006f06       0x18 ./Drivers/STM32G0xx_HAL_Driver/Src/stm32g0xx_ll_tim.o
 .text.LL_TIM_SetRepetitionCounter
                0x08006f1e       0x18 ./Drivers/STM32G0xx_HAL_Driver/Src/stm32g0xx_ll_tim.o
 .text.LL_TIM_OC_SetCompareCH1
                0x08006f36       0x18 ./Drivers/STM32G0xx_HAL_Driver/Src/stm32g0xx_ll_tim.o
 .text.LL_TIM_OC_SetCompareCH2
                0x08006f4e       0x18 ./Drivers/STM32G0xx_HAL_Driver/Src/stm32g0xx_ll_tim.o
 .text.LL_TIM_OC_SetCompareCH3
                0x08006f66       0x18 ./Drivers/STM32G0xx_HAL_Driver/Src/stm32g0xx_ll_tim.o
 .text.LL_TIM_OC_SetCompareCH4
                0x08006f7e       0x18 ./Drivers/STM32G0xx_HAL_Driver/Src/stm32g0xx_ll_tim.o
 .text.LL_TIM_OC_SetCompareCH5
                0x08006f96       0x1c ./Drivers/STM32G0xx_HAL_Driver/Src/stm32g0xx_ll_tim.o
 .text.LL_TIM_OC_SetCompareCH6
                0x08006fb2       0x18 ./Drivers/STM32G0xx_HAL_Driver/Src/stm32g0xx_ll_tim.o
 .text.LL_TIM_GenerateEvent_UPDATE
                0x08006fca       0x1c ./Drivers/STM32G0xx_HAL_Driver/Src/stm32g0xx_ll_tim.o
 *fill*         0x08006fe6        0x2 
 .text.LL_TIM_Init
                0x08006fe8       0xdc ./Drivers/STM32G0xx_HAL_Driver/Src/stm32g0xx_ll_tim.o
                0x08006fe8                LL_TIM_Init
 .text.LL_TIM_OC_Init
                0x080070c4      0x106 ./Drivers/STM32G0xx_HAL_Driver/Src/stm32g0xx_ll_tim.o
                0x080070c4                LL_TIM_OC_Init
 *fill*         0x080071ca        0x2 
 .text.LL_TIM_BDTR_Init
                0x080071cc      0x110 ./Drivers/STM32G0xx_HAL_Driver/Src/stm32g0xx_ll_tim.o
                0x080071cc                LL_TIM_BDTR_Init
 .text.OC1Config
                0x080072dc       0xfc ./Drivers/STM32G0xx_HAL_Driver/Src/stm32g0xx_ll_tim.o
 .text.OC2Config
                0x080073d8      0x108 ./Drivers/STM32G0xx_HAL_Driver/Src/stm32g0xx_ll_tim.o
 .text.OC3Config
                0x080074e0      0x108 ./Drivers/STM32G0xx_HAL_Driver/Src/stm32g0xx_ll_tim.o
 .text.OC4Config
                0x080075e8       0xd4 ./Drivers/STM32G0xx_HAL_Driver/Src/stm32g0xx_ll_tim.o
 .text.OC5Config
                0x080076bc       0xb8 ./Drivers/STM32G0xx_HAL_Driver/Src/stm32g0xx_ll_tim.o
 .text.OC6Config
                0x08007774       0xc0 ./Drivers/STM32G0xx_HAL_Driver/Src/stm32g0xx_ll_tim.o
 .text.memset   0x08007834       0x10 C:/CubeIDE/STM32CubeIDE_1.16.0/STM32CubeIDE/plugins/com.st.stm32cube.ide.mcu.externaltools.gnu-tools-for-stm32.12.3.rel1.win32_1.0.200.202406191623/tools/bin/../lib/gcc/arm-none-eabi/12.3.1/../../../../arm-none-eabi/lib/thumb/v6-m/nofp\libc_nano.a(libc_a-memset.o)
                0x08007834                memset
 .text.__libc_init_array
                0x08007844       0x48 C:/CubeIDE/STM32CubeIDE_1.16.0/STM32CubeIDE/plugins/com.st.stm32cube.ide.mcu.externaltools.gnu-tools-for-stm32.12.3.rel1.win32_1.0.200.202406191623/tools/bin/../lib/gcc/arm-none-eabi/12.3.1/../../../../arm-none-eabi/lib/thumb/v6-m/nofp\libc_nano.a(libc_a-init.o)
                0x08007844                __libc_init_array
 .text.memcpy   0x0800788c       0x12 C:/CubeIDE/STM32CubeIDE_1.16.0/STM32CubeIDE/plugins/com.st.stm32cube.ide.mcu.externaltools.gnu-tools-for-stm32.12.3.rel1.win32_1.0.200.202406191623/tools/bin/../lib/gcc/arm-none-eabi/12.3.1/../../../../arm-none-eabi/lib/thumb/v6-m/nofp\libc_nano.a(libc_a-memcpy-stub.o)
                0x0800788c                memcpy
 *(.glue_7)
 .glue_7        0x0800789e        0x0 linker stubs
 *(.glue_7t)
 .glue_7t       0x0800789e        0x0 linker stubs
 *(.eh_frame)
 *fill*         0x0800789e        0x2 
 .eh_frame      0x080078a0        0x0 C:/CubeIDE/STM32CubeIDE_1.16.0/STM32CubeIDE/plugins/com.st.stm32cube.ide.mcu.externaltools.gnu-tools-for-stm32.12.3.rel1.win32_1.0.200.202406191623/tools/bin/../lib/gcc/arm-none-eabi/12.3.1/thumb/v6-m/nofp/crtbegin.o
 *(.init)
 .init          0x080078a0        0x4 C:/CubeIDE/STM32CubeIDE_1.16.0/STM32CubeIDE/plugins/com.st.stm32cube.ide.mcu.externaltools.gnu-tools-for-stm32.12.3.rel1.win32_1.0.200.202406191623/tools/bin/../lib/gcc/arm-none-eabi/12.3.1/thumb/v6-m/nofp/crti.o
                0x080078a0                _init
 .init          0x080078a4        0x8 C:/CubeIDE/STM32CubeIDE_1.16.0/STM32CubeIDE/plugins/com.st.stm32cube.ide.mcu.externaltools.gnu-tools-for-stm32.12.3.rel1.win32_1.0.200.202406191623/tools/bin/../lib/gcc/arm-none-eabi/12.3.1/thumb/v6-m/nofp/crtn.o
 *(.fini)
 .fini          0x080078ac        0x4 C:/CubeIDE/STM32CubeIDE_1.16.0/STM32CubeIDE/plugins/com.st.stm32cube.ide.mcu.externaltools.gnu-tools-for-stm32.12.3.rel1.win32_1.0.200.202406191623/tools/bin/../lib/gcc/arm-none-eabi/12.3.1/thumb/v6-m/nofp/crti.o
                0x080078ac                _fini
 .fini          0x080078b0        0x8 C:/CubeIDE/STM32CubeIDE_1.16.0/STM32CubeIDE/plugins/com.st.stm32cube.ide.mcu.externaltools.gnu-tools-for-stm32.12.3.rel1.win32_1.0.200.202406191623/tools/bin/../lib/gcc/arm-none-eabi/12.3.1/thumb/v6-m/nofp/crtn.o
 .fini.__stub   0x080078b8       0x10 linker stubs
                0x080078c8                        . = ALIGN (0x4)
                0x080078c8                        _etext = .

.vfp11_veneer   0x080078c8        0x0
 .vfp11_veneer  0x080078c8        0x0 linker stubs

.v4_bx          0x080078c8        0x0
 .v4_bx         0x080078c8        0x0 linker stubs

.iplt           0x080078c8        0x0
 .iplt          0x080078c8        0x0 C:/CubeIDE/STM32CubeIDE_1.16.0/STM32CubeIDE/plugins/com.st.stm32cube.ide.mcu.externaltools.gnu-tools-for-stm32.12.3.rel1.win32_1.0.200.202406191623/tools/bin/../lib/gcc/arm-none-eabi/12.3.1/thumb/v6-m/nofp/crtbegin.o

.rodata         0x080078c8      0x1d8
                0x080078c8                        . = ALIGN (0x4)
 *(.rodata)
 .rodata        0x080078c8       0x40 C:/CubeIDE/STM32CubeIDE_1.16.0/STM32CubeIDE/plugins/com.st.stm32cube.ide.mcu.externaltools.gnu-tools-for-stm32.12.3.rel1.win32_1.0.200.202406191623/tools/bin/../lib/gcc/arm-none-eabi/12.3.1/thumb/v6-m/nofp\libgcc.a(divdf3.o)
 *(.rodata*)
 .rodata.CHANNEL_OFFSET_TAB
                0x08007908        0x5 ./Core/Src/RGB.o
 *fill*         0x0800790d        0x3 
 .rodata.BLACK  0x08007910        0x3 ./Core/Src/RGB.o
 *fill*         0x08007913        0x1 
 .rodata.Slave_Complete_Callback
                0x08007914      0x124 ./Core/Src/main.o
 .rodata.CHANNEL_OFFSET_TAB
                0x08007a38        0x5 ./Core/Src/stm32g0xx_it.o
 *fill*         0x08007a3d        0x3 
 .rodata.AHBPrescTable
                0x08007a40       0x40 ./Core/Src/system_stm32g0xx.o
                0x08007a40                AHBPrescTable
 .rodata.CHANNEL_OFFSET_TAB
                0x08007a80        0x5 ./Core/Src/tim.o
 *fill*         0x08007a85        0x3 
 .rodata.OFFSET_TAB_CCMRx
                0x08007a88        0x9 ./Core/Src/tim.o
 *fill*         0x08007a91        0x3 
 .rodata.SHIFT_TAB_OCxx
                0x08007a94        0x9 ./Core/Src/tim.o
                0x08007aa0                        . = ALIGN (0x4)
 *fill*         0x08007a9d        0x3 

.ARM.extab      0x08007aa0        0x0
                0x08007aa0                        . = ALIGN (0x4)
 *(.ARM.extab* .gnu.linkonce.armextab.*)
                0x08007aa0                        . = ALIGN (0x4)

.ARM            0x08007aa0        0x0
                0x08007aa0                        . = ALIGN (0x4)
                0x08007aa0                        __exidx_start = .
 *(.ARM.exidx*)
                0x08007aa0                        __exidx_end = .
                0x08007aa0                        . = ALIGN (0x4)

.preinit_array  0x08007aa0        0x0
                0x08007aa0                        . = ALIGN (0x4)
                0x08007aa0                        PROVIDE (__preinit_array_start = .)
 *(.preinit_array*)
                0x08007aa0                        PROVIDE (__preinit_array_end = .)
                0x08007aa0                        . = ALIGN (0x4)

.init_array     0x08007aa0        0x4
                0x08007aa0                        . = ALIGN (0x4)
                0x08007aa0                        PROVIDE (__init_array_start = .)
 *(SORT_BY_NAME(.init_array.*))
 *(.init_array*)
 .init_array    0x08007aa0        0x4 C:/CubeIDE/STM32CubeIDE_1.16.0/STM32CubeIDE/plugins/com.st.stm32cube.ide.mcu.externaltools.gnu-tools-for-stm32.12.3.rel1.win32_1.0.200.202406191623/tools/bin/../lib/gcc/arm-none-eabi/12.3.1/thumb/v6-m/nofp/crtbegin.o
                0x08007aa4                        PROVIDE (__init_array_end = .)
                0x08007aa4                        . = ALIGN (0x4)

.fini_array     0x08007aa4        0x4
                0x08007aa4                        . = ALIGN (0x4)
                [!provide]                        PROVIDE (__fini_array_start = .)
 *(SORT_BY_NAME(.fini_array.*))
 *(.fini_array*)
 .fini_array    0x08007aa4        0x4 C:/CubeIDE/STM32CubeIDE_1.16.0/STM32CubeIDE/plugins/com.st.stm32cube.ide.mcu.externaltools.gnu-tools-for-stm32.12.3.rel1.win32_1.0.200.202406191623/tools/bin/../lib/gcc/arm-none-eabi/12.3.1/thumb/v6-m/nofp/crtbegin.o
                [!provide]                        PROVIDE (__fini_array_end = .)
                0x08007aa8                        . = ALIGN (0x4)
                0x08007aa8                        _sidata = LOADADDR (.data)

.rel.dyn        0x08007aa8        0x0
 .rel.iplt      0x08007aa8        0x0 C:/CubeIDE/STM32CubeIDE_1.16.0/STM32CubeIDE/plugins/com.st.stm32cube.ide.mcu.externaltools.gnu-tools-for-stm32.12.3.rel1.win32_1.0.200.202406191623/tools/bin/../lib/gcc/arm-none-eabi/12.3.1/thumb/v6-m/nofp/crtbegin.o

.data           0x200000c0       0x94 load address 0x08007aa8
                0x200000c0                        . = ALIGN (0x4)
                0x200000c0                        _sdata = .
 *(.data)
 *(.data*)
 .data.SystemCoreClock
                0x200000c0        0x4 ./Core/Src/system_stm32g0xx.o
                0x200000c0                SystemCoreClock
 .data.uwTickPrio
                0x200000c4        0x4 ./Drivers/STM32G0xx_HAL_Driver/Src/stm32g0xx_hal.o
                0x200000c4                uwTickPrio
 .data.uwTickFreq
                0x200000c8        0x1 ./Drivers/STM32G0xx_HAL_Driver/Src/stm32g0xx_hal.o
                0x200000c8                uwTickFreq
 *(.RamFunc)
 *fill*         0x200000c9        0x3 
 .RamFunc       0x200000cc       0x88 ./Drivers/STM32G0xx_HAL_Driver/Src/stm32g0xx_hal_flash.o
 *(.RamFunc*)
                0x20000154                        . = ALIGN (0x4)
                0x20000154                        _edata = .

.igot.plt       0x20000154        0x0 load address 0x08007b3c
 .igot.plt      0x20000154        0x0 C:/CubeIDE/STM32CubeIDE_1.16.0/STM32CubeIDE/plugins/com.st.stm32cube.ide.mcu.externaltools.gnu-tools-for-stm32.12.3.rel1.win32_1.0.200.202406191623/tools/bin/../lib/gcc/arm-none-eabi/12.3.1/thumb/v6-m/nofp/crtbegin.o
                0x20000154                        . = ALIGN (0x4)

.bss            0x20000154      0x570 load address 0x08007b3c
                0x20000154                        _sbss = .
                0x20000154                        __bss_start__ = _sbss
 *(.bss)
 .bss           0x20000154       0x1c C:/CubeIDE/STM32CubeIDE_1.16.0/STM32CubeIDE/plugins/com.st.stm32cube.ide.mcu.externaltools.gnu-tools-for-stm32.12.3.rel1.win32_1.0.200.202406191623/tools/bin/../lib/gcc/arm-none-eabi/12.3.1/thumb/v6-m/nofp/crtbegin.o
 *(.bss*)
 .bss.rgb_buf   0x20000170       0x60 ./Core/Src/RGB.o
 .bss.aReceiveBuffer
                0x200001d0      0x258 ./Core/Src/i2c_ex.o
                0x200001d0                aReceiveBuffer
 .bss.tx_buffer
                0x20000428      0x258 ./Core/Src/i2c_ex.o
                0x20000428                tx_buffer
 .bss.ubReceiveIndex
                0x20000680        0x2 ./Core/Src/i2c_ex.o
                0x20000680                ubReceiveIndex
 .bss.i2c_addr  0x20000682        0x1 ./Core/Src/i2c_ex.o
                0x20000682                i2c_addr
 *fill*         0x20000683        0x1 
 .bss.tx_buffer_index
                0x20000684        0x2 ./Core/Src/i2c_ex.o
                0x20000684                tx_buffer_index
 .bss.tx_len    0x20000686        0x2 ./Core/Src/i2c_ex.o
                0x20000686                tx_len
 .bss.i2c_timeout_counter
                0x20000688        0x4 ./Core/Src/i2c_ex.o
                0x20000688                i2c_timeout_counter
 .bss.i2c_stop_timeout_flag
                0x2000068c        0x4 ./Core/Src/i2c_ex.o
                0x2000068c                i2c_stop_timeout_flag
 .bss.i2c_stop_timeout_counter
                0x20000690        0x4 ./Core/Src/i2c_ex.o
                0x20000690                i2c_stop_timeout_counter
 .bss.lin_mic_pc_en_reg
                0x20000694        0x1 ./Core/Src/main.o
 .bss.hp_mode_reg
                0x20000695        0x1 ./Core/Src/main.o
 .bss.hp_det_reg
                0x20000696        0x1 ./Core/Src/main.o
 .bss.rgb_light_reg
                0x20000697        0x1 ./Core/Src/main.o
                0x20000697                rgb_light_reg
 .bss.rgb_reg   0x20000698        0x9 ./Core/Src/main.o
                0x20000698                rgb_reg
 .bss.sw_ver_reg
                0x200006a1        0x1 ./Core/Src/main.o
 .bss.i2c_addr_reg
                0x200006a2        0x1 ./Core/Src/main.o
                0x200006a2                i2c_addr_reg
 *fill*         0x200006a3        0x1 
 .bss.uwTick    0x200006a4        0x4 ./Drivers/STM32G0xx_HAL_Driver/Src/stm32g0xx_hal.o
                0x200006a4                uwTick
 .bss.pFlash    0x200006a8       0x1c ./Drivers/STM32G0xx_HAL_Driver/Src/stm32g0xx_hal_flash.o
                0x200006a8                pFlash
 *(COMMON)
                0x200006c4                        . = ALIGN (0x4)
                0x200006c4                        _ebss = .
                0x200006c4                        __bss_end__ = _ebss

._user_heap_stack
                0x200006c4      0x604 load address 0x08007b3c
                0x200006c8                        . = ALIGN (0x8)
 *fill*         0x200006c4        0x4 
                [!provide]                        PROVIDE (end = .)
                0x200006c8                        PROVIDE (_end = .)
                0x200008c8                        . = (. + _Min_Heap_Size)
 *fill*         0x200006c8      0x200 
                0x20000cc8                        . = (. + _Min_Stack_Size)
 *fill*         0x200008c8      0x400 
                0x20000cc8                        . = ALIGN (0x8)

/DISCARD/
 libc.a(*)
 libm.a(*)
 libgcc.a(*)

.ARM.attributes
                0x00000000       0x28
 *(.ARM.attributes)
 .ARM.attributes
                0x00000000       0x1e C:/CubeIDE/STM32CubeIDE_1.16.0/STM32CubeIDE/plugins/com.st.stm32cube.ide.mcu.externaltools.gnu-tools-for-stm32.12.3.rel1.win32_1.0.200.202406191623/tools/bin/../lib/gcc/arm-none-eabi/12.3.1/thumb/v6-m/nofp/crti.o
 .ARM.attributes
                0x0000001e       0x2c C:/CubeIDE/STM32CubeIDE_1.16.0/STM32CubeIDE/plugins/com.st.stm32cube.ide.mcu.externaltools.gnu-tools-for-stm32.12.3.rel1.win32_1.0.200.202406191623/tools/bin/../lib/gcc/arm-none-eabi/12.3.1/thumb/v6-m/nofp/crtbegin.o
 .ARM.attributes
                0x0000004a       0x2c ./Core/Src/RGB.o
 .ARM.attributes
                0x00000076       0x2c ./Core/Src/dma.o
 .ARM.attributes
                0x000000a2       0x2c ./Core/Src/gpio.o
 .ARM.attributes
                0x000000ce       0x2c ./Core/Src/i2c.o
 .ARM.attributes
                0x000000fa       0x2c ./Core/Src/i2c_ex.o
 .ARM.attributes
                0x00000126       0x2c ./Core/Src/iwdg.o
 .ARM.attributes
                0x00000152       0x2c ./Core/Src/main.o
 .ARM.attributes
                0x0000017e       0x2c ./Core/Src/myflash.o
 .ARM.attributes
                0x000001aa       0x2c ./Core/Src/stm32g0xx_hal_msp.o
 .ARM.attributes
                0x000001d6       0x2c ./Core/Src/stm32g0xx_it.o
 .ARM.attributes
                0x00000202       0x2c ./Core/Src/system_stm32g0xx.o
 .ARM.attributes
                0x0000022e       0x2c ./Core/Src/tim.o
 .ARM.attributes
                0x0000025a       0x22 ./Core/Startup/startup_stm32g030f6px.o
 .ARM.attributes
                0x0000027c       0x2c ./Drivers/STM32G0xx_HAL_Driver/Src/stm32g0xx_hal.o
 .ARM.attributes
                0x000002a8       0x2c ./Drivers/STM32G0xx_HAL_Driver/Src/stm32g0xx_hal_cortex.o
 .ARM.attributes
                0x000002d4       0x2c ./Drivers/STM32G0xx_HAL_Driver/Src/stm32g0xx_hal_flash.o
 .ARM.attributes
                0x00000300       0x2c ./Drivers/STM32G0xx_HAL_Driver/Src/stm32g0xx_hal_flash_ex.o
 .ARM.attributes
                0x0000032c       0x2c ./Drivers/STM32G0xx_HAL_Driver/Src/stm32g0xx_hal_gpio.o
 .ARM.attributes
                0x00000358       0x2c ./Drivers/STM32G0xx_HAL_Driver/Src/stm32g0xx_hal_pwr_ex.o
 .ARM.attributes
                0x00000384       0x2c ./Drivers/STM32G0xx_HAL_Driver/Src/stm32g0xx_hal_rcc.o
 .ARM.attributes
                0x000003b0       0x2c ./Drivers/STM32G0xx_HAL_Driver/Src/stm32g0xx_ll_gpio.o
 .ARM.attributes
                0x000003dc       0x2c ./Drivers/STM32G0xx_HAL_Driver/Src/stm32g0xx_ll_i2c.o
 .ARM.attributes
                0x00000408       0x2c ./Drivers/STM32G0xx_HAL_Driver/Src/stm32g0xx_ll_tim.o
 .ARM.attributes
                0x00000434       0x2c C:/CubeIDE/STM32CubeIDE_1.16.0/STM32CubeIDE/plugins/com.st.stm32cube.ide.mcu.externaltools.gnu-tools-for-stm32.12.3.rel1.win32_1.0.200.202406191623/tools/bin/../lib/gcc/arm-none-eabi/12.3.1/../../../../arm-none-eabi/lib/thumb/v6-m/nofp\libc_nano.a(libc_a-memset.o)
 .ARM.attributes
                0x00000460       0x2c C:/CubeIDE/STM32CubeIDE_1.16.0/STM32CubeIDE/plugins/com.st.stm32cube.ide.mcu.externaltools.gnu-tools-for-stm32.12.3.rel1.win32_1.0.200.202406191623/tools/bin/../lib/gcc/arm-none-eabi/12.3.1/../../../../arm-none-eabi/lib/thumb/v6-m/nofp\libc_nano.a(libc_a-init.o)
 .ARM.attributes
                0x0000048c       0x2c C:/CubeIDE/STM32CubeIDE_1.16.0/STM32CubeIDE/plugins/com.st.stm32cube.ide.mcu.externaltools.gnu-tools-for-stm32.12.3.rel1.win32_1.0.200.202406191623/tools/bin/../lib/gcc/arm-none-eabi/12.3.1/../../../../arm-none-eabi/lib/thumb/v6-m/nofp\libc_nano.a(libc_a-memcpy-stub.o)
 .ARM.attributes
                0x000004b8       0x1e C:/CubeIDE/STM32CubeIDE_1.16.0/STM32CubeIDE/plugins/com.st.stm32cube.ide.mcu.externaltools.gnu-tools-for-stm32.12.3.rel1.win32_1.0.200.202406191623/tools/bin/../lib/gcc/arm-none-eabi/12.3.1/thumb/v6-m/nofp\libgcc.a(_udivsi3.o)
 .ARM.attributes
                0x000004d6       0x1e C:/CubeIDE/STM32CubeIDE_1.16.0/STM32CubeIDE/plugins/com.st.stm32cube.ide.mcu.externaltools.gnu-tools-for-stm32.12.3.rel1.win32_1.0.200.202406191623/tools/bin/../lib/gcc/arm-none-eabi/12.3.1/thumb/v6-m/nofp\libgcc.a(_dvmd_tls.o)
 .ARM.attributes
                0x000004f4       0x2c C:/CubeIDE/STM32CubeIDE_1.16.0/STM32CubeIDE/plugins/com.st.stm32cube.ide.mcu.externaltools.gnu-tools-for-stm32.12.3.rel1.win32_1.0.200.202406191623/tools/bin/../lib/gcc/arm-none-eabi/12.3.1/thumb/v6-m/nofp\libgcc.a(_fixunsdfsi.o)
 .ARM.attributes
                0x00000520       0x2c C:/CubeIDE/STM32CubeIDE_1.16.0/STM32CubeIDE/plugins/com.st.stm32cube.ide.mcu.externaltools.gnu-tools-for-stm32.12.3.rel1.win32_1.0.200.202406191623/tools/bin/../lib/gcc/arm-none-eabi/12.3.1/thumb/v6-m/nofp\libgcc.a(divdf3.o)
 .ARM.attributes
                0x0000054c       0x2c C:/CubeIDE/STM32CubeIDE_1.16.0/STM32CubeIDE/plugins/com.st.stm32cube.ide.mcu.externaltools.gnu-tools-for-stm32.12.3.rel1.win32_1.0.200.202406191623/tools/bin/../lib/gcc/arm-none-eabi/12.3.1/thumb/v6-m/nofp\libgcc.a(muldf3.o)
 .ARM.attributes
                0x00000578       0x2c C:/CubeIDE/STM32CubeIDE_1.16.0/STM32CubeIDE/plugins/com.st.stm32cube.ide.mcu.externaltools.gnu-tools-for-stm32.12.3.rel1.win32_1.0.200.202406191623/tools/bin/../lib/gcc/arm-none-eabi/12.3.1/thumb/v6-m/nofp\libgcc.a(subdf3.o)
 .ARM.attributes
                0x000005a4       0x2c C:/CubeIDE/STM32CubeIDE_1.16.0/STM32CubeIDE/plugins/com.st.stm32cube.ide.mcu.externaltools.gnu-tools-for-stm32.12.3.rel1.win32_1.0.200.202406191623/tools/bin/../lib/gcc/arm-none-eabi/12.3.1/thumb/v6-m/nofp\libgcc.a(fixdfsi.o)
 .ARM.attributes
                0x000005d0       0x2c C:/CubeIDE/STM32CubeIDE_1.16.0/STM32CubeIDE/plugins/com.st.stm32cube.ide.mcu.externaltools.gnu-tools-for-stm32.12.3.rel1.win32_1.0.200.202406191623/tools/bin/../lib/gcc/arm-none-eabi/12.3.1/thumb/v6-m/nofp\libgcc.a(floatsidf.o)
 .ARM.attributes
                0x000005fc       0x1e C:/CubeIDE/STM32CubeIDE_1.16.0/STM32CubeIDE/plugins/com.st.stm32cube.ide.mcu.externaltools.gnu-tools-for-stm32.12.3.rel1.win32_1.0.200.202406191623/tools/bin/../lib/gcc/arm-none-eabi/12.3.1/thumb/v6-m/nofp\libgcc.a(_arm_cmpdf2.o)
 .ARM.attributes
                0x0000061a       0x1e C:/CubeIDE/STM32CubeIDE_1.16.0/STM32CubeIDE/plugins/com.st.stm32cube.ide.mcu.externaltools.gnu-tools-for-stm32.12.3.rel1.win32_1.0.200.202406191623/tools/bin/../lib/gcc/arm-none-eabi/12.3.1/thumb/v6-m/nofp\libgcc.a(_clzsi2.o)
 .ARM.attributes
                0x00000638       0x2c C:/CubeIDE/STM32CubeIDE_1.16.0/STM32CubeIDE/plugins/com.st.stm32cube.ide.mcu.externaltools.gnu-tools-for-stm32.12.3.rel1.win32_1.0.200.202406191623/tools/bin/../lib/gcc/arm-none-eabi/12.3.1/thumb/v6-m/nofp\libgcc.a(eqdf2.o)
 .ARM.attributes
                0x00000664       0x2c C:/CubeIDE/STM32CubeIDE_1.16.0/STM32CubeIDE/plugins/com.st.stm32cube.ide.mcu.externaltools.gnu-tools-for-stm32.12.3.rel1.win32_1.0.200.202406191623/tools/bin/../lib/gcc/arm-none-eabi/12.3.1/thumb/v6-m/nofp\libgcc.a(gedf2.o)
 .ARM.attributes
                0x00000690       0x2c C:/CubeIDE/STM32CubeIDE_1.16.0/STM32CubeIDE/plugins/com.st.stm32cube.ide.mcu.externaltools.gnu-tools-for-stm32.12.3.rel1.win32_1.0.200.202406191623/tools/bin/../lib/gcc/arm-none-eabi/12.3.1/thumb/v6-m/nofp\libgcc.a(ledf2.o)
 .ARM.attributes
                0x000006bc       0x1e C:/CubeIDE/STM32CubeIDE_1.16.0/STM32CubeIDE/plugins/com.st.stm32cube.ide.mcu.externaltools.gnu-tools-for-stm32.12.3.rel1.win32_1.0.200.202406191623/tools/bin/../lib/gcc/arm-none-eabi/12.3.1/thumb/v6-m/nofp/crtn.o
OUTPUT(Module_Audio.elf elf32-littlearm)
LOAD linker stubs
LOAD C:/CubeIDE/STM32CubeIDE_1.16.0/STM32CubeIDE/plugins/com.st.stm32cube.ide.mcu.externaltools.gnu-tools-for-stm32.12.3.rel1.win32_1.0.200.202406191623/tools/bin/../lib/gcc/arm-none-eabi/12.3.1/../../../../arm-none-eabi/lib/thumb/v6-m/nofp\libc.a
LOAD C:/CubeIDE/STM32CubeIDE_1.16.0/STM32CubeIDE/plugins/com.st.stm32cube.ide.mcu.externaltools.gnu-tools-for-stm32.12.3.rel1.win32_1.0.200.202406191623/tools/bin/../lib/gcc/arm-none-eabi/12.3.1/../../../../arm-none-eabi/lib/thumb/v6-m/nofp\libm.a
LOAD C:/CubeIDE/STM32CubeIDE_1.16.0/STM32CubeIDE/plugins/com.st.stm32cube.ide.mcu.externaltools.gnu-tools-for-stm32.12.3.rel1.win32_1.0.200.202406191623/tools/bin/../lib/gcc/arm-none-eabi/12.3.1/thumb/v6-m/nofp\libgcc.a

.debug_info     0x00000000     0xa022
 .debug_info    0x00000000      0x889 ./Core/Src/RGB.o
 .debug_info    0x00000889      0x3a4 ./Core/Src/dma.o
 .debug_info    0x00000c2d      0x5ba ./Core/Src/gpio.o
 .debug_info    0x000011e7      0x9f0 ./Core/Src/i2c.o
 .debug_info    0x00001bd7      0x86d ./Core/Src/i2c_ex.o
 .debug_info    0x00002444      0x2a2 ./Core/Src/iwdg.o
 .debug_info    0x000026e6      0xbc4 ./Core/Src/main.o
 .debug_info    0x000032aa      0x60e ./Core/Src/myflash.o
 .debug_info    0x000038b8      0x2d4 ./Core/Src/stm32g0xx_hal_msp.o
 .debug_info    0x00003b8c      0x4b7 ./Core/Src/stm32g0xx_it.o
 .debug_info    0x00004043      0x316 ./Core/Src/system_stm32g0xx.o
 .debug_info    0x00004359      0xcb8 ./Core/Src/tim.o
 .debug_info    0x00005011       0x30 ./Core/Startup/startup_stm32g030f6px.o
 .debug_info    0x00005041      0x8f0 ./Drivers/STM32G0xx_HAL_Driver/Src/stm32g0xx_hal.o
 .debug_info    0x00005931      0x8a9 ./Drivers/STM32G0xx_HAL_Driver/Src/stm32g0xx_hal_cortex.o
 .debug_info    0x000061da      0x63e ./Drivers/STM32G0xx_HAL_Driver/Src/stm32g0xx_hal_flash.o
 .debug_info    0x00006818      0x633 ./Drivers/STM32G0xx_HAL_Driver/Src/stm32g0xx_hal_flash_ex.o
 .debug_info    0x00006e4b      0x59d ./Drivers/STM32G0xx_HAL_Driver/Src/stm32g0xx_hal_gpio.o
 .debug_info    0x000073e8      0x496 ./Drivers/STM32G0xx_HAL_Driver/Src/stm32g0xx_hal_pwr_ex.o
 .debug_info    0x0000787e      0xad0 ./Drivers/STM32G0xx_HAL_Driver/Src/stm32g0xx_hal_rcc.o
 .debug_info    0x0000834e      0x5e2 ./Drivers/STM32G0xx_HAL_Driver/Src/stm32g0xx_ll_gpio.o
 .debug_info    0x00008930      0x602 ./Drivers/STM32G0xx_HAL_Driver/Src/stm32g0xx_ll_i2c.o
 .debug_info    0x00008f32     0x10f0 ./Drivers/STM32G0xx_HAL_Driver/Src/stm32g0xx_ll_tim.o

.debug_abbrev   0x00000000     0x2b45
 .debug_abbrev  0x00000000      0x20f ./Core/Src/RGB.o
 .debug_abbrev  0x0000020f      0x115 ./Core/Src/dma.o
 .debug_abbrev  0x00000324      0x189 ./Core/Src/gpio.o
 .debug_abbrev  0x000004ad      0x1fd ./Core/Src/i2c.o
 .debug_abbrev  0x000006aa      0x25b ./Core/Src/i2c_ex.o
 .debug_abbrev  0x00000905      0x141 ./Core/Src/iwdg.o
 .debug_abbrev  0x00000a46      0x35f ./Core/Src/main.o
 .debug_abbrev  0x00000da5      0x1ee ./Core/Src/myflash.o
 .debug_abbrev  0x00000f93       0xdd ./Core/Src/stm32g0xx_hal_msp.o
 .debug_abbrev  0x00001070      0x1c5 ./Core/Src/stm32g0xx_it.o
 .debug_abbrev  0x00001235      0x119 ./Core/Src/system_stm32g0xx.o
 .debug_abbrev  0x0000134e      0x196 ./Core/Src/tim.o
 .debug_abbrev  0x000014e4       0x24 ./Core/Startup/startup_stm32g030f6px.o
 .debug_abbrev  0x00001508      0x2b4 ./Drivers/STM32G0xx_HAL_Driver/Src/stm32g0xx_hal.o
 .debug_abbrev  0x000017bc      0x2ab ./Drivers/STM32G0xx_HAL_Driver/Src/stm32g0xx_hal_cortex.o
 .debug_abbrev  0x00001a67      0x2f8 ./Drivers/STM32G0xx_HAL_Driver/Src/stm32g0xx_hal_flash.o
 .debug_abbrev  0x00001d5f      0x25f ./Drivers/STM32G0xx_HAL_Driver/Src/stm32g0xx_hal_flash_ex.o
 .debug_abbrev  0x00001fbe      0x1c3 ./Drivers/STM32G0xx_HAL_Driver/Src/stm32g0xx_hal_gpio.o
 .debug_abbrev  0x00002181      0x1d7 ./Drivers/STM32G0xx_HAL_Driver/Src/stm32g0xx_hal_pwr_ex.o
 .debug_abbrev  0x00002358      0x2a9 ./Drivers/STM32G0xx_HAL_Driver/Src/stm32g0xx_hal_rcc.o
 .debug_abbrev  0x00002601      0x1ad ./Drivers/STM32G0xx_HAL_Driver/Src/stm32g0xx_ll_gpio.o
 .debug_abbrev  0x000027ae      0x18a ./Drivers/STM32G0xx_HAL_Driver/Src/stm32g0xx_ll_i2c.o
 .debug_abbrev  0x00002938      0x20d ./Drivers/STM32G0xx_HAL_Driver/Src/stm32g0xx_ll_tim.o

.debug_aranges  0x00000000      0xc80
 .debug_aranges
                0x00000000       0xd8 ./Core/Src/RGB.o
 .debug_aranges
                0x000000d8       0x20 ./Core/Src/dma.o
 .debug_aranges
                0x000000f8       0x20 ./Core/Src/gpio.o
 .debug_aranges
                0x00000118       0x70 ./Core/Src/i2c.o
 .debug_aranges
                0x00000188      0x138 ./Core/Src/i2c_ex.o
 .debug_aranges
                0x000002c0       0x50 ./Core/Src/iwdg.o
 .debug_aranges
                0x00000310       0x80 ./Core/Src/main.o
 .debug_aranges
                0x00000390       0xa8 ./Core/Src/myflash.o
 .debug_aranges
                0x00000438       0x20 ./Core/Src/stm32g0xx_hal_msp.o
 .debug_aranges
                0x00000458       0x80 ./Core/Src/stm32g0xx_it.o
 .debug_aranges
                0x000004d8       0x28 ./Core/Src/system_stm32g0xx.o
 .debug_aranges
                0x00000500       0x88 ./Core/Src/tim.o
 .debug_aranges
                0x00000588       0x28 ./Core/Startup/startup_stm32g030f6px.o
 .debug_aranges
                0x000005b0      0x100 ./Drivers/STM32G0xx_HAL_Driver/Src/stm32g0xx_hal.o
 .debug_aranges
                0x000006b0       0xe8 ./Drivers/STM32G0xx_HAL_Driver/Src/stm32g0xx_hal_cortex.o
 .debug_aranges
                0x00000798       0x88 ./Drivers/STM32G0xx_HAL_Driver/Src/stm32g0xx_hal_flash.o
 .debug_aranges
                0x00000820       0x88 ./Drivers/STM32G0xx_HAL_Driver/Src/stm32g0xx_hal_flash_ex.o
 .debug_aranges
                0x000008a8       0x60 ./Drivers/STM32G0xx_HAL_Driver/Src/stm32g0xx_hal_gpio.o
 .debug_aranges
                0x00000908       0x98 ./Drivers/STM32G0xx_HAL_Driver/Src/stm32g0xx_hal_pwr_ex.o
 .debug_aranges
                0x000009a0       0xa0 ./Drivers/STM32G0xx_HAL_Driver/Src/stm32g0xx_hal_rcc.o
 .debug_aranges
                0x00000a40       0x70 ./Drivers/STM32G0xx_HAL_Driver/Src/stm32g0xx_ll_gpio.o
 .debug_aranges
                0x00000ab0       0x88 ./Drivers/STM32G0xx_HAL_Driver/Src/stm32g0xx_ll_i2c.o
 .debug_aranges
                0x00000b38      0x148 ./Drivers/STM32G0xx_HAL_Driver/Src/stm32g0xx_ll_tim.o

.debug_rnglists
                0x00000000      0x925
 .debug_rnglists
                0x00000000       0xa0 ./Core/Src/RGB.o
 .debug_rnglists
                0x000000a0       0x13 ./Core/Src/dma.o
 .debug_rnglists
                0x000000b3       0x14 ./Core/Src/gpio.o
 .debug_rnglists
                0x000000c7       0x52 ./Core/Src/i2c.o
 .debug_rnglists
                0x00000119       0xe6 ./Core/Src/i2c_ex.o
 .debug_rnglists
                0x000001ff       0x37 ./Core/Src/iwdg.o
 .debug_rnglists
                0x00000236       0x5e ./Core/Src/main.o
 .debug_rnglists
                0x00000294       0x7b ./Core/Src/myflash.o
 .debug_rnglists
                0x0000030f       0x13 ./Core/Src/stm32g0xx_hal_msp.o
 .debug_rnglists
                0x00000322       0x5b ./Core/Src/stm32g0xx_it.o
 .debug_rnglists
                0x0000037d       0x1a ./Core/Src/system_stm32g0xx.o
 .debug_rnglists
                0x00000397       0x64 ./Core/Src/tim.o
 .debug_rnglists
                0x000003fb       0x19 ./Core/Startup/startup_stm32g030f6px.o
 .debug_rnglists
                0x00000414       0xbc ./Drivers/STM32G0xx_HAL_Driver/Src/stm32g0xx_hal.o
 .debug_rnglists
                0x000004d0       0xaa ./Drivers/STM32G0xx_HAL_Driver/Src/stm32g0xx_hal_cortex.o
 .debug_rnglists
                0x0000057a       0x66 ./Drivers/STM32G0xx_HAL_Driver/Src/stm32g0xx_hal_flash.o
 .debug_rnglists
                0x000005e0       0x64 ./Drivers/STM32G0xx_HAL_Driver/Src/stm32g0xx_hal_flash_ex.o
 .debug_rnglists
                0x00000644       0x45 ./Drivers/STM32G0xx_HAL_Driver/Src/stm32g0xx_hal_gpio.o
 .debug_rnglists
                0x00000689       0x72 ./Drivers/STM32G0xx_HAL_Driver/Src/stm32g0xx_hal_pwr_ex.o
 .debug_rnglists
                0x000006fb       0x79 ./Drivers/STM32G0xx_HAL_Driver/Src/stm32g0xx_hal_rcc.o
 .debug_rnglists
                0x00000774       0x51 ./Drivers/STM32G0xx_HAL_Driver/Src/stm32g0xx_ll_gpio.o
 .debug_rnglists
                0x000007c5       0x62 ./Drivers/STM32G0xx_HAL_Driver/Src/stm32g0xx_ll_i2c.o
 .debug_rnglists
                0x00000827       0xfe ./Drivers/STM32G0xx_HAL_Driver/Src/stm32g0xx_ll_tim.o

.debug_macro    0x00000000    0x17609
 .debug_macro   0x00000000      0x241 ./Core/Src/RGB.o
 .debug_macro   0x00000241      0xa90 ./Core/Src/RGB.o
 .debug_macro   0x00000cd1      0x111 ./Core/Src/RGB.o
 .debug_macro   0x00000de2       0x2e ./Core/Src/RGB.o
 .debug_macro   0x00000e10       0x28 ./Core/Src/RGB.o
 .debug_macro   0x00000e38       0x22 ./Core/Src/RGB.o
 .debug_macro   0x00000e5a       0x8e ./Core/Src/RGB.o
 .debug_macro   0x00000ee8       0x51 ./Core/Src/RGB.o
 .debug_macro   0x00000f39      0x103 ./Core/Src/RGB.o
 .debug_macro   0x0000103c       0x6a ./Core/Src/RGB.o
 .debug_macro   0x000010a6      0x1df ./Core/Src/RGB.o
 .debug_macro   0x00001285       0x1c ./Core/Src/RGB.o
 .debug_macro   0x000012a1       0x22 ./Core/Src/RGB.o
 .debug_macro   0x000012c3       0xd1 ./Core/Src/RGB.o
 .debug_macro   0x00001394      0x4da ./Core/Src/RGB.o
 .debug_macro   0x0000186e      0x11f ./Core/Src/RGB.o
 .debug_macro   0x0000198d     0xa0e8 ./Core/Src/RGB.o
 .debug_macro   0x0000ba75       0x66 ./Core/Src/RGB.o
 .debug_macro   0x0000badb     0x350e ./Core/Src/RGB.o
 .debug_macro   0x0000efe9      0x189 ./Core/Src/RGB.o
 .debug_macro   0x0000f172       0x5c ./Core/Src/RGB.o
 .debug_macro   0x0000f1ce      0x470 ./Core/Src/RGB.o
 .debug_macro   0x0000f63e      0xe1a ./Core/Src/RGB.o
 .debug_macro   0x00010458      0x106 ./Core/Src/RGB.o
 .debug_macro   0x0001055e      0x1cf ./Core/Src/RGB.o
 .debug_macro   0x0001072d       0xff ./Core/Src/RGB.o
 .debug_macro   0x0001082c      0x33c ./Core/Src/RGB.o
 .debug_macro   0x00010b68      0x209 ./Core/Src/RGB.o
 .debug_macro   0x00010d71      0x2c7 ./Core/Src/RGB.o
 .debug_macro   0x00011038      0x198 ./Core/Src/RGB.o
 .debug_macro   0x000111d0       0x43 ./Core/Src/RGB.o
 .debug_macro   0x00011213      0x1f1 ./Core/Src/RGB.o
 .debug_macro   0x00011404      0x1d6 ./Core/Src/RGB.o
 .debug_macro   0x000115da      0x2a3 ./Core/Src/RGB.o
 .debug_macro   0x0001187d       0x28 ./Core/Src/RGB.o
 .debug_macro   0x000118a5       0xcf ./Core/Src/RGB.o
 .debug_macro   0x00011974       0xff ./Core/Src/RGB.o
 .debug_macro   0x00011a73      0x10d ./Core/Src/RGB.o
 .debug_macro   0x00011b80      0x412 ./Core/Src/RGB.o
 .debug_macro   0x00011f92      0x24d ./Core/Src/RGB.o
 .debug_macro   0x000121df       0x6a ./Core/Src/RGB.o
 .debug_macro   0x00012249      0x8f3 ./Core/Src/RGB.o
 .debug_macro   0x00012b3c       0xd3 ./Core/Src/RGB.o
 .debug_macro   0x00012c0f      0x174 ./Core/Src/RGB.o
 .debug_macro   0x00012d83      0x12c ./Core/Src/RGB.o
 .debug_macro   0x00012eaf       0x5a ./Core/Src/RGB.o
 .debug_macro   0x00012f09      0x159 ./Core/Src/RGB.o
 .debug_macro   0x00013062      0x131 ./Core/Src/RGB.o
 .debug_macro   0x00013193      0x177 ./Core/Src/RGB.o
 .debug_macro   0x0001330a       0x2e ./Core/Src/RGB.o
 .debug_macro   0x00013338       0x16 ./Core/Src/RGB.o
 .debug_macro   0x0001334e      0x232 ./Core/Src/dma.o
 .debug_macro   0x00013580      0x232 ./Core/Src/gpio.o
 .debug_macro   0x000137b2      0x23c ./Core/Src/i2c.o
 .debug_macro   0x000139ee      0x354 ./Core/Src/i2c_ex.o
 .debug_macro   0x00013d42       0x61 ./Core/Src/i2c_ex.o
 .debug_macro   0x00013da3       0x24 ./Core/Src/i2c_ex.o
 .debug_macro   0x00013dc7       0x43 ./Core/Src/i2c_ex.o
 .debug_macro   0x00013e0a       0x34 ./Core/Src/i2c_ex.o
 .debug_macro   0x00013e3e       0x16 ./Core/Src/i2c_ex.o
 .debug_macro   0x00013e54       0x35 ./Core/Src/i2c_ex.o
 .debug_macro   0x00013e89      0x369 ./Core/Src/i2c_ex.o
 .debug_macro   0x000141f2       0x10 ./Core/Src/i2c_ex.o
 .debug_macro   0x00014202       0x16 ./Core/Src/i2c_ex.o
 .debug_macro   0x00014218       0x43 ./Core/Src/i2c_ex.o
 .debug_macro   0x0001425b       0x34 ./Core/Src/i2c_ex.o
 .debug_macro   0x0001428f       0x10 ./Core/Src/i2c_ex.o
 .debug_macro   0x0001429f       0x58 ./Core/Src/i2c_ex.o
 .debug_macro   0x000142f7       0x8e ./Core/Src/i2c_ex.o
 .debug_macro   0x00014385       0x1c ./Core/Src/i2c_ex.o
 .debug_macro   0x000143a1      0x177 ./Core/Src/i2c_ex.o
 .debug_macro   0x00014518       0x16 ./Core/Src/i2c_ex.o
 .debug_macro   0x0001452e       0x16 ./Core/Src/i2c_ex.o
 .debug_macro   0x00014544      0x146 ./Core/Src/i2c_ex.o
 .debug_macro   0x0001468a       0x16 ./Core/Src/i2c_ex.o
 .debug_macro   0x000146a0       0x20 ./Core/Src/i2c_ex.o
 .debug_macro   0x000146c0      0x232 ./Core/Src/iwdg.o
 .debug_macro   0x000148f2      0x2eb ./Core/Src/main.o
 .debug_macro   0x00014bdd       0x1c ./Core/Src/main.o
 .debug_macro   0x00014bf9       0x22 ./Core/Src/main.o
 .debug_macro   0x00014c1b       0x2e ./Core/Src/main.o
 .debug_macro   0x00014c49      0x244 ./Core/Src/myflash.o
 .debug_macro   0x00014e8d      0x228 ./Core/Src/stm32g0xx_hal_msp.o
 .debug_macro   0x000150b5      0x232 ./Core/Src/stm32g0xx_it.o
 .debug_macro   0x000152e7      0x1b7 ./Core/Src/system_stm32g0xx.o
 .debug_macro   0x0001549e      0x232 ./Core/Src/tim.o
 .debug_macro   0x000156d0      0x1d5 ./Drivers/STM32G0xx_HAL_Driver/Src/stm32g0xx_hal.o
 .debug_macro   0x000158a5      0x1b7 ./Drivers/STM32G0xx_HAL_Driver/Src/stm32g0xx_hal_cortex.o
 .debug_macro   0x00015a5c      0x1b7 ./Drivers/STM32G0xx_HAL_Driver/Src/stm32g0xx_hal_flash.o
 .debug_macro   0x00015c13      0x1b7 ./Drivers/STM32G0xx_HAL_Driver/Src/stm32g0xx_hal_flash_ex.o
 .debug_macro   0x00015dca      0x1be ./Drivers/STM32G0xx_HAL_Driver/Src/stm32g0xx_hal_gpio.o
 .debug_macro   0x00015f88      0x1c9 ./Drivers/STM32G0xx_HAL_Driver/Src/stm32g0xx_hal_pwr_ex.o
 .debug_macro   0x00016151      0x1f9 ./Drivers/STM32G0xx_HAL_Driver/Src/stm32g0xx_hal_rcc.o
 .debug_macro   0x0001634a      0x1f9 ./Drivers/STM32G0xx_HAL_Driver/Src/stm32g0xx_ll_gpio.o
 .debug_macro   0x00016543      0x12b ./Drivers/STM32G0xx_HAL_Driver/Src/stm32g0xx_ll_gpio.o
 .debug_macro   0x0001666e      0x1f9 ./Drivers/STM32G0xx_HAL_Driver/Src/stm32g0xx_ll_i2c.o
 .debug_macro   0x00016867      0x247 ./Drivers/STM32G0xx_HAL_Driver/Src/stm32g0xx_ll_i2c.o
 .debug_macro   0x00016aae      0x26e ./Drivers/STM32G0xx_HAL_Driver/Src/stm32g0xx_ll_tim.o
 .debug_macro   0x00016d1c      0x8ed ./Drivers/STM32G0xx_HAL_Driver/Src/stm32g0xx_ll_tim.o

.debug_line     0x00000000     0xe7b9
 .debug_line    0x00000000      0xb77 ./Core/Src/RGB.o
 .debug_line    0x00000b77      0x7f4 ./Core/Src/dma.o
 .debug_line    0x0000136b      0x821 ./Core/Src/gpio.o
 .debug_line    0x00001b8c      0xa25 ./Core/Src/i2c.o
 .debug_line    0x000025b1      0xf6d ./Core/Src/i2c_ex.o
 .debug_line    0x0000351e      0x8bc ./Core/Src/iwdg.o
 .debug_line    0x00003dda      0xd28 ./Core/Src/main.o
 .debug_line    0x00004b02      0xb02 ./Core/Src/myflash.o
 .debug_line    0x00005604      0x7f9 ./Core/Src/stm32g0xx_hal_msp.o
 .debug_line    0x00005dfd      0x942 ./Core/Src/stm32g0xx_it.o
 .debug_line    0x0000673f      0x784 ./Core/Src/system_stm32g0xx.o
 .debug_line    0x00006ec3      0xaf5 ./Core/Src/tim.o
 .debug_line    0x000079b8       0x7b ./Core/Startup/startup_stm32g030f6px.o
 .debug_line    0x00007a33      0xa3f ./Drivers/STM32G0xx_HAL_Driver/Src/stm32g0xx_hal.o
 .debug_line    0x00008472      0xb5f ./Drivers/STM32G0xx_HAL_Driver/Src/stm32g0xx_hal_cortex.o
 .debug_line    0x00008fd1      0xa64 ./Drivers/STM32G0xx_HAL_Driver/Src/stm32g0xx_hal_flash.o
 .debug_line    0x00009a35      0xa56 ./Drivers/STM32G0xx_HAL_Driver/Src/stm32g0xx_hal_flash_ex.o
 .debug_line    0x0000a48b      0xb43 ./Drivers/STM32G0xx_HAL_Driver/Src/stm32g0xx_hal_gpio.o
 .debug_line    0x0000afce      0x955 ./Drivers/STM32G0xx_HAL_Driver/Src/stm32g0xx_hal_pwr_ex.o
 .debug_line    0x0000b923      0xecd ./Drivers/STM32G0xx_HAL_Driver/Src/stm32g0xx_hal_rcc.o
 .debug_line    0x0000c7f0      0x8d1 ./Drivers/STM32G0xx_HAL_Driver/Src/stm32g0xx_ll_gpio.o
 .debug_line    0x0000d0c1      0x8e8 ./Drivers/STM32G0xx_HAL_Driver/Src/stm32g0xx_ll_i2c.o
 .debug_line    0x0000d9a9      0xe10 ./Drivers/STM32G0xx_HAL_Driver/Src/stm32g0xx_ll_tim.o

.debug_str      0x00000000    0x85c00
 .debug_str     0x00000000    0x7d4b9 ./Core/Src/RGB.o
                              0x7da90 (size before relaxing)
 .debug_str     0x0007d4b9      0x27c ./Core/Src/dma.o
                              0x7d9ce (size before relaxing)
 .debug_str     0x0007d735       0xf3 ./Core/Src/gpio.o
                              0x7dac2 (size before relaxing)
 .debug_str     0x0007d828      0x257 ./Core/Src/i2c.o
                              0x7dcb4 (size before relaxing)
 .debug_str     0x0007da7f     0x3b4d ./Core/Src/i2c_ex.o
                              0x81346 (size before relaxing)
 .debug_str     0x000815cc       0xc1 ./Core/Src/iwdg.o
                              0x7d807 (size before relaxing)
 .debug_str     0x0008168d      0x6e8 ./Core/Src/main.o
                              0x7e12a (size before relaxing)
 .debug_str     0x00081d75      0x1e9 ./Core/Src/myflash.o
                              0x7dbe9 (size before relaxing)
 .debug_str     0x00081f5e       0x2c ./Core/Src/stm32g0xx_hal_msp.o
                              0x7d824 (size before relaxing)
 .debug_str     0x00081f8a      0x114 ./Core/Src/stm32g0xx_it.o
                              0x7d946 (size before relaxing)
 .debug_str     0x0008209e       0x8e ./Core/Src/system_stm32g0xx.o
                              0x74ddb (size before relaxing)
 .debug_str     0x0008212c      0x376 ./Core/Src/tim.o
                              0x7dd49 (size before relaxing)
 .debug_str     0x000824a2       0x44 ./Core/Startup/startup_stm32g030f6px.o
                                 0x89 (size before relaxing)
 .debug_str     0x000824e6      0x43a ./Drivers/STM32G0xx_HAL_Driver/Src/stm32g0xx_hal.o
                              0x75466 (size before relaxing)
 .debug_str     0x00082920      0x24f ./Drivers/STM32G0xx_HAL_Driver/Src/stm32g0xx_hal_cortex.o
                              0x7522d (size before relaxing)
 .debug_str     0x00082b6f      0x226 ./Drivers/STM32G0xx_HAL_Driver/Src/stm32g0xx_hal_flash.o
                              0x74fe9 (size before relaxing)
 .debug_str     0x00082d95      0x1e9 ./Drivers/STM32G0xx_HAL_Driver/Src/stm32g0xx_hal_flash_ex.o
                              0x75010 (size before relaxing)
 .debug_str     0x00082f7e       0xfc ./Drivers/STM32G0xx_HAL_Driver/Src/stm32g0xx_hal_gpio.o
                              0x74f10 (size before relaxing)
 .debug_str     0x0008307a      0x221 ./Drivers/STM32G0xx_HAL_Driver/Src/stm32g0xx_hal_pwr_ex.o
                              0x7502f (size before relaxing)
 .debug_str     0x0008329b      0x4ae ./Drivers/STM32G0xx_HAL_Driver/Src/stm32g0xx_hal_rcc.o
                              0x754ff (size before relaxing)
 .debug_str     0x00083749      0x53a ./Drivers/STM32G0xx_HAL_Driver/Src/stm32g0xx_ll_gpio.o
                              0x75f8b (size before relaxing)
 .debug_str     0x00083c83      0x3c4 ./Drivers/STM32G0xx_HAL_Driver/Src/stm32g0xx_ll_i2c.o
                              0x76703 (size before relaxing)
 .debug_str     0x00084047     0x1bb9 ./Drivers/STM32G0xx_HAL_Driver/Src/stm32g0xx_ll_tim.o
                              0x7b67c (size before relaxing)

.comment        0x00000000       0x43
 .comment       0x00000000       0x43 ./Core/Src/RGB.o
                                 0x44 (size before relaxing)
 .comment       0x00000043       0x44 ./Core/Src/dma.o
 .comment       0x00000043       0x44 ./Core/Src/gpio.o
 .comment       0x00000043       0x44 ./Core/Src/i2c.o
 .comment       0x00000043       0x44 ./Core/Src/i2c_ex.o
 .comment       0x00000043       0x44 ./Core/Src/iwdg.o
 .comment       0x00000043       0x44 ./Core/Src/main.o
 .comment       0x00000043       0x44 ./Core/Src/myflash.o
 .comment       0x00000043       0x44 ./Core/Src/stm32g0xx_hal_msp.o
 .comment       0x00000043       0x44 ./Core/Src/stm32g0xx_it.o
 .comment       0x00000043       0x44 ./Core/Src/system_stm32g0xx.o
 .comment       0x00000043       0x44 ./Core/Src/tim.o
 .comment       0x00000043       0x44 ./Drivers/STM32G0xx_HAL_Driver/Src/stm32g0xx_hal.o
 .comment       0x00000043       0x44 ./Drivers/STM32G0xx_HAL_Driver/Src/stm32g0xx_hal_cortex.o
 .comment       0x00000043       0x44 ./Drivers/STM32G0xx_HAL_Driver/Src/stm32g0xx_hal_flash.o
 .comment       0x00000043       0x44 ./Drivers/STM32G0xx_HAL_Driver/Src/stm32g0xx_hal_flash_ex.o
 .comment       0x00000043       0x44 ./Drivers/STM32G0xx_HAL_Driver/Src/stm32g0xx_hal_gpio.o
 .comment       0x00000043       0x44 ./Drivers/STM32G0xx_HAL_Driver/Src/stm32g0xx_hal_pwr_ex.o
 .comment       0x00000043       0x44 ./Drivers/STM32G0xx_HAL_Driver/Src/stm32g0xx_hal_rcc.o
 .comment       0x00000043       0x44 ./Drivers/STM32G0xx_HAL_Driver/Src/stm32g0xx_ll_gpio.o
 .comment       0x00000043       0x44 ./Drivers/STM32G0xx_HAL_Driver/Src/stm32g0xx_ll_i2c.o
 .comment       0x00000043       0x44 ./Drivers/STM32G0xx_HAL_Driver/Src/stm32g0xx_ll_tim.o

.debug_frame    0x00000000     0x2c20
 .debug_frame   0x00000000      0x304 ./Core/Src/RGB.o
 .debug_frame   0x00000304       0x30 ./Core/Src/dma.o
 .debug_frame   0x00000334       0x30 ./Core/Src/gpio.o
 .debug_frame   0x00000364      0x170 ./Core/Src/i2c.o
 .debug_frame   0x000004d4      0x47c ./Core/Src/i2c_ex.o
 .debug_frame   0x00000950       0xec ./Core/Src/iwdg.o
 .debug_frame   0x00000a3c      0x198 ./Core/Src/main.o
 .debug_frame   0x00000bd4      0x260 ./Core/Src/myflash.o
 .debug_frame   0x00000e34       0x30 ./Core/Src/stm32g0xx_hal_msp.o
 .debug_frame   0x00000e64      0x190 ./Core/Src/stm32g0xx_it.o
 .debug_frame   0x00000ff4       0x4c ./Core/Src/system_stm32g0xx.o
 .debug_frame   0x00001040      0x1d4 ./Core/Src/tim.o
 .debug_frame   0x00001214      0x360 ./Drivers/STM32G0xx_HAL_Driver/Src/stm32g0xx_hal.o
 .debug_frame   0x00001574      0x33c ./Drivers/STM32G0xx_HAL_Driver/Src/stm32g0xx_hal_cortex.o
 .debug_frame   0x000018b0      0x1d4 ./Drivers/STM32G0xx_HAL_Driver/Src/stm32g0xx_hal_flash.o
 .debug_frame   0x00001a84      0x1d4 ./Drivers/STM32G0xx_HAL_Driver/Src/stm32g0xx_hal_flash_ex.o
 .debug_frame   0x00001c58      0x130 ./Drivers/STM32G0xx_HAL_Driver/Src/stm32g0xx_hal_gpio.o
 .debug_frame   0x00001d88      0x1f4 ./Drivers/STM32G0xx_HAL_Driver/Src/stm32g0xx_hal_pwr_ex.o
 .debug_frame   0x00001f7c      0x214 ./Drivers/STM32G0xx_HAL_Driver/Src/stm32g0xx_hal_rcc.o
 .debug_frame   0x00002190      0x170 ./Drivers/STM32G0xx_HAL_Driver/Src/stm32g0xx_ll_gpio.o
 .debug_frame   0x00002300      0x1d0 ./Drivers/STM32G0xx_HAL_Driver/Src/stm32g0xx_ll_i2c.o
 .debug_frame   0x000024d0      0x4d0 ./Drivers/STM32G0xx_HAL_Driver/Src/stm32g0xx_ll_tim.o
 .debug_frame   0x000029a0       0x20 C:/CubeIDE/STM32CubeIDE_1.16.0/STM32CubeIDE/plugins/com.st.stm32cube.ide.mcu.externaltools.gnu-tools-for-stm32.12.3.rel1.win32_1.0.200.202406191623/tools/bin/../lib/gcc/arm-none-eabi/12.3.1/../../../../arm-none-eabi/lib/thumb/v6-m/nofp\libc_nano.a(libc_a-memset.o)
 .debug_frame   0x000029c0       0x2c C:/CubeIDE/STM32CubeIDE_1.16.0/STM32CubeIDE/plugins/com.st.stm32cube.ide.mcu.externaltools.gnu-tools-for-stm32.12.3.rel1.win32_1.0.200.202406191623/tools/bin/../lib/gcc/arm-none-eabi/12.3.1/../../../../arm-none-eabi/lib/thumb/v6-m/nofp\libc_nano.a(libc_a-init.o)
 .debug_frame   0x000029ec       0x28 C:/CubeIDE/STM32CubeIDE_1.16.0/STM32CubeIDE/plugins/com.st.stm32cube.ide.mcu.externaltools.gnu-tools-for-stm32.12.3.rel1.win32_1.0.200.202406191623/tools/bin/../lib/gcc/arm-none-eabi/12.3.1/../../../../arm-none-eabi/lib/thumb/v6-m/nofp\libc_nano.a(libc_a-memcpy-stub.o)
 .debug_frame   0x00002a14       0x20 C:/CubeIDE/STM32CubeIDE_1.16.0/STM32CubeIDE/plugins/com.st.stm32cube.ide.mcu.externaltools.gnu-tools-for-stm32.12.3.rel1.win32_1.0.200.202406191623/tools/bin/../lib/gcc/arm-none-eabi/12.3.1/thumb/v6-m/nofp\libgcc.a(_udivsi3.o)
 .debug_frame   0x00002a34       0x2c C:/CubeIDE/STM32CubeIDE_1.16.0/STM32CubeIDE/plugins/com.st.stm32cube.ide.mcu.externaltools.gnu-tools-for-stm32.12.3.rel1.win32_1.0.200.202406191623/tools/bin/../lib/gcc/arm-none-eabi/12.3.1/thumb/v6-m/nofp\libgcc.a(_fixunsdfsi.o)
 .debug_frame   0x00002a60       0x3c C:/CubeIDE/STM32CubeIDE_1.16.0/STM32CubeIDE/plugins/com.st.stm32cube.ide.mcu.externaltools.gnu-tools-for-stm32.12.3.rel1.win32_1.0.200.202406191623/tools/bin/../lib/gcc/arm-none-eabi/12.3.1/thumb/v6-m/nofp\libgcc.a(divdf3.o)
 .debug_frame   0x00002a9c       0x3c C:/CubeIDE/STM32CubeIDE_1.16.0/STM32CubeIDE/plugins/com.st.stm32cube.ide.mcu.externaltools.gnu-tools-for-stm32.12.3.rel1.win32_1.0.200.202406191623/tools/bin/../lib/gcc/arm-none-eabi/12.3.1/thumb/v6-m/nofp\libgcc.a(muldf3.o)
 .debug_frame   0x00002ad8       0x3c C:/CubeIDE/STM32CubeIDE_1.16.0/STM32CubeIDE/plugins/com.st.stm32cube.ide.mcu.externaltools.gnu-tools-for-stm32.12.3.rel1.win32_1.0.200.202406191623/tools/bin/../lib/gcc/arm-none-eabi/12.3.1/thumb/v6-m/nofp\libgcc.a(subdf3.o)
 .debug_frame   0x00002b14       0x30 C:/CubeIDE/STM32CubeIDE_1.16.0/STM32CubeIDE/plugins/com.st.stm32cube.ide.mcu.externaltools.gnu-tools-for-stm32.12.3.rel1.win32_1.0.200.202406191623/tools/bin/../lib/gcc/arm-none-eabi/12.3.1/thumb/v6-m/nofp\libgcc.a(fixdfsi.o)
 .debug_frame   0x00002b44       0x2c C:/CubeIDE/STM32CubeIDE_1.16.0/STM32CubeIDE/plugins/com.st.stm32cube.ide.mcu.externaltools.gnu-tools-for-stm32.12.3.rel1.win32_1.0.200.202406191623/tools/bin/../lib/gcc/arm-none-eabi/12.3.1/thumb/v6-m/nofp\libgcc.a(floatsidf.o)
 .debug_frame   0x00002b70       0x38 C:/CubeIDE/STM32CubeIDE_1.16.0/STM32CubeIDE/plugins/com.st.stm32cube.ide.mcu.externaltools.gnu-tools-for-stm32.12.3.rel1.win32_1.0.200.202406191623/tools/bin/../lib/gcc/arm-none-eabi/12.3.1/thumb/v6-m/nofp\libgcc.a(eqdf2.o)
 .debug_frame   0x00002ba8       0x3c C:/CubeIDE/STM32CubeIDE_1.16.0/STM32CubeIDE/plugins/com.st.stm32cube.ide.mcu.externaltools.gnu-tools-for-stm32.12.3.rel1.win32_1.0.200.202406191623/tools/bin/../lib/gcc/arm-none-eabi/12.3.1/thumb/v6-m/nofp\libgcc.a(gedf2.o)
 .debug_frame   0x00002be4       0x3c C:/CubeIDE/STM32CubeIDE_1.16.0/STM32CubeIDE/plugins/com.st.stm32cube.ide.mcu.externaltools.gnu-tools-for-stm32.12.3.rel1.win32_1.0.200.202406191623/tools/bin/../lib/gcc/arm-none-eabi/12.3.1/thumb/v6-m/nofp\libgcc.a(ledf2.o)

.debug_line_str
                0x00000000       0x6d
 .debug_line_str
                0x00000000       0x6d ./Core/Startup/startup_stm32g030f6px.o
