../Core/Src/main.c:123:9:compute_fw_crc32	8	static
../Core/Src/main.c:149:6:I2C2_IRQHandler	16	static
../Core/Src/main.c:214:6:reset_all_periph	16	static
../Core/Src/main.c:238:6:jump_app	8	static,ignoring_inline_asm
../Core/Src/main.c:256:6:write_code	64	static
../Core/Src/main.c:318:6:iap_i2c	16	static,ignoring_inline_asm
../Core/Src/main.c:438:6:SystemClock_Config	8	static,ignoring_inline_asm
../Core/Src/main.c:379:5:main	48	static
../Core/Src/main.c:488:6:Error_Handler	0	static,ignoring_inline_asm
