../Drivers/CMSIS/Include/core_cm0plus.h:741:22:__NVIC_EnableIRQ	2
../Drivers/CMSIS/Include/core_cm0plus.h:779:22:__NVIC_DisableIRQ	2
../Drivers/STM32G0xx_HAL_Driver/Inc/stm32g0xx_ll_rcc.h:1347:22:LL_RCC_HSI_Enable	1
../Drivers/STM32G0xx_HAL_Driver/Inc/stm32g0xx_ll_rcc.h:1367:26:LL_RCC_HSI_IsReady	2
../Drivers/STM32G0xx_HAL_Driver/Inc/stm32g0xx_ll_rcc.h:1688:22:LL_RCC_SetSysClkSource	1
../Drivers/STM32G0xx_HAL_Driver/Inc/stm32g0xx_ll_rcc.h:1703:26:LL_RCC_GetSysClkSource	1
../Drivers/STM32G0xx_HAL_Driver/Inc/stm32g0xx_ll_rcc.h:1723:22:LL_RCC_SetAHBPrescaler	1
../Drivers/STM32G0xx_HAL_Driver/Inc/stm32g0xx_ll_rcc.h:1739:22:LL_RCC_SetAPB1Prescaler	1
../Drivers/STM32G0xx_HAL_Driver/Inc/stm32g0xx_ll_rcc.h:2512:22:LL_RCC_PLL_Enable	1
../Drivers/STM32G0xx_HAL_Driver/Inc/stm32g0xx_ll_rcc.h:2533:26:LL_RCC_PLL_IsReady	2
../Drivers/STM32G0xx_HAL_Driver/Inc/stm32g0xx_ll_rcc.h:2570:22:LL_RCC_PLL_ConfigDomain_SYS	1
../Drivers/STM32G0xx_HAL_Driver/Inc/stm32g0xx_ll_rcc.h:3437:22:LL_RCC_PLL_EnableDomain_SYS	1
../Drivers/STM32G0xx_HAL_Driver/Inc/stm32g0xx_ll_i2c.h:429:22:LL_I2C_Enable	1
../Drivers/STM32G0xx_HAL_Driver/Inc/stm32g0xx_ll_i2c.h:443:22:LL_I2C_Disable	1
../Drivers/STM32G0xx_HAL_Driver/Inc/stm32g0xx_ll_i2c.h:1353:22:LL_I2C_EnableIT_ADDR	1
../Drivers/STM32G0xx_HAL_Driver/Inc/stm32g0xx_ll_i2c.h:1364:22:LL_I2C_DisableIT_ADDR	1
../Drivers/STM32G0xx_HAL_Driver/Inc/stm32g0xx_ll_i2c.h:1891:22:LL_I2C_DisableAutoEndMode	1
../Drivers/STM32G0xx_HAL_Driver/Inc/stm32g0xx_ll_system.h:1972:22:LL_FLASH_SetLatency	1
../Drivers/STM32G0xx_HAL_Driver/Inc/stm32g0xx_ll_system.h:1985:26:LL_FLASH_GetLatency	1
../Core/Src/main.c:128:9:compute_fw_crc32	2
../Core/Src/main.c:148:17:GetPage	1
../Core/Src/main.c:157:6:I2C2_IRQHandler	8
../Core/Src/main.c:223:6:Reset_AllPeriph	1
../Core/Src/main.c:247:6:Jump_APP	2
../Core/Src/main.c:265:6:Write_Code	8
../Core/Src/main.c:335:6:iap_i2c	4
../Core/Src/main.c:367:13:iap_gpio_init	1
../Core/Src/main.c:400:5:main	3
../Core/Src/main.c:456:6:SystemClock_Config	6
../Core/Src/main.c:506:6:Error_Handler	1
