../Drivers/STM32G0xx_HAL_Driver/Inc/stm32g0xx_ll_i2c.h:429:22:LL_I2C_Enable	16	static
../Drivers/STM32G0xx_HAL_Driver/Inc/stm32g0xx_ll_i2c.h:443:22:LL_I2C_Disable	16	static
../Drivers/STM32G0xx_HAL_Driver/Inc/stm32g0xx_ll_i2c.h:1287:22:LL_I2C_EnableIT_TX	16	static
../Drivers/STM32G0xx_HAL_Driver/Inc/stm32g0xx_ll_i2c.h:1320:22:LL_I2C_EnableIT_RX	16	static
../Drivers/STM32G0xx_HAL_Driver/Inc/stm32g0xx_ll_i2c.h:1353:22:LL_I2C_EnableIT_ADDR	16	static
../Drivers/STM32G0xx_HAL_Driver/Inc/stm32g0xx_ll_i2c.h:1364:22:LL_I2C_DisableIT_ADDR	16	static
../Drivers/STM32G0xx_HAL_Driver/Inc/stm32g0xx_ll_i2c.h:1386:22:LL_I2C_EnableIT_NACK	16	static
../Drivers/STM32G0xx_HAL_Driver/Inc/stm32g0xx_ll_i2c.h:1397:22:LL_I2C_DisableIT_NACK	16	static
../Drivers/STM32G0xx_HAL_Driver/Inc/stm32g0xx_ll_i2c.h:1419:22:LL_I2C_EnableIT_STOP	16	static
../Drivers/STM32G0xx_HAL_Driver/Inc/stm32g0xx_ll_i2c.h:1430:22:LL_I2C_DisableIT_STOP	16	static
../Drivers/STM32G0xx_HAL_Driver/Inc/stm32g0xx_ll_i2c.h:1500:22:LL_I2C_EnableIT_ERR	16	static
../Drivers/STM32G0xx_HAL_Driver/Inc/stm32g0xx_ll_i2c.h:1520:22:LL_I2C_DisableIT_ERR	16	static
../Drivers/STM32G0xx_HAL_Driver/Inc/stm32g0xx_ll_i2c.h:1552:26:LL_I2C_IsActiveFlag_TXE	16	static
../Drivers/STM32G0xx_HAL_Driver/Inc/stm32g0xx_ll_i2c.h:1565:26:LL_I2C_IsActiveFlag_TXIS	16	static
../Drivers/STM32G0xx_HAL_Driver/Inc/stm32g0xx_ll_i2c.h:1578:26:LL_I2C_IsActiveFlag_RXNE	16	static
../Drivers/STM32G0xx_HAL_Driver/Inc/stm32g0xx_ll_i2c.h:1591:26:LL_I2C_IsActiveFlag_ADDR	16	static
../Drivers/STM32G0xx_HAL_Driver/Inc/stm32g0xx_ll_i2c.h:1604:26:LL_I2C_IsActiveFlag_NACK	16	static
../Drivers/STM32G0xx_HAL_Driver/Inc/stm32g0xx_ll_i2c.h:1617:26:LL_I2C_IsActiveFlag_STOP	16	static
../Drivers/STM32G0xx_HAL_Driver/Inc/stm32g0xx_ll_i2c.h:1752:22:LL_I2C_ClearFlag_ADDR	16	static
../Drivers/STM32G0xx_HAL_Driver/Inc/stm32g0xx_ll_i2c.h:1763:22:LL_I2C_ClearFlag_NACK	16	static
../Drivers/STM32G0xx_HAL_Driver/Inc/stm32g0xx_ll_i2c.h:1774:22:LL_I2C_ClearFlag_STOP	16	static
../Drivers/STM32G0xx_HAL_Driver/Inc/stm32g0xx_ll_i2c.h:1786:22:LL_I2C_ClearFlag_TXE	16	static
../Drivers/STM32G0xx_HAL_Driver/Inc/stm32g0xx_ll_i2c.h:1891:22:LL_I2C_DisableAutoEndMode	16	static
../Drivers/STM32G0xx_HAL_Driver/Inc/stm32g0xx_ll_i2c.h:2160:26:LL_I2C_GetTransferDirection	16	static
../Drivers/STM32G0xx_HAL_Driver/Inc/stm32g0xx_ll_i2c.h:2171:26:LL_I2C_GetAddressMatchCode	16	static
../Drivers/STM32G0xx_HAL_Driver/Inc/stm32g0xx_ll_i2c.h:2225:25:LL_I2C_ReceiveData8	16	static
../Drivers/STM32G0xx_HAL_Driver/Inc/stm32g0xx_ll_i2c.h:2237:22:LL_I2C_TransmitData8	16	static
../Core/Src/i2c_ex.c:22:6:set_i2c_slave_address	16	static
../Core/Src/i2c_ex.c:24:13:Slave_Complete_Callback	16	static
../Core/Src/i2c_ex.c:30:6:i2c2_it_enable	8	static
../Core/Src/i2c_ex.c:38:6:i2c2_it_disable	8	static
../Core/Src/i2c_ex.c:45:6:Error_Callback	8	static
../Core/Src/i2c_ex.c:50:6:i2c2_set_send_data	16	static
../Core/Src/i2c_ex.c:63:6:Slave_Reception_Callback	16	static
../Core/Src/i2c_ex.c:67:6:Slave_Ready_To_Transmit_Callback	8	static
../Core/Src/i2c_ex.c:75:6:I2C2_IRQHandler	8	static
