../Drivers/STM32G0xx_HAL_Driver/Inc/stm32g0xx_ll_dma.h:500:22:LL_DMA_EnableChannel	24	static
../Drivers/STM32G0xx_HAL_Driver/Inc/stm32g0xx_ll_dma.h:944:22:LL_DMA_SetDataLength	32	static
../Drivers/STM32G0xx_HAL_Driver/Inc/stm32g0xx_ll_dma.h:1032:22:LL_DMA_SetMemoryAddress	32	static
../Drivers/STM32G0xx_HAL_Driver/Inc/stm32g0xx_ll_dma.h:1055:22:LL_DMA_SetPeriphAddress	32	static
../Drivers/STM32G0xx_HAL_Driver/Inc/stm32g0xx_ll_dma.h:1762:22:LL_DMA_ClearFlag_GI5	16	static
../Drivers/STM32G0xx_HAL_Driver/Inc/stm32g0xx_ll_dma.h:1851:22:LL_DMA_ClearFlag_TC5	16	static
../Drivers/STM32G0xx_HAL_Driver/Inc/stm32g0xx_ll_dma.h:2065:22:LL_DMA_EnableIT_TC	24	static
../Drivers/STM32G0xx_HAL_Driver/Inc/stm32g0xx_ll_tim.h:1586:22:LL_TIM_EnableCounter	16	static
../Drivers/STM32G0xx_HAL_Driver/Inc/stm32g0xx_ll_tim.h:2060:22:LL_TIM_CC_SetDMAReqTrigger	16	static
../Drivers/STM32G0xx_HAL_Driver/Inc/stm32g0xx_ll_tim.h:2121:22:LL_TIM_CC_EnableChannel	16	static
../Drivers/STM32G0xx_HAL_Driver/Inc/stm32g0xx_ll_tim.h:3887:22:LL_TIM_EnableAllOutputs	16	static
../Drivers/STM32G0xx_HAL_Driver/Inc/stm32g0xx_ll_tim.h:4929:22:LL_TIM_EnableDMAReq_CC1	16	static
../Core/Src/RGB.c:15:6:rgb_init	8	static
../Core/Src/RGB.c:21:6:activate_tim1_dma	8	static
../Core/Src/RGB.c:40:6:set_rgb_color	32	static
../Core/Src/RGB.c:58:6:rgb_update	8	static
../Core/Src/RGB.c:71:6:reset_load	16	static
../Core/Src/RGB.c:83:6:rgb_send_array	8	static
../Core/Src/RGB.c:94:6:rgb_red	16	static
../Core/Src/RGB.c:105:6:rgb_green	16	static
../Core/Src/RGB.c:116:6:rgb_blue	16	static
../Core/Src/RGB.c:127:6:rgb_white	16	static
../Core/Src/RGB.c:138:6:rgb_close	16	static
../Core/Src/RGB.c:149:6:rgb_close_all	16	static
