../Drivers/STM32G0xx_HAL_Driver/Inc/stm32g0xx_ll_dma.h:520:22:LL_DMA_DisableChannel	24	static
../Drivers/STM32G0xx_HAL_Driver/Inc/stm32g0xx_ll_dma.h:1499:26:LL_DMA_IsActiveFlag_TC5	16	static
../Drivers/STM32G0xx_HAL_Driver/Inc/stm32g0xx_ll_dma.h:1762:22:LL_DMA_ClearFlag_GI5	16	static
../Drivers/STM32G0xx_HAL_Driver/Inc/stm32g0xx_ll_dma.h:1851:22:LL_DMA_ClearFlag_TC5	16	static
../Drivers/STM32G0xx_HAL_Driver/Inc/stm32g0xx_ll_tim.h:1597:22:LL_TIM_DisableCounter	16	static
../Core/Src/stm32g0xx_it.c:69:6:NMI_Handler	8	static
../Core/Src/stm32g0xx_it.c:83:6:HardFault_Handler	8	static
../Core/Src/stm32g0xx_it.c:98:6:SVC_Handler	8	static
../Core/Src/stm32g0xx_it.c:111:6:PendSV_Handler	8	static
../Core/Src/stm32g0xx_it.c:124:6:SysTick_Handler	8	static
../Core/Src/stm32g0xx_it.c:145:6:EXTI0_1_IRQHandler	8	static
../Core/Src/stm32g0xx_it.c:159:6:DMA1_Ch4_5_DMAMUX1_OVR_IRQHandler	8	static
../Core/Src/stm32g0xx_it.c:178:13:I2C2_IRQHandler	8	static
