../Core/Src/i2c_ex.c:22:6:set_i2c_slave_address	0	static
../Core/Src/i2c_ex.c:24:13:Slave_Complete_Callback	0	static
../Core/Src/i2c_ex.c:30:6:i2c2_it_enable	0	static
../Core/Src/i2c_ex.c:38:6:i2c2_it_disable	0	static
../Core/Src/i2c_ex.c:45:6:Error_Callback	0	static
../Core/Src/i2c_ex.c:50:6:i2c2_set_send_data	8	static
../Core/Src/i2c_ex.c:63:6:Slave_Reception_Callback	0	static
../Core/Src/i2c_ex.c:67:6:Slave_Ready_To_Transmit_Callback	0	static
../Core/Src/i2c_ex.c:75:6:I2C2_IRQHandler	16	static
