../Core/Src/main.c:87:6:iap_set	8	static
../Core/Src/main.c:105:6:lin_mic_pc_enable	8	static
../Core/Src/main.c:110:6:lin_mic_pc_disable	8	static
../Core/Src/main.c:116:6:set_national_hp_mode	8	static
../Core/Src/main.c:120:6:set_americal_hp_mode	8	static
../Core/Src/main.c:125:6:HAL_GPIO_EXTI_Rising_Callback	0	static
../Core/Src/main.c:131:6:reg_init	24	static
../Core/Src/main.c:187:6:Slave_Complete_Callback	80	static,ignoring_inline_asm
../Core/Src/main.c:405:6:SystemClock_Config	80	static,ignoring_inline_asm
../Core/Src/main.c:332:5:main	24	static
../Core/Src/main.c:453:6:Error_Handler	0	static,ignoring_inline_asm
