../Core/Src/RGB.c:21:6:activate_tim1_dma	0	static
../Core/Src/RGB.c:40:6:set_rgb_color	40	static
../Core/Src/RGB.c:71:6:reset_load	8	static
../Core/Src/RGB.c:83:6:rgb_send_array	0	static
../Core/Src/RGB.c:58:6:rgb_update	8	static
../Core/Src/RGB.c:94:6:rgb_red	8	static
../Core/Src/RGB.c:105:6:rgb_green	8	static
../Core/Src/RGB.c:116:6:rgb_blue	8	static
../Core/Src/RGB.c:127:6:rgb_white	8	static
../Core/Src/RGB.c:138:6:rgb_close	8	static
../Core/Src/RGB.c:149:6:rgb_close_all	16	static
../Core/Src/RGB.c:15:6:rgb_init	8	static
