Archive member included to satisfy reference by file (symbol)

C:/CubeIDE/STM32CubeIDE_1.16.0/STM32CubeIDE/plugins/com.st.stm32cube.ide.mcu.externaltools.gnu-tools-for-stm32.12.3.rel1.win32_1.0.200.202406191623/tools/bin/../lib/gcc/arm-none-eabi/12.3.1/../../../../arm-none-eabi/lib/thumb/v6-m/nofp\libc_nano.a(libc_a-exit.o)
                              C:/CubeIDE/STM32CubeIDE_1.16.0/STM32CubeIDE/plugins/com.st.stm32cube.ide.mcu.externaltools.gnu-tools-for-stm32.12.3.rel1.win32_1.0.200.202406191623/tools/bin/../lib/gcc/arm-none-eabi/12.3.1/../../../../arm-none-eabi/lib/thumb/v6-m/nofp/crt0.o (exit)
C:/CubeIDE/STM32CubeIDE_1.16.0/STM32CubeIDE/plugins/com.st.stm32cube.ide.mcu.externaltools.gnu-tools-for-stm32.12.3.rel1.win32_1.0.200.202406191623/tools/bin/../lib/gcc/arm-none-eabi/12.3.1/../../../../arm-none-eabi/lib/thumb/v6-m/nofp\libc_nano.a(libc_a-findfp.o)
                              C:/CubeIDE/STM32CubeIDE_1.16.0/STM32CubeIDE/plugins/com.st.stm32cube.ide.mcu.externaltools.gnu-tools-for-stm32.12.3.rel1.win32_1.0.200.202406191623/tools/bin/../lib/gcc/arm-none-eabi/12.3.1/../../../../arm-none-eabi/lib/thumb/v6-m/nofp\libc_nano.a(libc_a-exit.o) (__stdio_exit_handler)
C:/CubeIDE/STM32CubeIDE_1.16.0/STM32CubeIDE/plugins/com.st.stm32cube.ide.mcu.externaltools.gnu-tools-for-stm32.12.3.rel1.win32_1.0.200.202406191623/tools/bin/../lib/gcc/arm-none-eabi/12.3.1/../../../../arm-none-eabi/lib/thumb/v6-m/nofp\libc_nano.a(libc_a-fwalk.o)
                              C:/CubeIDE/STM32CubeIDE_1.16.0/STM32CubeIDE/plugins/com.st.stm32cube.ide.mcu.externaltools.gnu-tools-for-stm32.12.3.rel1.win32_1.0.200.202406191623/tools/bin/../lib/gcc/arm-none-eabi/12.3.1/../../../../arm-none-eabi/lib/thumb/v6-m/nofp\libc_nano.a(libc_a-findfp.o) (_fwalk_sglue)
C:/CubeIDE/STM32CubeIDE_1.16.0/STM32CubeIDE/plugins/com.st.stm32cube.ide.mcu.externaltools.gnu-tools-for-stm32.12.3.rel1.win32_1.0.200.202406191623/tools/bin/../lib/gcc/arm-none-eabi/12.3.1/../../../../arm-none-eabi/lib/thumb/v6-m/nofp\libc_nano.a(libc_a-stdio.o)
                              C:/CubeIDE/STM32CubeIDE_1.16.0/STM32CubeIDE/plugins/com.st.stm32cube.ide.mcu.externaltools.gnu-tools-for-stm32.12.3.rel1.win32_1.0.200.202406191623/tools/bin/../lib/gcc/arm-none-eabi/12.3.1/../../../../arm-none-eabi/lib/thumb/v6-m/nofp\libc_nano.a(libc_a-findfp.o) (__sread)
C:/CubeIDE/STM32CubeIDE_1.16.0/STM32CubeIDE/plugins/com.st.stm32cube.ide.mcu.externaltools.gnu-tools-for-stm32.12.3.rel1.win32_1.0.200.202406191623/tools/bin/../lib/gcc/arm-none-eabi/12.3.1/../../../../arm-none-eabi/lib/thumb/v6-m/nofp\libc_nano.a(libc_a-memset.o)
                              C:/CubeIDE/STM32CubeIDE_1.16.0/STM32CubeIDE/plugins/com.st.stm32cube.ide.mcu.externaltools.gnu-tools-for-stm32.12.3.rel1.win32_1.0.200.202406191623/tools/bin/../lib/gcc/arm-none-eabi/12.3.1/../../../../arm-none-eabi/lib/thumb/v6-m/nofp/crt0.o (memset)
C:/CubeIDE/STM32CubeIDE_1.16.0/STM32CubeIDE/plugins/com.st.stm32cube.ide.mcu.externaltools.gnu-tools-for-stm32.12.3.rel1.win32_1.0.200.202406191623/tools/bin/../lib/gcc/arm-none-eabi/12.3.1/../../../../arm-none-eabi/lib/thumb/v6-m/nofp\libc_nano.a(libc_a-closer.o)
                              C:/CubeIDE/STM32CubeIDE_1.16.0/STM32CubeIDE/plugins/com.st.stm32cube.ide.mcu.externaltools.gnu-tools-for-stm32.12.3.rel1.win32_1.0.200.202406191623/tools/bin/../lib/gcc/arm-none-eabi/12.3.1/../../../../arm-none-eabi/lib/thumb/v6-m/nofp\libc_nano.a(libc_a-stdio.o) (_close_r)
C:/CubeIDE/STM32CubeIDE_1.16.0/STM32CubeIDE/plugins/com.st.stm32cube.ide.mcu.externaltools.gnu-tools-for-stm32.12.3.rel1.win32_1.0.200.202406191623/tools/bin/../lib/gcc/arm-none-eabi/12.3.1/../../../../arm-none-eabi/lib/thumb/v6-m/nofp\libc_nano.a(libc_a-reent.o)
                              C:/CubeIDE/STM32CubeIDE_1.16.0/STM32CubeIDE/plugins/com.st.stm32cube.ide.mcu.externaltools.gnu-tools-for-stm32.12.3.rel1.win32_1.0.200.202406191623/tools/bin/../lib/gcc/arm-none-eabi/12.3.1/../../../../arm-none-eabi/lib/thumb/v6-m/nofp\libc_nano.a(libc_a-closer.o) (errno)
C:/CubeIDE/STM32CubeIDE_1.16.0/STM32CubeIDE/plugins/com.st.stm32cube.ide.mcu.externaltools.gnu-tools-for-stm32.12.3.rel1.win32_1.0.200.202406191623/tools/bin/../lib/gcc/arm-none-eabi/12.3.1/../../../../arm-none-eabi/lib/thumb/v6-m/nofp\libc_nano.a(libc_a-impure.o)
                              C:/CubeIDE/STM32CubeIDE_1.16.0/STM32CubeIDE/plugins/com.st.stm32cube.ide.mcu.externaltools.gnu-tools-for-stm32.12.3.rel1.win32_1.0.200.202406191623/tools/bin/../lib/gcc/arm-none-eabi/12.3.1/../../../../arm-none-eabi/lib/thumb/v6-m/nofp\libc_nano.a(libc_a-reent.o) (_impure_ptr)
C:/CubeIDE/STM32CubeIDE_1.16.0/STM32CubeIDE/plugins/com.st.stm32cube.ide.mcu.externaltools.gnu-tools-for-stm32.12.3.rel1.win32_1.0.200.202406191623/tools/bin/../lib/gcc/arm-none-eabi/12.3.1/../../../../arm-none-eabi/lib/thumb/v6-m/nofp\libc_nano.a(libc_a-lseekr.o)
[...]
Memory Configuration

Name             Origin             Length             Attributes
RAM              0x20000000         0x00002000         xrw
FLASH            0x08000000         0x00008000         xr
*default*        0x00000000         0xffffffff

Linker script and memory map

LOAD C:/CubeIDE/STM32CubeIDE_1.16.0/STM32CubeIDE/plugins/com.st.stm32cube.ide.mcu.externaltools.gnu-tools-for-stm32.12.3.rel1.win32_1.0.200.202406191623/tools/bin/../lib/gcc/arm-none-eabi/12.3.1/thumb/v6-m/nofp/crti.o
LOAD C:/CubeIDE/STM32CubeIDE_1.16.0/STM32CubeIDE/plugins/com.st.stm32cube.ide.mcu.externaltools.gnu-tools-for-stm32.12.3.rel1.win32_1.0.200.202406191623/tools/bin/../lib/gcc/arm-none-eabi/12.3.1/thumb/v6-m/nofp/crtbegin.o
LOAD C:/CubeIDE/STM32CubeIDE_1.16.0/STM32CubeIDE/plugins/com.st.stm32cube.ide.mcu.externaltools.gnu-tools-for-stm32.12.3.rel1.win32_1.0.200.202406191623/tools/bin/../lib/gcc/arm-none-eabi/12.3.1/../../../../arm-none-eabi/lib/thumb/v6-m/nofp/crt0.o
LOAD ./Core/Src/crc.o
LOAD ./Core/Src/gpio.o
LOAD ./Core/Src/i2c.o
LOAD ./Core/Src/main.o
LOAD ./Core/Src/stm32g0xx_hal_msp.o
LOAD ./Core/Src/stm32g0xx_it.o
LOAD ./Core/Src/syscalls.o
LOAD ./Core/Src/sysmem.o
LOAD ./Core/Src/system_stm32g0xx.o
LOAD ./Core/Startup/startup_stm32g030f6px.o
LOAD ./Drivers/STM32G0xx_HAL_Driver/Src/stm32g0xx_hal.o
LOAD ./Drivers/STM32G0xx_HAL_Driver/Src/stm32g0xx_hal_cortex.o
LOAD ./Drivers/STM32G0xx_HAL_Driver/Src/stm32g0xx_hal_crc.o
LOAD ./Drivers/STM32G0xx_HAL_Driver/Src/stm32g0xx_hal_crc_ex.o
LOAD ./Drivers/STM32G0xx_HAL_Driver/Src/stm32g0xx_hal_dma.o
LOAD ./Drivers/STM32G0xx_HAL_Driver/Src/stm32g0xx_hal_dma_ex.o
LOAD ./Drivers/STM32G0xx_HAL_Driver/Src/stm32g0xx_hal_exti.o
LOAD ./Drivers/STM32G0xx_HAL_Driver/Src/stm32g0xx_hal_flash.o
LOAD ./Drivers/STM32G0xx_HAL_Driver/Src/stm32g0xx_hal_flash_ex.o
LOAD ./Drivers/STM32G0xx_HAL_Driver/Src/stm32g0xx_hal_gpio.o
LOAD ./Drivers/STM32G0xx_HAL_Driver/Src/stm32g0xx_hal_pwr.o
LOAD ./Drivers/STM32G0xx_HAL_Driver/Src/stm32g0xx_hal_pwr_ex.o
LOAD ./Drivers/STM32G0xx_HAL_Driver/Src/stm32g0xx_hal_rcc.o
LOAD ./Drivers/STM32G0xx_HAL_Driver/Src/stm32g0xx_hal_rcc_ex.o
LOAD ./Drivers/STM32G0xx_HAL_Driver/Src/stm32g0xx_hal_tim.o
LOAD ./Drivers/STM32G0xx_HAL_Driver/Src/stm32g0xx_hal_tim_ex.o
LOAD ./Drivers/STM32G0xx_HAL_Driver/Src/stm32g0xx_ll_dma.o
LOAD ./Drivers/STM32G0xx_HAL_Driver/Src/stm32g0xx_ll_exti.o
LOAD ./Drivers/STM32G0xx_HAL_Driver/Src/stm32g0xx_ll_gpio.o
LOAD ./Drivers/STM32G0xx_HAL_Driver/Src/stm32g0xx_ll_i2c.o
LOAD ./Drivers/STM32G0xx_HAL_Driver/Src/stm32g0xx_ll_rcc.o
LOAD ./Drivers/STM32G0xx_HAL_Driver/Src/stm32g0xx_ll_utils.o
START GROUP
LOAD C:/CubeIDE/STM32CubeIDE_1.16.0/STM32CubeIDE/plugins/com.st.stm32cube.ide.mcu.externaltools.gnu-tools-for-stm32.12.3.rel1.win32_1.0.200.202406191623/tools/bin/../lib/gcc/arm-none-eabi/12.3.1/../../../../arm-none-eabi/lib/thumb/v6-m/nofp\libc_nano.a
LOAD C:/CubeIDE/STM32CubeIDE_1.16.0/STM32CubeIDE/plugins/com.st.stm32cube.ide.mcu.externaltools.gnu-tools-for-stm32.12.3.rel1.win32_1.0.200.202406191623/tools/bin/../lib/gcc/arm-none-eabi/12.3.1/../../../../arm-none-eabi/lib/thumb/v6-m/nofp\libm.a
END GROUP
START GROUP
LOAD C:/CubeIDE/STM32CubeIDE_1.16.0/STM32CubeIDE/plugins/com.st.stm32cube.ide.mcu.externaltools.gnu-tools-for-stm32.12.3.rel1.win32_1.0.200.202406191623/tools/bin/../lib/gcc/arm-none-eabi/12.3.1/thumb/v6-m/nofp\libgcc.a
LOAD C:/CubeIDE/STM32CubeIDE_1.16.0/STM32CubeIDE/plugins/com.st.stm32cube.ide.mcu.externaltools.gnu-tools-for-stm32.12.3.rel1.win32_1.0.200.202406191623/tools/bin/../lib/gcc/arm-none-eabi/12.3.1/../../../../arm-none-eabi/lib/thumb/v6-m/nofp\libc_nano.a
END GROUP
START GROUP
LOAD C:/CubeIDE/STM32CubeIDE_1.16.0/STM32CubeIDE/plugins/com.st.stm32cube.ide.mcu.externaltools.gnu-tools-for-stm32.12.3.rel1.win32_1.0.200.202406191623/tools/bin/../lib/gcc/arm-none-eabi/12.3.1/thumb/v6-m/nofp\libgcc.a
LOAD C:/CubeIDE/STM32CubeIDE_1.16.0/STM32CubeIDE/plugins/com.st.stm32cube.ide.mcu.externaltools.gnu-tools-for-stm32.12.3.rel1.win32_1.0.200.202406191623/tools/bin/../lib/gcc/arm-none-eabi/12.3.1/../../../../arm-none-eabi/lib/thumb/v6-m/nofp\libc_nano.a
LOAD C:/CubeIDE/STM32CubeIDE_1.16.0/STM32CubeIDE/plugins/com.st.stm32cube.ide.mcu.externaltools.gnu-tools-for-stm32.12.3.rel1.win32_1.0.200.202406191623/tools/bin/../lib/gcc/arm-none-eabi/12.3.1/../../../../arm-none-eabi/lib/thumb/v6-m/nofp\libnosys.a
END GROUP
START GROUP
LOAD C:/CubeIDE/STM32CubeIDE_1.16.0/STM32CubeIDE/plugins/com.st.stm32cube.ide.mcu.externaltools.gnu-tools-for-stm32.12.3.rel1.win32_1.0.200.202406191623/tools/bin/../lib/gcc/arm-none-eabi/12.3.1/thumb/v6-m/nofp\libgcc.a
LOAD C:/CubeIDE/STM32CubeIDE_1.16.0/STM32CubeIDE/plugins/com.st.stm32cube.ide.mcu.externaltools.gnu-tools-for-stm32.12.3.rel1.win32_1.0.200.202406191623/tools/bin/../lib/gcc/arm-none-eabi/12.3.1/../../../../arm-none-eabi/lib/thumb/v6-m/nofp\libc_nano.a
LOAD C:/CubeIDE/STM32CubeIDE_1.16.0/STM32CubeIDE/plugins/com.st.stm32cube.ide.mcu.externaltools.gnu-tools-for-stm32.12.3.rel1.win32_1.0.200.202406191623/tools/bin/../lib/gcc/arm-none-eabi/12.3.1/../../../../arm-none-eabi/lib/thumb/v6-m/nofp\libnosys.a
END GROUP
LOAD C:/CubeIDE/STM32CubeIDE_1.16.0/STM32CubeIDE/plugins/com.st.stm32cube.ide.mcu.externaltools.gnu-tools-for-stm32.12.3.rel1.win32_1.0.200.202406191623/tools/bin/../lib/gcc/arm-none-eabi/12.3.1/thumb/v6-m/nofp/crtend.o
LOAD C:/CubeIDE/STM32CubeIDE_1.16.0/STM32CubeIDE/plugins/com.st.stm32cube.ide.mcu.externaltools.gnu-tools-for-stm32.12.3.rel1.win32_1.0.200.202406191623/tools/bin/../lib/gcc/arm-none-eabi/12.3.1/thumb/v6-m/nofp/crtn.o
                0x20002000                        _estack = (ORIGIN (RAM) + LENGTH (RAM))
                0x00000200                        _Min_Heap_Size = 0x200
                0x00000400                        _Min_Stack_Size = 0x400

.isr_vector     0x08000000       0xb8
                0x08000000                        . = ALIGN (0x4)
 *(.isr_vector)
 .isr_vector    0x08000000       0xb8 ./Core/Startup/startup_stm32g030f6px.o
                0x08000000                g_pfnVectors
                0x080000b8                        . = ALIGN (0x4)

.text           0x080000b8     0x2350
                0x080000b8                        . = ALIGN (0x4)
 *(.text)
 .text          0x080000b8       0x48 C:/CubeIDE/STM32CubeIDE_1.16.0/STM32CubeIDE/plugins/com.st.stm32cube.ide.mcu.externaltools.gnu-tools-for-stm32.12.3.rel1.win32_1.0.200.202406191623/tools/bin/../lib/gcc/arm-none-eabi/12.3.1/thumb/v6-m/nofp/crtbegin.o
 .text          0x08000100      0x114 C:/CubeIDE/STM32CubeIDE_1.16.0/STM32CubeIDE/plugins/com.st.stm32cube.ide.mcu.externaltools.gnu-tools-for-stm32.12.3.rel1.win32_1.0.200.202406191623/tools/bin/../lib/gcc/arm-none-eabi/12.3.1/thumb/v6-m/nofp\libgcc.a(_udivsi3.o)
                0x08000100                __aeabi_uidiv
                0x08000100                __udivsi3
                0x0800020c                __aeabi_uidivmod
 .text          0x08000214        0x4 C:/CubeIDE/STM32CubeIDE_1.16.0/STM32CubeIDE/plugins/com.st.stm32cube.ide.mcu.externaltools.gnu-tools-for-stm32.12.3.rel1.win32_1.0.200.202406191623/tools/bin/../lib/gcc/arm-none-eabi/12.3.1/thumb/v6-m/nofp\libgcc.a(_dvmd_tls.o)
                0x08000214                __aeabi_idiv0
                0x08000214                __aeabi_ldiv0
 *(.text*)
 .text.MX_CRC_Init
                0x08000218       0x50 ./Core/Src/crc.o
                0x08000218                MX_CRC_Init
 .text.HAL_CRC_MspInit
                0x08000268       0x40 ./Core/Src/crc.o
                0x08000268                HAL_CRC_MspInit
 .text.HAL_CRC_MspDeInit
                0x080002a8       0x34 ./Core/Src/crc.o
                0x080002a8                HAL_CRC_MspDeInit
 .text.MX_GPIO_Init
                0x080002dc       0x2c ./Core/Src/gpio.o
                0x080002dc                MX_GPIO_Init
 .text.__NVIC_EnableIRQ
                0x08000308       0x34 ./Core/Src/i2c.o
 .text.__NVIC_SetPriority
                0x0800033c       0xdc ./Core/Src/i2c.o
 .text.LL_I2C_EnableClockStretching
                0x08000418       0x20 ./Core/Src/i2c.o
 .text.LL_I2C_DisableGeneralCall
                0x08000438       0x20 ./Core/Src/i2c.o
 .text.LL_I2C_SetOwnAddress2
                0x08000458       0x2c ./Core/Src/i2c.o
 .text.LL_I2C_DisableOwnAddress2
                0x08000484       0x20 ./Core/Src/i2c.o
 .text.LL_I2C_EnableAutoEndMode
                0x080004a4       0x1e ./Core/Src/i2c.o
 *fill*         0x080004c2        0x2 
 .text.LL_APB1_GRP1_EnableClock
                0x080004c4       0x2c ./Core/Src/i2c.o
 .text.LL_IOP_GRP1_EnableClock
                0x080004f0       0x2c ./Core/Src/i2c.o
 .text.MX_I2C2_Init
                0x0800051c      0x120 ./Core/Src/i2c.o
                0x0800051c                MX_I2C2_Init
 .text.__NVIC_EnableIRQ
                0x0800063c       0x34 ./Core/Src/main.o
 .text.__NVIC_DisableIRQ
                0x08000670       0x44 ./Core/Src/main.o
 .text.LL_RCC_HSI_Enable
                0x080006b4       0x1c ./Core/Src/main.o
 .text.LL_RCC_HSI_IsReady
                0x080006d0       0x28 ./Core/Src/main.o
 .text.LL_RCC_SetSysClkSource
                0x080006f8       0x28 ./Core/Src/main.o
 .text.LL_RCC_GetSysClkSource
                0x08000720       0x18 ./Core/Src/main.o
 .text.LL_RCC_SetAHBPrescaler
                0x08000738       0x2c ./Core/Src/main.o
 .text.LL_RCC_SetAPB1Prescaler
                0x08000764       0x2c ./Core/Src/main.o
 .text.LL_RCC_PLL_Enable
                0x08000790       0x1c ./Core/Src/main.o
 .text.LL_RCC_PLL_IsReady
                0x080007ac       0x28 ./Core/Src/main.o
 .text.LL_RCC_PLL_ConfigDomain_SYS
                0x080007d4       0x40 ./Core/Src/main.o
 .text.LL_RCC_PLL_EnableDomain_SYS
                0x08000814       0x1c ./Core/Src/main.o
 .text.LL_I2C_Enable
                0x08000830       0x1c ./Core/Src/main.o
 .text.LL_I2C_Disable
                0x0800084c       0x1e ./Core/Src/main.o
 .text.LL_I2C_EnableIT_ADDR
                0x0800086a       0x1c ./Core/Src/main.o
 .text.LL_I2C_DisableIT_ADDR
                0x08000886       0x1e ./Core/Src/main.o
 .text.LL_I2C_DisableAutoEndMode
                0x080008a4       0x20 ./Core/Src/main.o
 .text.LL_FLASH_SetLatency
                0x080008c4       0x28 ./Core/Src/main.o
 .text.LL_FLASH_GetLatency
                0x080008ec       0x18 ./Core/Src/main.o
 .text.GetPage  0x08000904       0x1c ./Core/Src/main.o
 .text.I2C2_IRQHandler
                0x08000920      0x134 ./Core/Src/main.o
                0x08000920                I2C2_IRQHandler
 .text.Reset_AllPeriph
                0x08000a54       0xb4 ./Core/Src/main.o
                0x08000a54                Reset_AllPeriph
 .text.Jump_APP
                0x08000b08       0x68 ./Core/Src/main.o
                0x08000b08                Jump_APP
 .text.Write_Code
                0x08000b70      0x3dc ./Core/Src/main.o
                0x08000b70                Write_Code
 .text.iap_i2c  0x08000f4c       0x68 ./Core/Src/main.o
                0x08000f4c                iap_i2c
 .text.iap_gpio_init
                0x08000fb4       0xa8 ./Core/Src/main.o
 .text.main     0x0800105c       0x68 ./Core/Src/main.o
                0x0800105c                main
 .text.SystemClock_Config
                0x080010c4       0x88 ./Core/Src/main.o
                0x080010c4                SystemClock_Config
 .text.Error_Handler
                0x0800114c        0xc ./Core/Src/main.o
                0x0800114c                Error_Handler
 .text.HAL_MspInit
                0x08001158       0x48 ./Core/Src/stm32g0xx_hal_msp.o
                0x08001158                HAL_MspInit
 .text.NMI_Handler
                0x080011a0        0x8 ./Core/Src/stm32g0xx_it.o
                0x080011a0                NMI_Handler
 .text.HardFault_Handler
                0x080011a8        0x8 ./Core/Src/stm32g0xx_it.o
                0x080011a8                HardFault_Handler
 .text.SVC_Handler
                0x080011b0        0xa ./Core/Src/stm32g0xx_it.o
                0x080011b0                SVC_Handler
 .text.PendSV_Handler
                0x080011ba        0xa ./Core/Src/stm32g0xx_it.o
                0x080011ba                PendSV_Handler
 .text.SysTick_Handler
                0x080011c4        0xe ./Core/Src/stm32g0xx_it.o
                0x080011c4                SysTick_Handler
 .text.SystemInit
                0x080011d2        0xa ./Core/Src/system_stm32g0xx.o
                0x080011d2                SystemInit
 .text.Reset_Handler
                0x080011dc       0x50 ./Core/Startup/startup_stm32g030f6px.o
                0x080011dc                Reset_Handler
 .text.Default_Handler
                0x0800122c        0x2 ./Core/Startup/startup_stm32g030f6px.o
                0x0800122c                TIM1_CC_IRQHandler
                0x0800122c                I2C1_IRQHandler
                0x0800122c                RTC_TAMP_IRQHandler
                0x0800122c                SPI1_IRQHandler
                0x0800122c                DMA1_Ch4_5_DMAMUX1_OVR_IRQHandler
                0x0800122c                EXTI2_3_IRQHandler
                0x0800122c                ADC1_IRQHandler
                0x0800122c                TIM17_IRQHandler
                0x0800122c                TIM16_IRQHandler
                0x0800122c                TIM3_IRQHandler
                0x0800122c                EXTI4_15_IRQHandler
                0x0800122c                RCC_IRQHandler
                0x0800122c                DMA1_Channel1_IRQHandler
                0x0800122c                Default_Handler
                0x0800122c                TIM14_IRQHandler
                0x0800122c                EXTI0_1_IRQHandler
                0x0800122c                SPI2_IRQHandler
                0x0800122c                WWDG_IRQHandler
                0x0800122c                DMA1_Channel2_3_IRQHandler
                0x0800122c                USART2_IRQHandler
                0x0800122c                FLASH_IRQHandler
                0x0800122c                USART1_IRQHandler
                0x0800122c                TIM1_BRK_UP_TRG_COM_IRQHandler
 *fill*         0x0800122e        0x2 
 .text.HAL_Init
                0x08001230       0x40 ./Drivers/STM32G0xx_HAL_Driver/Src/stm32g0xx_hal.o
                0x08001230                HAL_Init
 .text.HAL_DeInit
                0x08001270       0x4c ./Drivers/STM32G0xx_HAL_Driver/Src/stm32g0xx_hal.o
                0x08001270                HAL_DeInit
 .text.HAL_MspDeInit
                0x080012bc        0xa ./Drivers/STM32G0xx_HAL_Driver/Src/stm32g0xx_hal.o
                0x080012bc                HAL_MspDeInit
 *fill*         0x080012c6        0x2 
 .text.HAL_InitTick
                0x080012c8       0x94 ./Drivers/STM32G0xx_HAL_Driver/Src/stm32g0xx_hal.o
                0x080012c8                HAL_InitTick
 .text.HAL_IncTick
                0x0800135c       0x24 ./Drivers/STM32G0xx_HAL_Driver/Src/stm32g0xx_hal.o
                0x0800135c                HAL_IncTick
 .text.HAL_GetTick
                0x08001380       0x14 ./Drivers/STM32G0xx_HAL_Driver/Src/stm32g0xx_hal.o
                0x08001380                HAL_GetTick
 .text.__NVIC_SetPriority
                0x08001394       0xdc ./Drivers/STM32G0xx_HAL_Driver/Src/stm32g0xx_hal_cortex.o
 .text.SysTick_Config
                0x08001470       0x48 ./Drivers/STM32G0xx_HAL_Driver/Src/stm32g0xx_hal_cortex.o
 .text.HAL_NVIC_SetPriority
                0x080014b8       0x2a ./Drivers/STM32G0xx_HAL_Driver/Src/stm32g0xx_hal_cortex.o
                0x080014b8                HAL_NVIC_SetPriority
 .text.HAL_SYSTICK_Config
                0x080014e2       0x1a ./Drivers/STM32G0xx_HAL_Driver/Src/stm32g0xx_hal_cortex.o
                0x080014e2                HAL_SYSTICK_Config
 .text.HAL_CRC_Init
                0x080014fc       0xcc ./Drivers/STM32G0xx_HAL_Driver/Src/stm32g0xx_hal_crc.o
                0x080014fc                HAL_CRC_Init
 .text.HAL_CRC_DeInit
                0x080015c8       0x5c ./Drivers/STM32G0xx_HAL_Driver/Src/stm32g0xx_hal_crc.o
                0x080015c8                HAL_CRC_DeInit
 .text.HAL_CRCEx_Polynomial_Set
                0x08001624       0xea ./Drivers/STM32G0xx_HAL_Driver/Src/stm32g0xx_hal_crc_ex.o
                0x08001624                HAL_CRCEx_Polynomial_Set
 *fill*         0x0800170e        0x2 
 .text.HAL_FLASH_Program
                0x08001710       0x9c ./Drivers/STM32G0xx_HAL_Driver/Src/stm32g0xx_hal_flash.o
                0x08001710                HAL_FLASH_Program
 .text.HAL_FLASH_Unlock
                0x080017ac       0x48 ./Drivers/STM32G0xx_HAL_Driver/Src/stm32g0xx_hal_flash.o
                0x080017ac                HAL_FLASH_Unlock
 .text.HAL_FLASH_Lock
                0x080017f4       0x44 ./Drivers/STM32G0xx_HAL_Driver/Src/stm32g0xx_hal_flash.o
                0x080017f4                HAL_FLASH_Lock
 .text.FLASH_WaitForLastOperation
                0x08001838       0x9c ./Drivers/STM32G0xx_HAL_Driver/Src/stm32g0xx_hal_flash.o
                0x08001838                FLASH_WaitForLastOperation
 .text.FLASH_Program_DoubleWord
                0x080018d4       0x40 ./Drivers/STM32G0xx_HAL_Driver/Src/stm32g0xx_hal_flash.o
 .text.HAL_FLASHEx_Erase
                0x08001914       0xe8 ./Drivers/STM32G0xx_HAL_Driver/Src/stm32g0xx_hal_flash_ex.o
                0x08001914                HAL_FLASHEx_Erase
 .text.FLASH_MassErase
                0x080019fc       0x28 ./Drivers/STM32G0xx_HAL_Driver/Src/stm32g0xx_hal_flash_ex.o
 .text.FLASH_PageErase
                0x08001a24       0x38 ./Drivers/STM32G0xx_HAL_Driver/Src/stm32g0xx_hal_flash_ex.o
                0x08001a24                FLASH_PageErase
 .text.HAL_GPIO_Init
                0x08001a5c      0x2c8 ./Drivers/STM32G0xx_HAL_Driver/Src/stm32g0xx_hal_gpio.o
                0x08001a5c                HAL_GPIO_Init
 .text.HAL_GPIO_WritePin
                0x08001d24       0x3a ./Drivers/STM32G0xx_HAL_Driver/Src/stm32g0xx_hal_gpio.o
                0x08001d24                HAL_GPIO_WritePin
 .text.LL_GPIO_SetPinMode
                0x08001d5e       0x38 ./Drivers/STM32G0xx_HAL_Driver/Src/stm32g0xx_ll_gpio.o
 .text.LL_GPIO_SetPinOutputType
                0x08001d96       0x2a ./Drivers/STM32G0xx_HAL_Driver/Src/stm32g0xx_ll_gpio.o
 .text.LL_GPIO_SetPinSpeed
                0x08001dc0       0x38 ./Drivers/STM32G0xx_HAL_Driver/Src/stm32g0xx_ll_gpio.o
 .text.LL_GPIO_SetPinPull
                0x08001df8       0x38 ./Drivers/STM32G0xx_HAL_Driver/Src/stm32g0xx_ll_gpio.o
 .text.LL_GPIO_SetAFPin_0_7
                0x08001e30       0x46 ./Drivers/STM32G0xx_HAL_Driver/Src/stm32g0xx_ll_gpio.o
 .text.LL_GPIO_SetAFPin_8_15
                0x08001e76       0x5a ./Drivers/STM32G0xx_HAL_Driver/Src/stm32g0xx_ll_gpio.o
 .text.LL_GPIO_Init
                0x08001ed0       0xb6 ./Drivers/STM32G0xx_HAL_Driver/Src/stm32g0xx_ll_gpio.o
                0x08001ed0                LL_GPIO_Init
 .text.LL_I2C_Enable
                0x08001f86       0x1c ./Drivers/STM32G0xx_HAL_Driver/Src/stm32g0xx_ll_i2c.o
 .text.LL_I2C_Disable
                0x08001fa2       0x1e ./Drivers/STM32G0xx_HAL_Driver/Src/stm32g0xx_ll_i2c.o
 .text.LL_I2C_ConfigFilters
                0x08001fc0       0x30 ./Drivers/STM32G0xx_HAL_Driver/Src/stm32g0xx_ll_i2c.o
 .text.LL_I2C_SetOwnAddress1
                0x08001ff0       0x28 ./Drivers/STM32G0xx_HAL_Driver/Src/stm32g0xx_ll_i2c.o
 .text.LL_I2C_EnableOwnAddress1
                0x08002018       0x1e ./Drivers/STM32G0xx_HAL_Driver/Src/stm32g0xx_ll_i2c.o
 *fill*         0x08002036        0x2 
 .text.LL_I2C_DisableOwnAddress1
                0x08002038       0x20 ./Drivers/STM32G0xx_HAL_Driver/Src/stm32g0xx_ll_i2c.o
 .text.LL_I2C_SetTiming
                0x08002058       0x18 ./Drivers/STM32G0xx_HAL_Driver/Src/stm32g0xx_ll_i2c.o
 .text.LL_I2C_SetMode
                0x08002070       0x28 ./Drivers/STM32G0xx_HAL_Driver/Src/stm32g0xx_ll_i2c.o
 .text.LL_I2C_AcknowledgeNextData
                0x08002098       0x28 ./Drivers/STM32G0xx_HAL_Driver/Src/stm32g0xx_ll_i2c.o
 .text.LL_APB1_GRP1_ForceReset
                0x080020c0       0x20 ./Drivers/STM32G0xx_HAL_Driver/Src/stm32g0xx_ll_i2c.o
 .text.LL_APB1_GRP1_ReleaseReset
                0x080020e0       0x24 ./Drivers/STM32G0xx_HAL_Driver/Src/stm32g0xx_ll_i2c.o
 .text.LL_I2C_DeInit
                0x08002104       0x6c ./Drivers/STM32G0xx_HAL_Driver/Src/stm32g0xx_ll_i2c.o
                0x08002104                LL_I2C_DeInit
 .text.LL_I2C_Init
                0x08002170       0x86 ./Drivers/STM32G0xx_HAL_Driver/Src/stm32g0xx_ll_i2c.o
                0x08002170                LL_I2C_Init
 *fill*         0x080021f6        0x2 
 .text.LL_RCC_HSE_IsReady
                0x080021f8       0x28 ./Drivers/STM32G0xx_HAL_Driver/Src/stm32g0xx_ll_rcc.o
 .text.LL_RCC_HSI_Enable
                0x08002220       0x1c ./Drivers/STM32G0xx_HAL_Driver/Src/stm32g0xx_ll_rcc.o
 .text.LL_RCC_HSI_IsReady
                0x0800223c       0x28 ./Drivers/STM32G0xx_HAL_Driver/Src/stm32g0xx_ll_rcc.o
 .text.LL_RCC_HSI_SetCalibTrimming
                0x08002264       0x2c ./Drivers/STM32G0xx_HAL_Driver/Src/stm32g0xx_ll_rcc.o
 .text.LL_RCC_PLL_IsReady
                0x08002290       0x28 ./Drivers/STM32G0xx_HAL_Driver/Src/stm32g0xx_ll_rcc.o
 .text.LL_RCC_DeInit
                0x080022b8       0x68 ./Drivers/STM32G0xx_HAL_Driver/Src/stm32g0xx_ll_rcc.o
                0x080022b8                LL_RCC_DeInit
 .text.LL_mDelay
                0x08002320       0x48 ./Drivers/STM32G0xx_HAL_Driver/Src/stm32g0xx_ll_utils.o
                0x08002320                LL_mDelay
 .text.LL_SetSystemCoreClock
                0x08002368       0x1c ./Drivers/STM32G0xx_HAL_Driver/Src/stm32g0xx_ll_utils.o
                0x08002368                LL_SetSystemCoreClock
 .text.memset   0x08002384       0x10 C:/CubeIDE/STM32CubeIDE_1.16.0/STM32CubeIDE/plugins/com.st.stm32cube.ide.mcu.externaltools.gnu-tools-for-stm32.12.3.rel1.win32_1.0.200.202406191623/tools/bin/../lib/gcc/arm-none-eabi/12.3.1/../../../../arm-none-eabi/lib/thumb/v6-m/nofp\libc_nano.a(libc_a-memset.o)
                0x08002384                memset
 .text.__libc_init_array
                0x08002394       0x48 C:/CubeIDE/STM32CubeIDE_1.16.0/STM32CubeIDE/plugins/com.st.stm32cube.ide.mcu.externaltools.gnu-tools-for-stm32.12.3.rel1.win32_1.0.200.202406191623/tools/bin/../lib/gcc/arm-none-eabi/12.3.1/../../../../arm-none-eabi/lib/thumb/v6-m/nofp\libc_nano.a(libc_a-init.o)
                0x08002394                __libc_init_array
 *(.glue_7)
 .glue_7        0x080023dc        0x0 linker stubs
 *(.glue_7t)
 .glue_7t       0x080023dc        0x0 linker stubs
 *(.eh_frame)
 .eh_frame      0x080023dc        0x0 C:/CubeIDE/STM32CubeIDE_1.16.0/STM32CubeIDE/plugins/com.st.stm32cube.ide.mcu.externaltools.gnu-tools-for-stm32.12.3.rel1.win32_1.0.200.202406191623/tools/bin/../lib/gcc/arm-none-eabi/12.3.1/thumb/v6-m/nofp/crtbegin.o
 *(.init)
 .init          0x080023dc        0x4 C:/CubeIDE/STM32CubeIDE_1.16.0/STM32CubeIDE/plugins/com.st.stm32cube.ide.mcu.externaltools.gnu-tools-for-stm32.12.3.rel1.win32_1.0.200.202406191623/tools/bin/../lib/gcc/arm-none-eabi/12.3.1/thumb/v6-m/nofp/crti.o
                0x080023dc                _init
 .init          0x080023e0        0x8 C:/CubeIDE/STM32CubeIDE_1.16.0/STM32CubeIDE/plugins/com.st.stm32cube.ide.mcu.externaltools.gnu-tools-for-stm32.12.3.rel1.win32_1.0.200.202406191623/tools/bin/../lib/gcc/arm-none-eabi/12.3.1/thumb/v6-m/nofp/crtn.o
 *(.fini)
 .fini          0x080023e8        0x4 C:/CubeIDE/STM32CubeIDE_1.16.0/STM32CubeIDE/plugins/com.st.stm32cube.ide.mcu.externaltools.gnu-tools-for-stm32.12.3.rel1.win32_1.0.200.202406191623/tools/bin/../lib/gcc/arm-none-eabi/12.3.1/thumb/v6-m/nofp/crti.o
                0x080023e8                _fini
 .fini          0x080023ec        0x8 C:/CubeIDE/STM32CubeIDE_1.16.0/STM32CubeIDE/plugins/com.st.stm32cube.ide.mcu.externaltools.gnu-tools-for-stm32.12.3.rel1.win32_1.0.200.202406191623/tools/bin/../lib/gcc/arm-none-eabi/12.3.1/thumb/v6-m/nofp/crtn.o
 *fill*         0x080023f4        0x4 
 .fini.__stub   0x080023f8       0x10 linker stubs
                0x08002408                        . = ALIGN (0x4)
                0x08002408                        _etext = .

.vfp11_veneer   0x08002408        0x0
 .vfp11_veneer  0x08002408        0x0 linker stubs

.v4_bx          0x08002408        0x0
 .v4_bx         0x08002408        0x0 linker stubs

.iplt           0x08002408        0x0
 .iplt          0x08002408        0x0 C:/CubeIDE/STM32CubeIDE_1.16.0/STM32CubeIDE/plugins/com.st.stm32cube.ide.mcu.externaltools.gnu-tools-for-stm32.12.3.rel1.win32_1.0.200.202406191623/tools/bin/../lib/gcc/arm-none-eabi/12.3.1/thumb/v6-m/nofp/crtbegin.o

.rodata         0x08002408        0x0
                0x08002408                        . = ALIGN (0x4)
 *(.rodata)
 *(.rodata*)
                0x08002408                        . = ALIGN (0x4)

.ARM.extab      0x08002408        0x0
                0x08002408                        . = ALIGN (0x4)
 *(.ARM.extab* .gnu.linkonce.armextab.*)
                0x08002408                        . = ALIGN (0x4)

.ARM            0x08002408        0x0
                0x08002408                        . = ALIGN (0x4)
                0x08002408                        __exidx_start = .
 *(.ARM.exidx*)
                0x08002408                        __exidx_end = .
                0x08002408                        . = ALIGN (0x4)

.preinit_array  0x08002408        0x0
                0x08002408                        . = ALIGN (0x4)
                0x08002408                        PROVIDE (__preinit_array_start = .)
 *(.preinit_array*)
                0x08002408                        PROVIDE (__preinit_array_end = .)
                0x08002408                        . = ALIGN (0x4)

.init_array     0x08002408        0x4
                0x08002408                        . = ALIGN (0x4)
                0x08002408                        PROVIDE (__init_array_start = .)
 *(SORT_BY_NAME(.init_array.*))
 *(.init_array*)
 .init_array    0x08002408        0x4 C:/CubeIDE/STM32CubeIDE_1.16.0/STM32CubeIDE/plugins/com.st.stm32cube.ide.mcu.externaltools.gnu-tools-for-stm32.12.3.rel1.win32_1.0.200.202406191623/tools/bin/../lib/gcc/arm-none-eabi/12.3.1/thumb/v6-m/nofp/crtbegin.o
                0x0800240c                        PROVIDE (__init_array_end = .)
                0x0800240c                        . = ALIGN (0x4)

.fini_array     0x0800240c        0x4
                0x0800240c                        . = ALIGN (0x4)
                [!provide]                        PROVIDE (__fini_array_start = .)
 *(SORT_BY_NAME(.fini_array.*))
 *(.fini_array*)
 .fini_array    0x0800240c        0x4 C:/CubeIDE/STM32CubeIDE_1.16.0/STM32CubeIDE/plugins/com.st.stm32cube.ide.mcu.externaltools.gnu-tools-for-stm32.12.3.rel1.win32_1.0.200.202406191623/tools/bin/../lib/gcc/arm-none-eabi/12.3.1/thumb/v6-m/nofp/crtbegin.o
                [!provide]                        PROVIDE (__fini_array_end = .)
                0x08002410                        . = ALIGN (0x4)
                0x08002410                        _sidata = LOADADDR (.data)

.rel.dyn        0x08002410        0x0
 .rel.iplt      0x08002410        0x0 C:/CubeIDE/STM32CubeIDE_1.16.0/STM32CubeIDE/plugins/com.st.stm32cube.ide.mcu.externaltools.gnu-tools-for-stm32.12.3.rel1.win32_1.0.200.202406191623/tools/bin/../lib/gcc/arm-none-eabi/12.3.1/thumb/v6-m/nofp/crtbegin.o

.data           0x20000000       0x94 load address 0x08002410
                0x20000000                        . = ALIGN (0x4)
                0x20000000                        _sdata = .
 *(.data)
 *(.data*)
 .data.SystemCoreClock
                0x20000000        0x4 ./Core/Src/system_stm32g0xx.o
                0x20000000                SystemCoreClock
 .data.uwTickPrio
                0x20000004        0x4 ./Drivers/STM32G0xx_HAL_Driver/Src/stm32g0xx_hal.o
                0x20000004                uwTickPrio
 .data.uwTickFreq
                0x20000008        0x1 ./Drivers/STM32G0xx_HAL_Driver/Src/stm32g0xx_hal.o
                0x20000008                uwTickFreq
 *(.RamFunc)
 *fill*         0x20000009        0x3 
 .RamFunc       0x2000000c       0x88 ./Drivers/STM32G0xx_HAL_Driver/Src/stm32g0xx_hal_flash.o
 *(.RamFunc*)
                0x20000094                        . = ALIGN (0x4)
                0x20000094                        _edata = .

.igot.plt       0x20000094        0x0 load address 0x080024a4
 .igot.plt      0x20000094        0x0 C:/CubeIDE/STM32CubeIDE_1.16.0/STM32CubeIDE/plugins/com.st.stm32cube.ide.mcu.externaltools.gnu-tools-for-stm32.12.3.rel1.win32_1.0.200.202406191623/tools/bin/../lib/gcc/arm-none-eabi/12.3.1/thumb/v6-m/nofp/crtbegin.o
                0x20000094                        . = ALIGN (0x4)

.bss            0x20000094      0x878 load address 0x080024a4
                0x20000094                        _sbss = .
                0x20000094                        __bss_start__ = _sbss
 *(.bss)
 .bss           0x20000094       0x1c C:/CubeIDE/STM32CubeIDE_1.16.0/STM32CubeIDE/plugins/com.st.stm32cube.ide.mcu.externaltools.gnu-tools-for-stm32.12.3.rel1.win32_1.0.200.202406191623/tools/bin/../lib/gcc/arm-none-eabi/12.3.1/thumb/v6-m/nofp/crtbegin.o
 *(.bss*)
 .bss.hcrc      0x200000b0       0x24 ./Core/Src/crc.o
                0x200000b0                hcrc
 .bss.I2C_Receive_Counter
                0x200000d4        0x2 ./Core/Src/main.o
                0x200000d4                I2C_Receive_Counter
 *fill*         0x200000d6        0x2 
 .bss.Receive_Buffer
                0x200000d8      0x808 ./Core/Src/main.o
                0x200000d8                Receive_Buffer
 .bss.i2c_event
                0x200008e0        0x1 ./Core/Src/main.o
                0x200008e0                i2c_event
 *fill*         0x200008e1        0x1 
 .bss.error     0x200008e2        0x2 ./Core/Src/main.o
                0x200008e2                error
 .bss.JumpAddress
                0x200008e4        0x4 ./Core/Src/main.o
                0x200008e4                JumpAddress
 .bss.JumpToApplication
                0x200008e8        0x4 ./Core/Src/main.o
                0x200008e8                JumpToApplication
 .bss.uwTick    0x200008ec        0x4 ./Drivers/STM32G0xx_HAL_Driver/Src/stm32g0xx_hal.o
                0x200008ec                uwTick
 .bss.pFlash    0x200008f0       0x1c ./Drivers/STM32G0xx_HAL_Driver/Src/stm32g0xx_hal_flash.o
                0x200008f0                pFlash
 *(COMMON)
                0x2000090c                        . = ALIGN (0x4)
                0x2000090c                        _ebss = .
                0x2000090c                        __bss_end__ = _ebss

._user_heap_stack
                0x2000090c      0x604 load address 0x080024a4
                0x20000910                        . = ALIGN (0x8)
 *fill*         0x2000090c        0x4 
                [!provide]                        PROVIDE (end = .)
                0x20000910                        PROVIDE (_end = .)
                0x20000b10                        . = (. + _Min_Heap_Size)
 *fill*         0x20000910      0x200 
                0x20000f10                        . = (. + _Min_Stack_Size)
 *fill*         0x20000b10      0x400 
                0x20000f10                        . = ALIGN (0x8)

/DISCARD/
 libc.a(*)
 libm.a(*)
 libgcc.a(*)

.ARM.attributes
                0x00000000       0x28
 *(.ARM.attributes)
 .ARM.attributes
                0x00000000       0x1e C:/CubeIDE/STM32CubeIDE_1.16.0/STM32CubeIDE/plugins/com.st.stm32cube.ide.mcu.externaltools.gnu-tools-for-stm32.12.3.rel1.win32_1.0.200.202406191623/tools/bin/../lib/gcc/arm-none-eabi/12.3.1/thumb/v6-m/nofp/crti.o
 .ARM.attributes
                0x0000001e       0x2c C:/CubeIDE/STM32CubeIDE_1.16.0/STM32CubeIDE/plugins/com.st.stm32cube.ide.mcu.externaltools.gnu-tools-for-stm32.12.3.rel1.win32_1.0.200.202406191623/tools/bin/../lib/gcc/arm-none-eabi/12.3.1/thumb/v6-m/nofp/crtbegin.o
 .ARM.attributes
                0x0000004a       0x2c ./Core/Src/crc.o
 .ARM.attributes
                0x00000076       0x2c ./Core/Src/gpio.o
 .ARM.attributes
                0x000000a2       0x2c ./Core/Src/i2c.o
 .ARM.attributes
                0x000000ce       0x2c ./Core/Src/main.o
 .ARM.attributes
                0x000000fa       0x2c ./Core/Src/stm32g0xx_hal_msp.o
 .ARM.attributes
                0x00000126       0x2c ./Core/Src/stm32g0xx_it.o
 .ARM.attributes
                0x00000152       0x2c ./Core/Src/system_stm32g0xx.o
 .ARM.attributes
                0x0000017e       0x22 ./Core/Startup/startup_stm32g030f6px.o
 .ARM.attributes
                0x000001a0       0x2c ./Drivers/STM32G0xx_HAL_Driver/Src/stm32g0xx_hal.o
 .ARM.attributes
                0x000001cc       0x2c ./Drivers/STM32G0xx_HAL_Driver/Src/stm32g0xx_hal_cortex.o
 .ARM.attributes
                0x000001f8       0x2c ./Drivers/STM32G0xx_HAL_Driver/Src/stm32g0xx_hal_crc.o
 .ARM.attributes
                0x00000224       0x2c ./Drivers/STM32G0xx_HAL_Driver/Src/stm32g0xx_hal_crc_ex.o
 .ARM.attributes
                0x00000250       0x2c ./Drivers/STM32G0xx_HAL_Driver/Src/stm32g0xx_hal_flash.o
 .ARM.attributes
                0x0000027c       0x2c ./Drivers/STM32G0xx_HAL_Driver/Src/stm32g0xx_hal_flash_ex.o
 .ARM.attributes
                0x000002a8       0x2c ./Drivers/STM32G0xx_HAL_Driver/Src/stm32g0xx_hal_gpio.o
 .ARM.attributes
                0x000002d4       0x2c ./Drivers/STM32G0xx_HAL_Driver/Src/stm32g0xx_ll_gpio.o
 .ARM.attributes
                0x00000300       0x2c ./Drivers/STM32G0xx_HAL_Driver/Src/stm32g0xx_ll_i2c.o
 .ARM.attributes
                0x0000032c       0x2c ./Drivers/STM32G0xx_HAL_Driver/Src/stm32g0xx_ll_rcc.o
 .ARM.attributes
                0x00000358       0x2c ./Drivers/STM32G0xx_HAL_Driver/Src/stm32g0xx_ll_utils.o
 .ARM.attributes
                0x00000384       0x2c C:/CubeIDE/STM32CubeIDE_1.16.0/STM32CubeIDE/plugins/com.st.stm32cube.ide.mcu.externaltools.gnu-tools-for-stm32.12.3.rel1.win32_1.0.200.202406191623/tools/bin/../lib/gcc/arm-none-eabi/12.3.1/../../../../arm-none-eabi/lib/thumb/v6-m/nofp\libc_nano.a(libc_a-memset.o)
 .ARM.attributes
                0x000003b0       0x2c C:/CubeIDE/STM32CubeIDE_1.16.0/STM32CubeIDE/plugins/com.st.stm32cube.ide.mcu.externaltools.gnu-tools-for-stm32.12.3.rel1.win32_1.0.200.202406191623/tools/bin/../lib/gcc/arm-none-eabi/12.3.1/../../../../arm-none-eabi/lib/thumb/v6-m/nofp\libc_nano.a(libc_a-init.o)
 .ARM.attributes
                0x000003dc       0x1e C:/CubeIDE/STM32CubeIDE_1.16.0/STM32CubeIDE/plugins/com.st.stm32cube.ide.mcu.externaltools.gnu-tools-for-stm32.12.3.rel1.win32_1.0.200.202406191623/tools/bin/../lib/gcc/arm-none-eabi/12.3.1/thumb/v6-m/nofp\libgcc.a(_udivsi3.o)
 .ARM.attributes
                0x000003fa       0x1e C:/CubeIDE/STM32CubeIDE_1.16.0/STM32CubeIDE/plugins/com.st.stm32cube.ide.mcu.externaltools.gnu-tools-for-stm32.12.3.rel1.win32_1.0.200.202406191623/tools/bin/../lib/gcc/arm-none-eabi/12.3.1/thumb/v6-m/nofp\libgcc.a(_dvmd_tls.o)
 .ARM.attributes
                0x00000418       0x1e C:/CubeIDE/STM32CubeIDE_1.16.0/STM32CubeIDE/plugins/com.st.stm32cube.ide.mcu.externaltools.gnu-tools-for-stm32.12.3.rel1.win32_1.0.200.202406191623/tools/bin/../lib/gcc/arm-none-eabi/12.3.1/thumb/v6-m/nofp/crtn.o
OUTPUT(audio_iap.elf elf32-littlearm)
LOAD linker stubs
LOAD C:/CubeIDE/STM32CubeIDE_1.16.0/STM32CubeIDE/plugins/com.st.stm32cube.ide.mcu.externaltools.gnu-tools-for-stm32.12.3.rel1.win32_1.0.200.202406191623/tools/bin/../lib/gcc/arm-none-eabi/12.3.1/../../../../arm-none-eabi/lib/thumb/v6-m/nofp\libc.a
LOAD C:/CubeIDE/STM32CubeIDE_1.16.0/STM32CubeIDE/plugins/com.st.stm32cube.ide.mcu.externaltools.gnu-tools-for-stm32.12.3.rel1.win32_1.0.200.202406191623/tools/bin/../lib/gcc/arm-none-eabi/12.3.1/../../../../arm-none-eabi/lib/thumb/v6-m/nofp\libm.a
LOAD C:/CubeIDE/STM32CubeIDE_1.16.0/STM32CubeIDE/plugins/com.st.stm32cube.ide.mcu.externaltools.gnu-tools-for-stm32.12.3.rel1.win32_1.0.200.202406191623/tools/bin/../lib/gcc/arm-none-eabi/12.3.1/thumb/v6-m/nofp\libgcc.a

.debug_info     0x00000000     0x72ad
 .debug_info    0x00000000      0x47e ./Core/Src/crc.o
 .debug_info    0x0000047e      0x248 ./Core/Src/gpio.o
 .debug_info    0x000006c6      0x92c ./Core/Src/i2c.o
 .debug_info    0x00000ff2     0x1394 ./Core/Src/main.o
 .debug_info    0x00002386      0x265 ./Core/Src/stm32g0xx_hal_msp.o
 .debug_info    0x000025eb      0x12c ./Core/Src/stm32g0xx_it.o
 .debug_info    0x00002717      0x316 ./Core/Src/system_stm32g0xx.o
 .debug_info    0x00002a2d       0x30 ./Core/Startup/startup_stm32g030f6px.o
 .debug_info    0x00002a5d      0x8f0 ./Drivers/STM32G0xx_HAL_Driver/Src/stm32g0xx_hal.o
 .debug_info    0x0000334d      0x8a9 ./Drivers/STM32G0xx_HAL_Driver/Src/stm32g0xx_hal_cortex.o
 .debug_info    0x00003bf6      0x548 ./Drivers/STM32G0xx_HAL_Driver/Src/stm32g0xx_hal_crc.o
 .debug_info    0x0000413e      0x35b ./Drivers/STM32G0xx_HAL_Driver/Src/stm32g0xx_hal_crc_ex.o
 .debug_info    0x00004499      0x63e ./Drivers/STM32G0xx_HAL_Driver/Src/stm32g0xx_hal_flash.o
 .debug_info    0x00004ad7      0x633 ./Drivers/STM32G0xx_HAL_Driver/Src/stm32g0xx_hal_flash_ex.o
 .debug_info    0x0000510a      0x59d ./Drivers/STM32G0xx_HAL_Driver/Src/stm32g0xx_hal_gpio.o
 .debug_info    0x000056a7      0x5e2 ./Drivers/STM32G0xx_HAL_Driver/Src/stm32g0xx_ll_gpio.o
 .debug_info    0x00005c89      0x602 ./Drivers/STM32G0xx_HAL_Driver/Src/stm32g0xx_ll_i2c.o
 .debug_info    0x0000628b      0x764 ./Drivers/STM32G0xx_HAL_Driver/Src/stm32g0xx_ll_rcc.o
 .debug_info    0x000069ef      0x8be ./Drivers/STM32G0xx_HAL_Driver/Src/stm32g0xx_ll_utils.o

.debug_abbrev   0x00000000     0x227b
 .debug_abbrev  0x00000000      0x1b1 ./Core/Src/crc.o
 .debug_abbrev  0x000001b1       0xd2 ./Core/Src/gpio.o
 .debug_abbrev  0x00000283      0x1d3 ./Core/Src/i2c.o
 .debug_abbrev  0x00000456      0x427 ./Core/Src/main.o
 .debug_abbrev  0x0000087d       0xdd ./Core/Src/stm32g0xx_hal_msp.o
 .debug_abbrev  0x0000095a       0xab ./Core/Src/stm32g0xx_it.o
 .debug_abbrev  0x00000a05      0x119 ./Core/Src/system_stm32g0xx.o
 .debug_abbrev  0x00000b1e       0x24 ./Core/Startup/startup_stm32g030f6px.o
 .debug_abbrev  0x00000b42      0x2b4 ./Drivers/STM32G0xx_HAL_Driver/Src/stm32g0xx_hal.o
 .debug_abbrev  0x00000df6      0x2ab ./Drivers/STM32G0xx_HAL_Driver/Src/stm32g0xx_hal_cortex.o
 .debug_abbrev  0x000010a1      0x1de ./Drivers/STM32G0xx_HAL_Driver/Src/stm32g0xx_hal_crc.o
 .debug_abbrev  0x0000127f      0x137 ./Drivers/STM32G0xx_HAL_Driver/Src/stm32g0xx_hal_crc_ex.o
 .debug_abbrev  0x000013b6      0x2f8 ./Drivers/STM32G0xx_HAL_Driver/Src/stm32g0xx_hal_flash.o
 .debug_abbrev  0x000016ae      0x25f ./Drivers/STM32G0xx_HAL_Driver/Src/stm32g0xx_hal_flash_ex.o
 .debug_abbrev  0x0000190d      0x1c3 ./Drivers/STM32G0xx_HAL_Driver/Src/stm32g0xx_hal_gpio.o
 .debug_abbrev  0x00001ad0      0x1ad ./Drivers/STM32G0xx_HAL_Driver/Src/stm32g0xx_ll_gpio.o
 .debug_abbrev  0x00001c7d      0x18a ./Drivers/STM32G0xx_HAL_Driver/Src/stm32g0xx_ll_i2c.o
 .debug_abbrev  0x00001e07      0x239 ./Drivers/STM32G0xx_HAL_Driver/Src/stm32g0xx_ll_rcc.o
 .debug_abbrev  0x00002040      0x23b ./Drivers/STM32G0xx_HAL_Driver/Src/stm32g0xx_ll_utils.o

.debug_aranges  0x00000000      0x970
 .debug_aranges
                0x00000000       0x30 ./Core/Src/crc.o
 .debug_aranges
                0x00000030       0x20 ./Core/Src/gpio.o
 .debug_aranges
                0x00000050       0x68 ./Core/Src/i2c.o
 .debug_aranges
                0x000000b8      0x108 ./Core/Src/main.o
 .debug_aranges
                0x000001c0       0x20 ./Core/Src/stm32g0xx_hal_msp.o
 .debug_aranges
                0x000001e0       0x48 ./Core/Src/stm32g0xx_it.o
 .debug_aranges
                0x00000228       0x28 ./Core/Src/system_stm32g0xx.o
 .debug_aranges
                0x00000250       0x28 ./Core/Startup/startup_stm32g030f6px.o
 .debug_aranges
                0x00000278      0x100 ./Drivers/STM32G0xx_HAL_Driver/Src/stm32g0xx_hal.o
 .debug_aranges
                0x00000378       0xe8 ./Drivers/STM32G0xx_HAL_Driver/Src/stm32g0xx_hal_cortex.o
 .debug_aranges
                0x00000460       0x60 ./Drivers/STM32G0xx_HAL_Driver/Src/stm32g0xx_hal_crc.o
 .debug_aranges
                0x000004c0       0x30 ./Drivers/STM32G0xx_HAL_Driver/Src/stm32g0xx_hal_crc_ex.o
 .debug_aranges
                0x000004f0       0x88 ./Drivers/STM32G0xx_HAL_Driver/Src/stm32g0xx_hal_flash.o
 .debug_aranges
                0x00000578       0x88 ./Drivers/STM32G0xx_HAL_Driver/Src/stm32g0xx_hal_flash_ex.o
 .debug_aranges
                0x00000600       0x60 ./Drivers/STM32G0xx_HAL_Driver/Src/stm32g0xx_hal_gpio.o
 .debug_aranges
                0x00000660       0x70 ./Drivers/STM32G0xx_HAL_Driver/Src/stm32g0xx_ll_gpio.o
 .debug_aranges
                0x000006d0       0x88 ./Drivers/STM32G0xx_HAL_Driver/Src/stm32g0xx_ll_i2c.o
 .debug_aranges
                0x00000758      0x130 ./Drivers/STM32G0xx_HAL_Driver/Src/stm32g0xx_ll_rcc.o
 .debug_aranges
                0x00000888       0xe8 ./Drivers/STM32G0xx_HAL_Driver/Src/stm32g0xx_ll_utils.o

.debug_rnglists
                0x00000000      0x6d7
 .debug_rnglists
                0x00000000       0x1f ./Core/Src/crc.o
 .debug_rnglists
                0x0000001f       0x13 ./Core/Src/gpio.o
 .debug_rnglists
                0x00000032       0x4b ./Core/Src/i2c.o
 .debug_rnglists
                0x0000007d       0xc6 ./Core/Src/main.o
 .debug_rnglists
                0x00000143       0x13 ./Core/Src/stm32g0xx_hal_msp.o
 .debug_rnglists
                0x00000156       0x31 ./Core/Src/stm32g0xx_it.o
 .debug_rnglists
                0x00000187       0x1a ./Core/Src/system_stm32g0xx.o
 .debug_rnglists
                0x000001a1       0x19 ./Core/Startup/startup_stm32g030f6px.o
 .debug_rnglists
                0x000001ba       0xbc ./Drivers/STM32G0xx_HAL_Driver/Src/stm32g0xx_hal.o
 .debug_rnglists
                0x00000276       0xaa ./Drivers/STM32G0xx_HAL_Driver/Src/stm32g0xx_hal_cortex.o
 .debug_rnglists
                0x00000320       0x47 ./Drivers/STM32G0xx_HAL_Driver/Src/stm32g0xx_hal_crc.o
 .debug_rnglists
                0x00000367       0x20 ./Drivers/STM32G0xx_HAL_Driver/Src/stm32g0xx_hal_crc_ex.o
 .debug_rnglists
                0x00000387       0x66 ./Drivers/STM32G0xx_HAL_Driver/Src/stm32g0xx_hal_flash.o
 .debug_rnglists
                0x000003ed       0x64 ./Drivers/STM32G0xx_HAL_Driver/Src/stm32g0xx_hal_flash_ex.o
 .debug_rnglists
                0x00000451       0x45 ./Drivers/STM32G0xx_HAL_Driver/Src/stm32g0xx_hal_gpio.o
 .debug_rnglists
                0x00000496       0x51 ./Drivers/STM32G0xx_HAL_Driver/Src/stm32g0xx_ll_gpio.o
 .debug_rnglists
                0x000004e7       0x62 ./Drivers/STM32G0xx_HAL_Driver/Src/stm32g0xx_ll_i2c.o
 .debug_rnglists
                0x00000549       0xe1 ./Drivers/STM32G0xx_HAL_Driver/Src/stm32g0xx_ll_rcc.o
 .debug_rnglists
                0x0000062a       0xad ./Drivers/STM32G0xx_HAL_Driver/Src/stm32g0xx_ll_utils.o

.debug_macro    0x00000000    0x155d5
 .debug_macro   0x00000000      0x22f ./Core/Src/crc.o
 .debug_macro   0x0000022f      0xa90 ./Core/Src/crc.o
 .debug_macro   0x00000cbf      0x117 ./Core/Src/crc.o
 .debug_macro   0x00000dd6       0x2e ./Core/Src/crc.o
 .debug_macro   0x00000e04       0x28 ./Core/Src/crc.o
 .debug_macro   0x00000e2c       0x22 ./Core/Src/crc.o
 .debug_macro   0x00000e4e       0x8e ./Core/Src/crc.o
 .debug_macro   0x00000edc       0x51 ./Core/Src/crc.o
 .debug_macro   0x00000f2d      0x103 ./Core/Src/crc.o
 .debug_macro   0x00001030       0x6a ./Core/Src/crc.o
 .debug_macro   0x0000109a      0x1df ./Core/Src/crc.o
 .debug_macro   0x00001279       0x1c ./Core/Src/crc.o
 .debug_macro   0x00001295       0x22 ./Core/Src/crc.o
 .debug_macro   0x000012b7       0xd1 ./Core/Src/crc.o
 .debug_macro   0x00001388      0x4da ./Core/Src/crc.o
 .debug_macro   0x00001862      0x11f ./Core/Src/crc.o
 .debug_macro   0x00001981     0xa0e8 ./Core/Src/crc.o
 .debug_macro   0x0000ba69       0x66 ./Core/Src/crc.o
 .debug_macro   0x0000bacf     0x350e ./Core/Src/crc.o
 .debug_macro   0x0000efdd      0x189 ./Core/Src/crc.o
 .debug_macro   0x0000f166       0x5c ./Core/Src/crc.o
 .debug_macro   0x0000f1c2      0x470 ./Core/Src/crc.o
 .debug_macro   0x0000f632      0xe1a ./Core/Src/crc.o
 .debug_macro   0x0001044c      0x106 ./Core/Src/crc.o
 .debug_macro   0x00010552      0x1cf ./Core/Src/crc.o
 .debug_macro   0x00010721       0xff ./Core/Src/crc.o
 .debug_macro   0x00010820      0x33c ./Core/Src/crc.o
 .debug_macro   0x00010b5c      0x209 ./Core/Src/crc.o
 .debug_macro   0x00010d65      0x2c7 ./Core/Src/crc.o
 .debug_macro   0x0001102c      0x198 ./Core/Src/crc.o
 .debug_macro   0x000111c4       0x43 ./Core/Src/crc.o
 .debug_macro   0x00011207      0x1f1 ./Core/Src/crc.o
 .debug_macro   0x000113f8       0xc7 ./Core/Src/crc.o
 .debug_macro   0x000114bf       0x4c ./Core/Src/crc.o
 .debug_macro   0x0001150b      0x1d6 ./Core/Src/crc.o
 .debug_macro   0x000116e1      0x2a3 ./Core/Src/crc.o
 .debug_macro   0x00011984       0x28 ./Core/Src/crc.o
 .debug_macro   0x000119ac       0xcf ./Core/Src/crc.o
 .debug_macro   0x00011a7b       0xff ./Core/Src/crc.o
 .debug_macro   0x00011b7a      0x10d ./Core/Src/crc.o
 .debug_macro   0x00011c87      0x412 ./Core/Src/crc.o
 .debug_macro   0x00012099      0x24d ./Core/Src/crc.o
 .debug_macro   0x000122e6       0xd3 ./Core/Src/crc.o
 .debug_macro   0x000123b9      0x12c ./Core/Src/crc.o
 .debug_macro   0x000124e5      0x177 ./Core/Src/crc.o
 .debug_macro   0x0001265c      0x174 ./Core/Src/crc.o
 .debug_macro   0x000127d0       0x5a ./Core/Src/crc.o
 .debug_macro   0x0001282a      0x159 ./Core/Src/crc.o
 .debug_macro   0x00012983      0x131 ./Core/Src/crc.o
 .debug_macro   0x00012ab4      0x22f ./Core/Src/gpio.o
 .debug_macro   0x00012ce3      0x22f ./Core/Src/i2c.o
 .debug_macro   0x00012f12      0x341 ./Core/Src/main.o
 .debug_macro   0x00013253      0x225 ./Core/Src/stm32g0xx_hal_msp.o
 .debug_macro   0x00013478      0x22f ./Core/Src/stm32g0xx_it.o
 .debug_macro   0x000136a7      0x1cb ./Core/Src/system_stm32g0xx.o
 .debug_macro   0x00013872      0x1e9 ./Drivers/STM32G0xx_HAL_Driver/Src/stm32g0xx_hal.o
 .debug_macro   0x00013a5b      0x1cb ./Drivers/STM32G0xx_HAL_Driver/Src/stm32g0xx_hal_cortex.o
 .debug_macro   0x00013c26      0x1cb ./Drivers/STM32G0xx_HAL_Driver/Src/stm32g0xx_hal_crc.o
 .debug_macro   0x00013df1      0x1cb ./Drivers/STM32G0xx_HAL_Driver/Src/stm32g0xx_hal_crc_ex.o
 .debug_macro   0x00013fbc      0x1cb ./Drivers/STM32G0xx_HAL_Driver/Src/stm32g0xx_hal_flash.o
 .debug_macro   0x00014187      0x1cb ./Drivers/STM32G0xx_HAL_Driver/Src/stm32g0xx_hal_flash_ex.o
 .debug_macro   0x00014352      0x1d2 ./Drivers/STM32G0xx_HAL_Driver/Src/stm32g0xx_hal_gpio.o
 .debug_macro   0x00014524      0x20d ./Drivers/STM32G0xx_HAL_Driver/Src/stm32g0xx_ll_gpio.o
 .debug_macro   0x00014731      0x12b ./Drivers/STM32G0xx_HAL_Driver/Src/stm32g0xx_ll_gpio.o
 .debug_macro   0x0001485c      0x20d ./Drivers/STM32G0xx_HAL_Driver/Src/stm32g0xx_ll_i2c.o
 .debug_macro   0x00014a69      0x247 ./Drivers/STM32G0xx_HAL_Driver/Src/stm32g0xx_ll_i2c.o
 .debug_macro   0x00014cb0      0x1f3 ./Drivers/STM32G0xx_HAL_Driver/Src/stm32g0xx_ll_rcc.o
 .debug_macro   0x00014ea3      0x46a ./Drivers/STM32G0xx_HAL_Driver/Src/stm32g0xx_ll_rcc.o
 .debug_macro   0x0001530d      0x274 ./Drivers/STM32G0xx_HAL_Driver/Src/stm32g0xx_ll_utils.o
 .debug_macro   0x00015581       0x54 ./Drivers/STM32G0xx_HAL_Driver/Src/stm32g0xx_ll_utils.o

.debug_line     0x00000000     0xb4d1
 .debug_line    0x00000000      0x84a ./Core/Src/crc.o
 .debug_line    0x0000084a      0x7f8 ./Core/Src/gpio.o
 .debug_line    0x00001042      0x9b1 ./Core/Src/i2c.o
 .debug_line    0x000019f3      0xe65 ./Core/Src/main.o
 .debug_line    0x00002858      0x7fd ./Core/Src/stm32g0xx_hal_msp.o
 .debug_line    0x00003055      0x874 ./Core/Src/stm32g0xx_it.o
 .debug_line    0x000038c9      0x7b5 ./Core/Src/system_stm32g0xx.o
 .debug_line    0x0000407e       0x7b ./Core/Startup/startup_stm32g030f6px.o
 .debug_line    0x000040f9      0xa70 ./Drivers/STM32G0xx_HAL_Driver/Src/stm32g0xx_hal.o
 .debug_line    0x00004b69      0xb90 ./Drivers/STM32G0xx_HAL_Driver/Src/stm32g0xx_hal_cortex.o
 .debug_line    0x000056f9      0xa83 ./Drivers/STM32G0xx_HAL_Driver/Src/stm32g0xx_hal_crc.o
 .debug_line    0x0000617c      0x7fe ./Drivers/STM32G0xx_HAL_Driver/Src/stm32g0xx_hal_crc_ex.o
 .debug_line    0x0000697a      0xa95 ./Drivers/STM32G0xx_HAL_Driver/Src/stm32g0xx_hal_flash.o
 .debug_line    0x0000740f      0xa87 ./Drivers/STM32G0xx_HAL_Driver/Src/stm32g0xx_hal_flash_ex.o
 .debug_line    0x00007e96      0xb74 ./Drivers/STM32G0xx_HAL_Driver/Src/stm32g0xx_hal_gpio.o
 .debug_line    0x00008a0a      0x902 ./Drivers/STM32G0xx_HAL_Driver/Src/stm32g0xx_ll_gpio.o
 .debug_line    0x0000930c      0x919 ./Drivers/STM32G0xx_HAL_Driver/Src/stm32g0xx_ll_i2c.o
 .debug_line    0x00009c25      0xd04 ./Drivers/STM32G0xx_HAL_Driver/Src/stm32g0xx_ll_rcc.o
 .debug_line    0x0000a929      0xba8 ./Drivers/STM32G0xx_HAL_Driver/Src/stm32g0xx_ll_utils.o

.debug_str      0x00000000    0x7cfd7
 .debug_str     0x00000000    0x795d5 ./Core/Src/crc.o
                              0x79b2f (size before relaxing)
 .debug_str     0x000795d5       0x2c ./Core/Src/gpio.o
                              0x7992f (size before relaxing)
 .debug_str     0x00079601      0x3df ./Core/Src/i2c.o
                              0x79d82 (size before relaxing)
 .debug_str     0x000799e0      0xe07 ./Core/Src/main.o
                              0x7ac3b (size before relaxing)
 .debug_str     0x0007a7e7       0x2c ./Core/Src/stm32g0xx_hal_msp.o
                              0x7992f (size before relaxing)
 .debug_str     0x0007a813       0x82 ./Core/Src/stm32g0xx_it.o
                              0x798bd (size before relaxing)
 .debug_str     0x0007a895       0x7e ./Core/Src/system_stm32g0xx.o
                              0x757ee (size before relaxing)
 .debug_str     0x0007a913       0x44 ./Core/Startup/startup_stm32g030f6px.o
                                 0x71 (size before relaxing)
 .debug_str     0x0007a957      0x3fb ./Drivers/STM32G0xx_HAL_Driver/Src/stm32g0xx_hal.o
                              0x75e79 (size before relaxing)
 .debug_str     0x0007ad52      0x266 ./Drivers/STM32G0xx_HAL_Driver/Src/stm32g0xx_hal_cortex.o
                              0x75c40 (size before relaxing)
 .debug_str     0x0007afb8       0xaa ./Drivers/STM32G0xx_HAL_Driver/Src/stm32g0xx_hal_crc.o
                              0x75987 (size before relaxing)
 .debug_str     0x0007b062       0x69 ./Drivers/STM32G0xx_HAL_Driver/Src/stm32g0xx_hal_crc_ex.o
                              0x7592d (size before relaxing)
 .debug_str     0x0007b0cb      0x1e3 ./Drivers/STM32G0xx_HAL_Driver/Src/stm32g0xx_hal_flash.o
                              0x759fc (size before relaxing)
 .debug_str     0x0007b2ae      0x1df ./Drivers/STM32G0xx_HAL_Driver/Src/stm32g0xx_hal_flash_ex.o
                              0x75a23 (size before relaxing)
 .debug_str     0x0007b48d      0x112 ./Drivers/STM32G0xx_HAL_Driver/Src/stm32g0xx_hal_gpio.o
                              0x75923 (size before relaxing)
 .debug_str     0x0007b59f      0x53a ./Drivers/STM32G0xx_HAL_Driver/Src/stm32g0xx_ll_gpio.o
                              0x7699e (size before relaxing)
 .debug_str     0x0007bad9      0x3c4 ./Drivers/STM32G0xx_HAL_Driver/Src/stm32g0xx_ll_i2c.o
                              0x77116 (size before relaxing)
 .debug_str     0x0007be9d      0x50c ./Drivers/STM32G0xx_HAL_Driver/Src/stm32g0xx_ll_rcc.o
                              0x75d25 (size before relaxing)
 .debug_str     0x0007c3a9      0xc2e ./Drivers/STM32G0xx_HAL_Driver/Src/stm32g0xx_ll_utils.o
                              0x77712 (size before relaxing)

.comment        0x00000000       0x43
 .comment       0x00000000       0x43 ./Core/Src/crc.o
                                 0x44 (size before relaxing)
 .comment       0x00000043       0x44 ./Core/Src/gpio.o
 .comment       0x00000043       0x44 ./Core/Src/i2c.o
 .comment       0x00000043       0x44 ./Core/Src/main.o
 .comment       0x00000043       0x44 ./Core/Src/stm32g0xx_hal_msp.o
 .comment       0x00000043       0x44 ./Core/Src/stm32g0xx_it.o
 .comment       0x00000043       0x44 ./Core/Src/system_stm32g0xx.o
 .comment       0x00000043       0x44 ./Drivers/STM32G0xx_HAL_Driver/Src/stm32g0xx_hal.o
 .comment       0x00000043       0x44 ./Drivers/STM32G0xx_HAL_Driver/Src/stm32g0xx_hal_cortex.o
 .comment       0x00000043       0x44 ./Drivers/STM32G0xx_HAL_Driver/Src/stm32g0xx_hal_crc.o
 .comment       0x00000043       0x44 ./Drivers/STM32G0xx_HAL_Driver/Src/stm32g0xx_hal_crc_ex.o
 .comment       0x00000043       0x44 ./Drivers/STM32G0xx_HAL_Driver/Src/stm32g0xx_hal_flash.o
 .comment       0x00000043       0x44 ./Drivers/STM32G0xx_HAL_Driver/Src/stm32g0xx_hal_flash_ex.o
 .comment       0x00000043       0x44 ./Drivers/STM32G0xx_HAL_Driver/Src/stm32g0xx_hal_gpio.o
 .comment       0x00000043       0x44 ./Drivers/STM32G0xx_HAL_Driver/Src/stm32g0xx_ll_gpio.o
 .comment       0x00000043       0x44 ./Drivers/STM32G0xx_HAL_Driver/Src/stm32g0xx_ll_i2c.o
 .comment       0x00000043       0x44 ./Drivers/STM32G0xx_HAL_Driver/Src/stm32g0xx_ll_rcc.o
 .comment       0x00000043       0x44 ./Drivers/STM32G0xx_HAL_Driver/Src/stm32g0xx_ll_utils.o

.debug_frame    0x00000000     0x1ed0
 .debug_frame   0x00000000       0x6c ./Core/Src/crc.o
 .debug_frame   0x0000006c       0x30 ./Core/Src/gpio.o
 .debug_frame   0x0000009c      0x150 ./Core/Src/i2c.o
 .debug_frame   0x000001ec      0x3a4 ./Core/Src/main.o
 .debug_frame   0x00000590       0x30 ./Core/Src/stm32g0xx_hal_msp.o
 .debug_frame   0x000005c0       0xb8 ./Core/Src/stm32g0xx_it.o
 .debug_frame   0x00000678       0x4c ./Core/Src/system_stm32g0xx.o
 .debug_frame   0x000006c4      0x360 ./Drivers/STM32G0xx_HAL_Driver/Src/stm32g0xx_hal.o
 .debug_frame   0x00000a24      0x33c ./Drivers/STM32G0xx_HAL_Driver/Src/stm32g0xx_hal_cortex.o
 .debug_frame   0x00000d60      0x130 ./Drivers/STM32G0xx_HAL_Driver/Src/stm32g0xx_hal_crc.o
 .debug_frame   0x00000e90       0x70 ./Drivers/STM32G0xx_HAL_Driver/Src/stm32g0xx_hal_crc_ex.o
 .debug_frame   0x00000f00      0x1d4 ./Drivers/STM32G0xx_HAL_Driver/Src/stm32g0xx_hal_flash.o
 .debug_frame   0x000010d4      0x1d4 ./Drivers/STM32G0xx_HAL_Driver/Src/stm32g0xx_hal_flash_ex.o
 .debug_frame   0x000012a8      0x130 ./Drivers/STM32G0xx_HAL_Driver/Src/stm32g0xx_hal_gpio.o
 .debug_frame   0x000013d8      0x170 ./Drivers/STM32G0xx_HAL_Driver/Src/stm32g0xx_ll_gpio.o
 .debug_frame   0x00001548      0x1d0 ./Drivers/STM32G0xx_HAL_Driver/Src/stm32g0xx_ll_i2c.o
 .debug_frame   0x00001718      0x428 ./Drivers/STM32G0xx_HAL_Driver/Src/stm32g0xx_ll_rcc.o
 .debug_frame   0x00001b40      0x324 ./Drivers/STM32G0xx_HAL_Driver/Src/stm32g0xx_ll_utils.o
 .debug_frame   0x00001e64       0x20 C:/CubeIDE/STM32CubeIDE_1.16.0/STM32CubeIDE/plugins/com.st.stm32cube.ide.mcu.externaltools.gnu-tools-for-stm32.12.3.rel1.win32_1.0.200.202406191623/tools/bin/../lib/gcc/arm-none-eabi/12.3.1/../../../../arm-none-eabi/lib/thumb/v6-m/nofp\libc_nano.a(libc_a-memset.o)
 .debug_frame   0x00001e84       0x2c C:/CubeIDE/STM32CubeIDE_1.16.0/STM32CubeIDE/plugins/com.st.stm32cube.ide.mcu.externaltools.gnu-tools-for-stm32.12.3.rel1.win32_1.0.200.202406191623/tools/bin/../lib/gcc/arm-none-eabi/12.3.1/../../../../arm-none-eabi/lib/thumb/v6-m/nofp\libc_nano.a(libc_a-init.o)
 .debug_frame   0x00001eb0       0x20 C:/CubeIDE/STM32CubeIDE_1.16.0/STM32CubeIDE/plugins/com.st.stm32cube.ide.mcu.externaltools.gnu-tools-for-stm32.12.3.rel1.win32_1.0.200.202406191623/tools/bin/../lib/gcc/arm-none-eabi/12.3.1/thumb/v6-m/nofp\libgcc.a(_udivsi3.o)

.debug_line_str
                0x00000000       0x55
 .debug_line_str
                0x00000000       0x55 ./Core/Startup/startup_stm32g030f6px.o
